<?xml version="1.0" encoding="utf-8"?>
<CoverageSession xmlns:xsd="http://www.w3.org/2001/XMLSchema" xmlns:xsi="http://www.w3.org/2001/XMLSchema-instance">
  <Summary numSequencePoints="0" visitedSequencePoints="0" numBranchPoints="0" visitedBranchPoints="0" sequenceCoverage="0" branchCoverage="0" maxCyclomaticComplexity="0" minCyclomaticComplexity="0" visitedClasses="0" numClasses="0" visitedMethods="0" numMethods="0" />
  <Modules>
    <Module skippedDueTo="Filter" hash="2F-88-A9-BB-B6-16-36-10-AC-73-83-54-44-F5-17-12-E0-9F-03-28">
      <ModulePath>c:\program files\dotnet\shared\Microsoft.NETCore.App\2.0.0\System.Private.CoreLib.dll</ModulePath>
      <ModuleTime>2017-07-20T19:22:08Z</ModuleTime>
      <ModuleName>System.Private.CoreLib</ModuleName>
      <Classes />
    </Module>
    <Module skippedDueTo="Filter" hash="8D-DD-AE-8D-3E-36-05-88-86-F1-A0-DF-F4-81-14-CB-67-DC-DF-1A">
      <ModulePath>c:\program files\dotnet\sdk\2.0.0\dotnet.dll</ModulePath>
      <ModuleTime>2017-08-03T15:38:10Z</ModuleTime>
      <ModuleName>dotnet</ModuleName>
      <Classes />
    </Module>
    <Module skippedDueTo="Filter" hash="B1-9D-98-DD-3C-A1-89-69-AC-7E-F1-16-E9-88-3F-F4-4C-77-AB-38">
      <ModulePath>c:\program files\dotnet\shared\Microsoft.NETCore.App\2.0.0\System.Runtime.dll</ModulePath>
      <ModuleTime>2017-07-20T19:22:08Z</ModuleTime>
      <ModuleName>System.Runtime</ModuleName>
      <Classes />
    </Module>
    <Module skippedDueTo="Filter" hash="2F-A2-C3-6C-F6-A3-2A-6E-53-71-40-01-62-37-30-49-FA-DF-7C-A9">
      <ModulePath>c:\program files\dotnet\sdk\2.0.0\Microsoft.DotNet.Cli.Utils.dll</ModulePath>
      <ModuleTime>2017-08-03T15:38:12Z</ModuleTime>
      <ModuleName>Microsoft.DotNet.Cli.Utils</ModuleName>
      <Classes />
    </Module>
    <Module skippedDueTo="Filter" hash="3C-7A-96-F0-F0-0A-AB-CF-4A-F1-7F-84-AD-D1-CC-8A-89-FB-43-30">
      <ModulePath>c:\program files\dotnet\shared\Microsoft.NETCore.App\2.0.0\System.Runtime.Extensions.dll</ModulePath>
      <ModuleTime>2017-07-20T19:22:08Z</ModuleTime>
      <ModuleName>System.Runtime.Extensions</ModuleName>
      <Classes />
    </Module>
    <Module skippedDueTo="Filter" hash="6D-5A-04-73-28-C9-26-1C-E8-75-84-50-BF-FF-76-AC-5A-9E-28-48">
      <ModulePath>c:\program files\dotnet\shared\Microsoft.NETCore.App\2.0.0\System.Runtime.InteropServices.RuntimeInformation.dll</ModulePath>
      <ModuleTime>2017-07-20T19:22:08Z</ModuleTime>
      <ModuleName>System.Runtime.InteropServices.RuntimeInformation</ModuleName>
      <Classes />
    </Module>
    <Module skippedDueTo="Filter" hash="45-E9-3D-14-67-92-EB-4A-1C-CC-E2-01-D2-6C-A1-29-4A-C8-C1-1E">
      <ModulePath>c:\program files\dotnet\shared\Microsoft.NETCore.App\2.0.0\System.Reflection.Extensions.dll</ModulePath>
      <ModuleTime>2017-07-20T19:22:08Z</ModuleTime>
      <ModuleName>System.Reflection.Extensions</ModuleName>
      <Classes />
    </Module>
    <Module skippedDueTo="Filter" hash="24-D5-33-36-52-51-67-A0-24-3D-22-95-32-23-DA-6D-B4-16-CD-CB">
      <ModulePath>c:\program files\dotnet\shared\Microsoft.NETCore.App\2.0.0\System.Reflection.dll</ModulePath>
      <ModuleTime>2017-07-20T19:22:08Z</ModuleTime>
      <ModuleName>System.Reflection</ModuleName>
      <Classes />
    </Module>
    <Module skippedDueTo="Filter" hash="26-B6-2A-48-3A-C2-D7-FF-90-A6-A4-40-4C-01-ED-9D-D5-81-FF-AF">
      <ModulePath>c:\program files\dotnet\sdk\2.0.0\Microsoft.DotNet.PlatformAbstractions.dll</ModulePath>
      <ModuleTime>2017-08-03T15:38:12Z</ModuleTime>
      <ModuleName>Microsoft.DotNet.PlatformAbstractions</ModuleName>
      <Classes />
    </Module>
    <Module skippedDueTo="Filter" hash="42-05-10-61-0A-00-05-FA-1F-EB-04-C9-F9-DD-2C-D4-89-87-3F-B1">
      <ModulePath>c:\program files\dotnet\shared\Microsoft.NETCore.App\2.0.0\System.Runtime.InteropServices.dll</ModulePath>
      <ModuleTime>2017-07-20T19:22:08Z</ModuleTime>
      <ModuleName>System.Runtime.InteropServices</ModuleName>
      <Classes />
    </Module>
    <Module skippedDueTo="Filter" hash="89-70-E9-C9-2D-15-5F-35-A4-A6-47-48-86-2C-E8-14-EC-34-B9-9F">
      <ModulePath>c:\program files\dotnet\shared\Microsoft.NETCore.App\2.0.0\System.IO.FileSystem.dll</ModulePath>
      <ModuleTime>2017-07-20T19:22:06Z</ModuleTime>
      <ModuleName>System.IO.FileSystem</ModuleName>
      <Classes />
    </Module>
    <Module skippedDueTo="Filter" hash="7F-86-D1-E6-14-45-A7-32-BF-F5-26-4C-B3-4B-72-A0-1B-F2-EF-62">
      <ModulePath>c:\program files\dotnet\shared\Microsoft.NETCore.App\2.0.0\System.Runtime.Loader.dll</ModulePath>
      <ModuleTime>2017-07-20T19:22:08Z</ModuleTime>
      <ModuleName>System.Runtime.Loader</ModuleName>
      <Classes />
    </Module>
    <Module skippedDueTo="Filter" hash="5E-96-DB-E2-7C-19-54-CE-21-6C-89-F7-91-DE-7E-4F-B0-9A-C3-7B">
      <ModulePath>c:\program files\dotnet\sdk\2.0.0\runtimes\win\lib\netstandard1.3\System.Text.Encoding.CodePages.dll</ModulePath>
      <ModuleTime>2017-08-03T15:38:16Z</ModuleTime>
      <ModuleName>System.Text.Encoding.CodePages</ModuleName>
      <Classes />
    </Module>
    <Module skippedDueTo="Filter" hash="71-55-8B-F9-57-BC-B0-34-9A-F8-A2-C8-58-A4-C7-74-EC-A4-CD-9C">
      <ModulePath>c:\program files\dotnet\shared\Microsoft.NETCore.App\2.0.0\System.Text.Encoding.dll</ModulePath>
      <ModuleTime>2017-07-20T19:22:08Z</ModuleTime>
      <ModuleName>System.Text.Encoding</ModuleName>
      <Classes />
    </Module>
    <Module skippedDueTo="Filter" hash="F6-9B-26-AA-03-02-E2-D8-6A-A8-43-4E-56-E5-60-DE-59-F9-52-D2">
      <ModulePath>c:\program files\dotnet\shared\Microsoft.NETCore.App\2.0.0\System.Collections.dll</ModulePath>
      <ModuleTime>2017-07-20T19:22:06Z</ModuleTime>
      <ModuleName>System.Collections</ModuleName>
      <Classes />
    </Module>
    <Module skippedDueTo="Filter" hash="EB-18-C3-43-11-91-EB-51-F0-4E-50-91-DE-EC-A3-6F-E7-CE-D9-3E">
      <ModulePath>c:\program files\dotnet\shared\Microsoft.NETCore.App\2.0.0\System.Threading.dll</ModulePath>
      <ModuleTime>2017-07-20T19:22:08Z</ModuleTime>
      <ModuleName>System.Threading</ModuleName>
      <Classes />
    </Module>
    <Module skippedDueTo="Filter" hash="8B-99-E8-F0-CD-95-95-B0-68-10-D4-3A-CB-A1-0A-BE-38-66-BE-13">
      <ModulePath>c:\program files\dotnet\shared\Microsoft.NETCore.App\2.0.0\System.Collections.Concurrent.dll</ModulePath>
      <ModuleTime>2017-07-20T19:22:06Z</ModuleTime>
      <ModuleName>System.Collections.Concurrent</ModuleName>
      <Classes />
    </Module>
    <Module skippedDueTo="Filter" hash="92-A1-00-E7-E2-BF-4D-F7-95-CB-46-C2-DF-CC-15-61-47-27-B2-9F">
      <ModulePath>c:\program files\dotnet\shared\Microsoft.NETCore.App\2.0.0\System.Threading.Thread.dll</ModulePath>
      <ModuleTime>2017-07-20T19:22:08Z</ModuleTime>
      <ModuleName>System.Threading.Thread</ModuleName>
      <Classes />
    </Module>
    <Module skippedDueTo="Filter" hash="80-F3-31-87-AA-BE-F0-08-E2-C4-7C-2D-76-97-05-5F-96-6C-E3-CE">
      <ModulePath>c:\program files\dotnet\shared\Microsoft.NETCore.App\2.0.0\System.Linq.dll</ModulePath>
      <ModuleTime>2017-07-20T19:22:06Z</ModuleTime>
      <ModuleName>System.Linq</ModuleName>
      <Classes />
    </Module>
    <Module skippedDueTo="Filter" hash="F7-D7-B4-FC-2C-07-D8-B3-03-0A-2D-EC-2B-24-59-88-4D-A8-9D-6B">
      <ModulePath>c:\program files\dotnet\shared\Microsoft.NETCore.App\2.0.0\System.Diagnostics.Process.dll</ModulePath>
      <ModuleTime>2017-07-20T19:22:06Z</ModuleTime>
      <ModuleName>System.Diagnostics.Process</ModuleName>
      <Classes />
    </Module>
    <Module skippedDueTo="Filter" hash="2E-35-22-68-5A-D9-36-15-EC-F3-74-A3-8F-CF-4A-C8-78-CE-3D-CC">
      <ModulePath>c:\program files\dotnet\sdk\2.0.0\Microsoft.DotNet.Configurer.dll</ModulePath>
      <ModuleTime>2017-08-03T15:38:12Z</ModuleTime>
      <ModuleName>Microsoft.DotNet.Configurer</ModuleName>
      <Classes />
    </Module>
    <Module skippedDueTo="Filter" hash="A9-35-05-17-48-B6-02-2A-7D-91-FC-4B-90-29-11-57-7E-06-AC-62">
      <ModulePath>c:\program files\dotnet\shared\Microsoft.NETCore.App\2.0.0\System.AppContext.dll</ModulePath>
      <ModuleTime>2017-07-20T19:22:06Z</ModuleTime>
      <ModuleName>System.AppContext</ModuleName>
      <Classes />
    </Module>
    <Module skippedDueTo="Filter" hash="EC-0B-8B-39-3F-4D-BE-88-95-7B-93-F6-A4-A9-66-41-9E-C9-48-9B">
      <ModulePath>c:\program files\dotnet\sdk\2.0.0\Microsoft.DotNet.InternalAbstractions.dll</ModulePath>
      <ModuleTime>2017-08-03T15:38:12Z</ModuleTime>
      <ModuleName>Microsoft.DotNet.InternalAbstractions</ModuleName>
      <Classes />
    </Module>
    <Module skippedDueTo="Filter" hash="2A-C9-25-F3-D5-15-6C-B1-09-A6-1F-DA-0F-51-0B-96-DE-24-F6-E0">
      <ModulePath>c:\program files\dotnet\shared\Microsoft.NETCore.App\2.0.0\System.IO.FileSystem.Primitives.dll</ModulePath>
      <ModuleTime>2017-07-20T19:22:06Z</ModuleTime>
      <ModuleName>System.IO.FileSystem.Primitives</ModuleName>
      <Classes />
    </Module>
    <Module skippedDueTo="Filter" hash="2D-70-CB-62-DA-FC-A2-6C-E4-9F-F1-DB-4C-3B-9A-34-20-80-E4-06">
      <ModulePath>c:\program files\dotnet\shared\Microsoft.NETCore.App\2.0.0\System.IO.dll</ModulePath>
      <ModuleTime>2017-07-20T19:22:06Z</ModuleTime>
      <ModuleName>System.IO</ModuleName>
      <Classes />
    </Module>
    <Module skippedDueTo="Filter" hash="61-6F-28-76-46-18-91-8F-1F-DF-4A-71-89-22-3D-AD-27-58-DF-F4">
      <ModulePath>c:\program files\dotnet\sdk\2.0.0\NuGet.Frameworks.dll</ModulePath>
      <ModuleTime>2017-08-03T15:38:14Z</ModuleTime>
      <ModuleName>NuGet.Frameworks</ModuleName>
      <Classes />
    </Module>
    <Module skippedDueTo="Filter" hash="4B-B8-F7-36-81-46-46-AC-52-E9-F6-F0-10-B0-D4-A7-39-49-E6-A5">
      <ModulePath>c:\program files\dotnet\shared\Microsoft.NETCore.App\2.0.0\System.Console.dll</ModulePath>
      <ModuleTime>2017-07-20T19:22:06Z</ModuleTime>
      <ModuleName>System.Console</ModuleName>
      <Classes />
    </Module>
    <Module skippedDueTo="Filter" hash="76-A3-0C-AD-28-11-DC-81-BA-2D-4B-C3-06-E4-74-7F-83-3A-B3-DF">
      <ModulePath>c:\program files\dotnet\shared\Microsoft.NETCore.App\2.0.0\System.Runtime.Handles.dll</ModulePath>
      <ModuleTime>2017-07-20T19:22:08Z</ModuleTime>
      <ModuleName>System.Runtime.Handles</ModuleName>
      <Classes />
    </Module>
    <Module skippedDueTo="Filter" hash="FB-85-16-BA-B9-27-D4-54-BE-3D-21-48-B1-DC-3D-6E-22-5E-D1-D6">
      <ModulePath>c:\program files\dotnet\sdk\2.0.0\Microsoft.ApplicationInsights.dll</ModulePath>
      <ModuleTime>2017-08-03T15:38:10Z</ModuleTime>
      <ModuleName>Microsoft.ApplicationInsights</ModuleName>
      <Classes />
    </Module>
    <Module skippedDueTo="Filter" hash="DD-8D-C4-9B-06-85-CC-53-A2-C6-FD-C1-8A-18-54-DF-36-F2-BB-FB">
      <ModulePath>c:\program files\dotnet\sdk\2.0.0\Microsoft.DotNet.Cli.CommandLine.dll</ModulePath>
      <ModuleTime>2017-08-03T15:38:12Z</ModuleTime>
      <ModuleName>Microsoft.DotNet.Cli.CommandLine</ModuleName>
      <Classes />
    </Module>
    <Module skippedDueTo="Filter" hash="B8-E0-1C-46-05-EF-1C-0F-0F-1D-3C-D4-89-4D-08-3A-89-36-F3-E5">
      <ModulePath>c:\program files\dotnet\shared\Microsoft.NETCore.App\2.0.0\System.Xml.XDocument.dll</ModulePath>
      <ModuleTime>2017-07-20T19:22:08Z</ModuleTime>
      <ModuleName>System.Xml.XDocument</ModuleName>
      <Classes />
    </Module>
    <Module skippedDueTo="Filter" hash="2E-3F-98-9F-F8-96-78-BA-71-3A-6A-0C-9C-B3-D0-39-1E-46-25-10">
      <ModulePath>c:\program files\dotnet\shared\Microsoft.NETCore.App\2.0.0\System.Text.RegularExpressions.dll</ModulePath>
      <ModuleTime>2017-07-20T19:22:08Z</ModuleTime>
      <ModuleName>System.Text.RegularExpressions</ModuleName>
      <Classes />
    </Module>
    <Module skippedDueTo="Filter" hash="DD-F6-D3-A5-01-A8-F6-AC-1B-A1-E9-B5-7C-53-43-D4-64-1C-30-53">
      <ModulePath>c:\program files\dotnet\shared\Microsoft.NETCore.App\2.0.0\System.Private.Xml.Linq.dll</ModulePath>
      <ModuleTime>2017-07-20T19:22:08Z</ModuleTime>
      <ModuleName>System.Private.Xml.Linq</ModuleName>
      <Classes />
    </Module>
    <Module skippedDueTo="Filter" hash="A0-2C-E4-67-65-31-2F-52-34-BE-1B-B5-8E-F0-03-96-33-5C-4A-E3">
      <ModulePath>c:\program files\dotnet\shared\Microsoft.NETCore.App\2.0.0\System.Diagnostics.Tracing.dll</ModulePath>
      <ModuleTime>2017-07-20T19:22:06Z</ModuleTime>
      <ModuleName>System.Diagnostics.Tracing</ModuleName>
      <Classes />
    </Module>
    <Module skippedDueTo="Filter" hash="EF-01-0C-C7-04-7B-55-8E-E4-3A-33-93-09-C2-FB-42-94-A0-43-B7">
      <ModulePath>c:\program files\dotnet\shared\Microsoft.NETCore.App\2.0.0\System.Threading.Tasks.dll</ModulePath>
      <ModuleTime>2017-07-20T19:22:08Z</ModuleTime>
      <ModuleName>System.Threading.Tasks</ModuleName>
      <Classes />
    </Module>
    <Module skippedDueTo="Filter" hash="FA-2B-87-A5-50-E5-4F-A1-C0-7E-53-1F-0B-F1-52-F1-E9-38-1F-38">
      <ModulePath>c:\program files\dotnet\shared\Microsoft.NETCore.App\2.0.0\System.Private.Uri.dll</ModulePath>
      <ModuleTime>2017-07-20T19:22:08Z</ModuleTime>
      <ModuleName>System.Private.Uri</ModuleName>
      <Classes />
    </Module>
    <Module skippedDueTo="Filter" hash="3E-2C-80-45-4B-5B-8B-5F-09-84-82-17-AA-7B-43-BF-3F-43-55-D2">
      <ModulePath>c:\program files\dotnet\shared\Microsoft.NETCore.App\2.0.0\System.Resources.ResourceManager.dll</ModulePath>
      <ModuleTime>2017-07-20T19:22:08Z</ModuleTime>
      <ModuleName>System.Resources.ResourceManager</ModuleName>
      <Classes />
    </Module>
    <Module skippedDueTo="Filter" hash="1A-86-6A-63-E5-E4-A8-C1-9A-8E-83-36-6B-F9-6E-F6-93-91-40-E4">
      <ModulePath>c:\program files\dotnet\sdk\2.0.0\pt-BR\dotnet.resources.dll</ModulePath>
      <ModuleTime>2017-08-03T15:38:10Z</ModuleTime>
      <ModuleName>dotnet.resources</ModuleName>
      <Classes />
    </Module>
    <Module skippedDueTo="Filter" hash="E3-81-62-71-AF-62-BF-D6-2E-93-05-8A-3E-99-BB-FB-36-5D-96-70">
      <ModulePath>c:\program files\dotnet\sdk\2.0.0\Microsoft.Build.Utilities.Core.dll</ModulePath>
      <ModuleTime>2017-08-03T15:38:12Z</ModuleTime>
      <ModuleName>Microsoft.Build.Utilities.Core</ModuleName>
      <Classes />
    </Module>
    <Module skippedDueTo="Filter" hash="C9-76-59-7E-4F-55-2C-7F-D7-4D-12-64-B0-AD-A3-21-9B-EA-90-B3">
      <ModulePath>c:\program files\dotnet\sdk\2.0.0\Microsoft.Build.Framework.dll</ModulePath>
      <ModuleTime>2017-08-03T15:38:10Z</ModuleTime>
      <ModuleName>Microsoft.Build.Framework</ModuleName>
      <Classes />
    </Module>
    <Module skippedDueTo="Filter" hash="E6-69-68-08-E2-62-0F-85-F0-BE-8F-4D-51-D1-88-8E-81-FD-73-0B">
      <ModulePath>c:\program files\dotnet\shared\Microsoft.NETCore.App\2.0.0\System.Globalization.dll</ModulePath>
      <ModuleTime>2017-07-20T19:22:06Z</ModuleTime>
      <ModuleName>System.Globalization</ModuleName>
      <Classes />
    </Module>
    <Module skippedDueTo="Filter" hash="86-5B-86-E2-06-81-2C-73-3B-6D-BC-9C-E7-90-26-27-45-9D-47-99">
      <ModulePath>c:\program files\dotnet\shared\Microsoft.NETCore.App\2.0.0\System.ComponentModel.Primitives.dll</ModulePath>
      <ModuleTime>2017-07-20T19:22:06Z</ModuleTime>
      <ModuleName>System.ComponentModel.Primitives</ModuleName>
      <Classes />
    </Module>
    <Module skippedDueTo="Filter" hash="1D-2D-98-E4-A2-F2-43-8E-21-6C-72-DF-A8-3D-26-3C-24-D6-D9-12">
      <ModulePath>c:\program files\dotnet\shared\Microsoft.NETCore.App\2.0.0\System.Security.Cryptography.Algorithms.dll</ModulePath>
      <ModuleTime>2017-07-20T19:22:08Z</ModuleTime>
      <ModuleName>System.Security.Cryptography.Algorithms</ModuleName>
      <Classes />
    </Module>
    <Module skippedDueTo="Filter" hash="C9-B1-4A-54-97-4E-1E-D7-82-8B-E9-17-E9-56-A6-83-32-BF-A1-41">
      <ModulePath>c:\program files\dotnet\shared\Microsoft.NETCore.App\2.0.0\System.Security.Cryptography.Primitives.dll</ModulePath>
      <ModuleTime>2017-07-20T19:22:08Z</ModuleTime>
      <ModuleName>System.Security.Cryptography.Primitives</ModuleName>
      <Classes />
    </Module>
    <Module skippedDueTo="Filter" hash="85-74-21-EC-76-BB-C4-A6-3A-AE-CE-60-C8-82-FC-E5-4F-88-33-73">
      <ModulePath>c:\program files\dotnet\shared\Microsoft.NETCore.App\2.0.0\System.Diagnostics.Tools.dll</ModulePath>
      <ModuleTime>2017-07-20T19:22:06Z</ModuleTime>
      <ModuleName>System.Diagnostics.Tools</ModuleName>
      <Classes />
    </Module>
    <Module skippedDueTo="Filter" hash="AB-3C-81-B8-F6-36-BB-7C-8D-F5-C8-0A-7F-23-6E-13-4F-0E-D5-62">
      <ModulePath>c:\program files\dotnet\shared\Microsoft.NETCore.App\2.0.0\System.Diagnostics.Debug.dll</ModulePath>
      <ModuleTime>2017-07-20T19:22:06Z</ModuleTime>
      <ModuleName>System.Diagnostics.Debug</ModuleName>
      <Classes />
    </Module>
    <Module skippedDueTo="Filter" hash="EE-F7-12-04-F9-F9-02-18-2C-FA-A5-20-0B-E5-40-DC-C9-BA-47-4F">
      <ModulePath>c:\program files\dotnet\shared\Microsoft.NETCore.App\2.0.0\System.IO.Compression.dll</ModulePath>
      <ModuleTime>2017-07-20T19:22:06Z</ModuleTime>
      <ModuleName>System.IO.Compression</ModuleName>
      <Classes />
    </Module>
    <Module skippedDueTo="Filter" hash="CD-43-5A-53-5F-46-5A-61-F0-49-BE-B7-F3-EA-0F-20-AD-1A-8D-C6">
      <ModulePath>c:\program files\dotnet\shared\Microsoft.NETCore.App\2.0.0\System.Buffers.dll</ModulePath>
      <ModuleTime>2017-07-20T19:22:06Z</ModuleTime>
      <ModuleName>System.Buffers</ModuleName>
      <Classes />
    </Module>
    <Module skippedDueTo="Filter" hash="D3-F6-1A-F1-57-F1-04-F9-6E-11-BB-94-3E-86-F5-C3-6D-06-04-E2">
      <ModulePath>c:\program files\dotnet\shared\Microsoft.NETCore.App\2.0.0\System.Text.Encoding.Extensions.dll</ModulePath>
      <ModuleTime>2017-07-20T19:22:08Z</ModuleTime>
      <ModuleName>System.Text.Encoding.Extensions</ModuleName>
      <Classes />
    </Module>
    <Module skippedDueTo="Filter" hash="CD-6B-BC-AF-EF-21-6A-54-B4-B0-81-FD-3E-17-A9-EA-BA-D0-23-3D">
      <ModulePath>c:\program files\dotnet\shared\Microsoft.NETCore.App\2.0.0\System.Net.Http.dll</ModulePath>
      <ModuleTime>2017-07-20T19:22:06Z</ModuleTime>
      <ModuleName>System.Net.Http</ModuleName>
      <Classes />
    </Module>
    <Module skippedDueTo="Filter" hash="5F-EC-41-41-AB-49-88-F8-F1-2A-13-23-4A-59-C7-E1-C4-B9-7B-57">
      <ModulePath>c:\program files\dotnet\shared\Microsoft.NETCore.App\2.0.0\System.Net.Primitives.dll</ModulePath>
      <ModuleTime>2017-07-20T19:22:08Z</ModuleTime>
      <ModuleName>System.Net.Primitives</ModuleName>
      <Classes />
    </Module>
    <Module skippedDueTo="Filter" hash="AE-65-E4-FB-FE-67-FA-05-AA-9C-A5-D5-B0-AF-33-CC-AF-92-9B-35">
      <ModulePath>c:\program files\dotnet\shared\Microsoft.NETCore.App\2.0.0\System.Diagnostics.DiagnosticSource.dll</ModulePath>
      <ModuleTime>2017-07-20T19:22:06Z</ModuleTime>
      <ModuleName>System.Diagnostics.DiagnosticSource</ModuleName>
      <Classes />
    </Module>
    <Module skippedDueTo="Filter" hash="2F-88-A9-BB-B6-16-36-10-AC-73-83-54-44-F5-17-12-E0-9F-03-28">
      <ModulePath>c:\program files\dotnet\shared\Microsoft.NETCore.App\2.0.0\System.Private.CoreLib.dll</ModulePath>
      <ModuleTime>2017-07-20T19:22:08Z</ModuleTime>
      <ModuleName>System.Private.CoreLib</ModuleName>
      <Classes />
    </Module>
    <Module skippedDueTo="Filter" hash="94-15-48-19-F1-3C-5A-72-8C-BC-69-73-B7-42-21-90-E4-5A-A9-B9">
      <ModulePath>c:\program files\dotnet\shared\Microsoft.NETCore.App\2.0.0\System.Security.Cryptography.X509Certificates.dll</ModulePath>
      <ModuleTime>2017-07-20T19:22:08Z</ModuleTime>
      <ModuleName>System.Security.Cryptography.X509Certificates</ModuleName>
      <Classes />
    </Module>
    <Module skippedDueTo="Filter" hash="11-29-0C-F8-CE-73-3F-3E-06-AF-A0-16-05-96-4D-5A-A7-6A-DF-C2">
      <ModulePath>c:\program files\dotnet\shared\Microsoft.NETCore.App\2.0.0\System.Collections.NonGeneric.dll</ModulePath>
      <ModuleTime>2017-07-20T19:22:06Z</ModuleTime>
      <ModuleName>System.Collections.NonGeneric</ModuleName>
      <Classes />
    </Module>
    <Module skippedDueTo="Filter" hash="C2-7C-25-2E-25-69-A6-E0-6B-01-C4-3A-7D-43-93-42-F3-12-F9-09">
      <ModulePath>c:\program files\dotnet\sdk\2.0.0\MSBuild.dll</ModulePath>
      <ModuleTime>2017-08-03T15:38:14Z</ModuleTime>
      <ModuleName>MSBuild</ModuleName>
      <Classes />
    </Module>
    <Module skippedDueTo="Filter" hash="B1-9D-98-DD-3C-A1-89-69-AC-7E-F1-16-E9-88-3F-F4-4C-77-AB-38">
      <ModulePath>c:\program files\dotnet\shared\Microsoft.NETCore.App\2.0.0\System.Runtime.dll</ModulePath>
      <ModuleTime>2017-07-20T19:22:08Z</ModuleTime>
      <ModuleName>System.Runtime</ModuleName>
      <Classes />
    </Module>
    <Module skippedDueTo="Filter" hash="EB-18-C3-43-11-91-EB-51-F0-4E-50-91-DE-EC-A3-6F-E7-CE-D9-3E">
      <ModulePath>c:\program files\dotnet\shared\Microsoft.NETCore.App\2.0.0\System.Threading.dll</ModulePath>
      <ModuleTime>2017-07-20T19:22:08Z</ModuleTime>
      <ModuleName>System.Threading</ModuleName>
      <Classes />
    </Module>
    <Module skippedDueTo="Filter" hash="24-D5-33-36-52-51-67-A0-24-3D-22-95-32-23-DA-6D-B4-16-CD-CB">
      <ModulePath>c:\program files\dotnet\shared\Microsoft.NETCore.App\2.0.0\System.Reflection.dll</ModulePath>
      <ModuleTime>2017-07-20T19:22:08Z</ModuleTime>
      <ModuleName>System.Reflection</ModuleName>
      <Classes />
    </Module>
    <Module skippedDueTo="Filter" hash="4A-A3-9A-94-A3-C6-3B-8F-C1-2F-D9-CC-68-D2-E4-8C-AE-50-F4-F1">
      <ModulePath>c:\program files\dotnet\shared\Microsoft.NETCore.App\2.0.0\System.Reflection.TypeExtensions.dll</ModulePath>
      <ModuleTime>2017-07-20T19:22:08Z</ModuleTime>
      <ModuleName>System.Reflection.TypeExtensions</ModuleName>
      <Classes />
    </Module>
    <Module skippedDueTo="Filter" hash="3C-7A-96-F0-F0-0A-AB-CF-4A-F1-7F-84-AD-D1-CC-8A-89-FB-43-30">
      <ModulePath>c:\program files\dotnet\shared\Microsoft.NETCore.App\2.0.0\System.Runtime.Extensions.dll</ModulePath>
      <ModuleTime>2017-07-20T19:22:08Z</ModuleTime>
      <ModuleName>System.Runtime.Extensions</ModuleName>
      <Classes />
    </Module>
    <Module skippedDueTo="Filter" hash="F7-D7-B4-FC-2C-07-D8-B3-03-0A-2D-EC-2B-24-59-88-4D-A8-9D-6B">
      <ModulePath>c:\program files\dotnet\shared\Microsoft.NETCore.App\2.0.0\System.Diagnostics.Process.dll</ModulePath>
      <ModuleTime>2017-07-20T19:22:06Z</ModuleTime>
      <ModuleName>System.Diagnostics.Process</ModuleName>
      <Classes />
    </Module>
    <Module skippedDueTo="Filter" hash="86-5B-86-E2-06-81-2C-73-3B-6D-BC-9C-E7-90-26-27-45-9D-47-99">
      <ModulePath>c:\program files\dotnet\shared\Microsoft.NETCore.App\2.0.0\System.ComponentModel.Primitives.dll</ModulePath>
      <ModuleTime>2017-07-20T19:22:06Z</ModuleTime>
      <ModuleName>System.ComponentModel.Primitives</ModuleName>
      <Classes />
    </Module>
    <Module skippedDueTo="Filter" hash="42-05-10-61-0A-00-05-FA-1F-EB-04-C9-F9-DD-2C-D4-89-87-3F-B1">
      <ModulePath>c:\program files\dotnet\shared\Microsoft.NETCore.App\2.0.0\System.Runtime.InteropServices.dll</ModulePath>
      <ModuleTime>2017-07-20T19:22:08Z</ModuleTime>
      <ModuleName>System.Runtime.InteropServices</ModuleName>
      <Classes />
    </Module>
    <Module skippedDueTo="Filter" hash="11-29-0C-F8-CE-73-3F-3E-06-AF-A0-16-05-96-4D-5A-A7-6A-DF-C2">
      <ModulePath>c:\program files\dotnet\shared\Microsoft.NETCore.App\2.0.0\System.Collections.NonGeneric.dll</ModulePath>
      <ModuleTime>2017-07-20T19:22:06Z</ModuleTime>
      <ModuleName>System.Collections.NonGeneric</ModuleName>
      <Classes />
    </Module>
    <Module skippedDueTo="Filter" hash="80-F3-31-87-AA-BE-F0-08-E2-C4-7C-2D-76-97-05-5F-96-6C-E3-CE">
      <ModulePath>c:\program files\dotnet\shared\Microsoft.NETCore.App\2.0.0\System.Linq.dll</ModulePath>
      <ModuleTime>2017-07-20T19:22:06Z</ModuleTime>
      <ModuleName>System.Linq</ModuleName>
      <Classes />
    </Module>
    <Module skippedDueTo="Filter" hash="6D-5A-04-73-28-C9-26-1C-E8-75-84-50-BF-FF-76-AC-5A-9E-28-48">
      <ModulePath>c:\program files\dotnet\shared\Microsoft.NETCore.App\2.0.0\System.Runtime.InteropServices.RuntimeInformation.dll</ModulePath>
      <ModuleTime>2017-07-20T19:22:08Z</ModuleTime>
      <ModuleName>System.Runtime.InteropServices.RuntimeInformation</ModuleName>
      <Classes />
    </Module>
    <Module skippedDueTo="Filter" hash="2E-3F-98-9F-F8-96-78-BA-71-3A-6A-0C-9C-B3-D0-39-1E-46-25-10">
      <ModulePath>c:\program files\dotnet\shared\Microsoft.NETCore.App\2.0.0\System.Text.RegularExpressions.dll</ModulePath>
      <ModuleTime>2017-07-20T19:22:08Z</ModuleTime>
      <ModuleName>System.Text.RegularExpressions</ModuleName>
      <Classes />
    </Module>
    <Module skippedDueTo="Filter" hash="89-70-E9-C9-2D-15-5F-35-A4-A6-47-48-86-2C-E8-14-EC-34-B9-9F">
      <ModulePath>c:\program files\dotnet\shared\Microsoft.NETCore.App\2.0.0\System.IO.FileSystem.dll</ModulePath>
      <ModuleTime>2017-07-20T19:22:06Z</ModuleTime>
      <ModuleName>System.IO.FileSystem</ModuleName>
      <Classes />
    </Module>
    <Module skippedDueTo="Filter" hash="F6-9B-26-AA-03-02-E2-D8-6A-A8-43-4E-56-E5-60-DE-59-F9-52-D2">
      <ModulePath>c:\program files\dotnet\shared\Microsoft.NETCore.App\2.0.0\System.Collections.dll</ModulePath>
      <ModuleTime>2017-07-20T19:22:06Z</ModuleTime>
      <ModuleName>System.Collections</ModuleName>
      <Classes />
    </Module>
    <Module skippedDueTo="Filter" hash="C9-76-59-7E-4F-55-2C-7F-D7-4D-12-64-B0-AD-A3-21-9B-EA-90-B3">
      <ModulePath>c:\program files\dotnet\sdk\2.0.0\Microsoft.Build.Framework.dll</ModulePath>
      <ModuleTime>2017-08-03T15:38:10Z</ModuleTime>
      <ModuleName>Microsoft.Build.Framework</ModuleName>
      <Classes />
    </Module>
    <Module skippedDueTo="Filter" hash="4B-B8-F7-36-81-46-46-AC-52-E9-F6-F0-10-B0-D4-A7-39-49-E6-A5">
      <ModulePath>c:\program files\dotnet\shared\Microsoft.NETCore.App\2.0.0\System.Console.dll</ModulePath>
      <ModuleTime>2017-07-20T19:22:06Z</ModuleTime>
      <ModuleName>System.Console</ModuleName>
      <Classes />
    </Module>
    <Module skippedDueTo="Filter" hash="5E-96-DB-E2-7C-19-54-CE-21-6C-89-F7-91-DE-7E-4F-B0-9A-C3-7B">
      <ModulePath>c:\program files\dotnet\sdk\2.0.0\runtimes\win\lib\netstandard1.3\System.Text.Encoding.CodePages.dll</ModulePath>
      <ModuleTime>2017-08-03T15:38:16Z</ModuleTime>
      <ModuleName>System.Text.Encoding.CodePages</ModuleName>
      <Classes />
    </Module>
    <Module skippedDueTo="Filter" hash="71-55-8B-F9-57-BC-B0-34-9A-F8-A2-C8-58-A4-C7-74-EC-A4-CD-9C">
      <ModulePath>c:\program files\dotnet\shared\Microsoft.NETCore.App\2.0.0\System.Text.Encoding.dll</ModulePath>
      <ModuleTime>2017-07-20T19:22:08Z</ModuleTime>
      <ModuleName>System.Text.Encoding</ModuleName>
      <Classes />
    </Module>
    <Module skippedDueTo="Filter" hash="E6-69-68-08-E2-62-0F-85-F0-BE-8F-4D-51-D1-88-8E-81-FD-73-0B">
      <ModulePath>c:\program files\dotnet\shared\Microsoft.NETCore.App\2.0.0\System.Globalization.dll</ModulePath>
      <ModuleTime>2017-07-20T19:22:06Z</ModuleTime>
      <ModuleName>System.Globalization</ModuleName>
      <Classes />
    </Module>
    <Module skippedDueTo="Filter" hash="F8-24-2A-D0-99-27-C4-39-4E-D4-08-CA-94-E5-59-FD-1F-DE-7E-3F">
      <ModulePath>c:\program files\dotnet\sdk\2.0.0\Microsoft.Build.dll</ModulePath>
      <ModuleTime>2017-08-03T15:38:12Z</ModuleTime>
      <ModuleName>Microsoft.Build</ModuleName>
      <Classes />
    </Module>
    <Module skippedDueTo="Filter" hash="8B-99-E8-F0-CD-95-95-B0-68-10-D4-3A-CB-A1-0A-BE-38-66-BE-13">
      <ModulePath>c:\program files\dotnet\shared\Microsoft.NETCore.App\2.0.0\System.Collections.Concurrent.dll</ModulePath>
      <ModuleTime>2017-07-20T19:22:06Z</ModuleTime>
      <ModuleName>System.Collections.Concurrent</ModuleName>
      <Classes />
    </Module>
    <Module skippedDueTo="Filter" hash="8D-DD-AE-8D-3E-36-05-88-86-F1-A0-DF-F4-81-14-CB-67-DC-DF-1A">
      <ModulePath>c:\program files\dotnet\sdk\2.0.0\dotnet.dll</ModulePath>
      <ModuleTime>2017-08-03T15:38:10Z</ModuleTime>
      <ModuleName>dotnet</ModuleName>
      <Classes />
    </Module>
    <Module skippedDueTo="Filter" hash="E3-81-62-71-AF-62-BF-D6-2E-93-05-8A-3E-99-BB-FB-36-5D-96-70">
      <ModulePath>c:\program files\dotnet\sdk\2.0.0\Microsoft.Build.Utilities.Core.dll</ModulePath>
      <ModuleTime>2017-08-03T15:38:12Z</ModuleTime>
      <ModuleName>Microsoft.Build.Utilities.Core</ModuleName>
      <Classes />
    </Module>
    <Module skippedDueTo="Filter" hash="9C-5E-06-F4-40-59-52-D1-C2-BB-AD-8B-A2-71-FE-00-29-91-FB-22">
      <ModulePath>c:\program files\dotnet\sdk\2.0.0\Microsoft.DotNet.Tools.MigrateCommand.dll</ModulePath>
      <ModuleTime>2017-08-03T15:38:12Z</ModuleTime>
      <ModuleName>Microsoft.DotNet.Tools.MigrateCommand</ModuleName>
      <Classes />
    </Module>
    <Module skippedDueTo="Filter" hash="2F-A2-C3-6C-F6-A3-2A-6E-53-71-40-01-62-37-30-49-FA-DF-7C-A9">
      <ModulePath>c:\program files\dotnet\sdk\2.0.0\Microsoft.DotNet.Cli.Utils.dll</ModulePath>
      <ModuleTime>2017-08-03T15:38:12Z</ModuleTime>
      <ModuleName>Microsoft.DotNet.Cli.Utils</ModuleName>
      <Classes />
    </Module>
    <Module skippedDueTo="Filter" hash="61-6F-28-76-46-18-91-8F-1F-DF-4A-71-89-22-3D-AD-27-58-DF-F4">
      <ModulePath>c:\program files\dotnet\sdk\2.0.0\NuGet.Frameworks.dll</ModulePath>
      <ModuleTime>2017-08-03T15:38:14Z</ModuleTime>
      <ModuleName>NuGet.Frameworks</ModuleName>
      <Classes />
    </Module>
    <Module skippedDueTo="Filter" hash="45-E9-3D-14-67-92-EB-4A-1C-CC-E2-01-D2-6C-A1-29-4A-C8-C1-1E">
      <ModulePath>c:\program files\dotnet\shared\Microsoft.NETCore.App\2.0.0\System.Reflection.Extensions.dll</ModulePath>
      <ModuleTime>2017-07-20T19:22:08Z</ModuleTime>
      <ModuleName>System.Reflection.Extensions</ModuleName>
      <Classes />
    </Module>
    <Module skippedDueTo="Filter" hash="2E-35-22-68-5A-D9-36-15-EC-F3-74-A3-8F-CF-4A-C8-78-CE-3D-CC">
      <ModulePath>c:\program files\dotnet\sdk\2.0.0\Microsoft.DotNet.Configurer.dll</ModulePath>
      <ModuleTime>2017-08-03T15:38:12Z</ModuleTime>
      <ModuleName>Microsoft.DotNet.Configurer</ModuleName>
      <Classes />
    </Module>
    <Module skippedDueTo="Filter" hash="EC-0B-8B-39-3F-4D-BE-88-95-7B-93-F6-A4-A9-66-41-9E-C9-48-9B">
      <ModulePath>c:\program files\dotnet\sdk\2.0.0\Microsoft.DotNet.InternalAbstractions.dll</ModulePath>
      <ModuleTime>2017-08-03T15:38:12Z</ModuleTime>
      <ModuleName>Microsoft.DotNet.InternalAbstractions</ModuleName>
      <Classes />
    </Module>
    <Module skippedDueTo="Filter" hash="2A-C9-25-F3-D5-15-6C-B1-09-A6-1F-DA-0F-51-0B-96-DE-24-F6-E0">
      <ModulePath>c:\program files\dotnet\shared\Microsoft.NETCore.App\2.0.0\System.IO.FileSystem.Primitives.dll</ModulePath>
      <ModuleTime>2017-07-20T19:22:06Z</ModuleTime>
      <ModuleName>System.IO.FileSystem.Primitives</ModuleName>
      <Classes />
    </Module>
    <Module skippedDueTo="Filter" hash="2D-70-CB-62-DA-FC-A2-6C-E4-9F-F1-DB-4C-3B-9A-34-20-80-E4-06">
      <ModulePath>c:\program files\dotnet\shared\Microsoft.NETCore.App\2.0.0\System.IO.dll</ModulePath>
      <ModuleTime>2017-07-20T19:22:06Z</ModuleTime>
      <ModuleName>System.IO</ModuleName>
      <Classes />
    </Module>
    <Module skippedDueTo="Filter" hash="FB-85-16-BA-B9-27-D4-54-BE-3D-21-48-B1-DC-3D-6E-22-5E-D1-D6">
      <ModulePath>c:\program files\dotnet\sdk\2.0.0\Microsoft.ApplicationInsights.dll</ModulePath>
      <ModuleTime>2017-08-03T15:38:10Z</ModuleTime>
      <ModuleName>Microsoft.ApplicationInsights</ModuleName>
      <Classes />
    </Module>
    <Module skippedDueTo="Filter" hash="B8-E0-1C-46-05-EF-1C-0F-0F-1D-3C-D4-89-4D-08-3A-89-36-F3-E5">
      <ModulePath>c:\program files\dotnet\shared\Microsoft.NETCore.App\2.0.0\System.Xml.XDocument.dll</ModulePath>
      <ModuleTime>2017-07-20T19:22:08Z</ModuleTime>
      <ModuleName>System.Xml.XDocument</ModuleName>
      <Classes />
    </Module>
    <Module skippedDueTo="Filter" hash="DD-F6-D3-A5-01-A8-F6-AC-1B-A1-E9-B5-7C-53-43-D4-64-1C-30-53">
      <ModulePath>c:\program files\dotnet\shared\Microsoft.NETCore.App\2.0.0\System.Private.Xml.Linq.dll</ModulePath>
      <ModuleTime>2017-07-20T19:22:08Z</ModuleTime>
      <ModuleName>System.Private.Xml.Linq</ModuleName>
      <Classes />
    </Module>
    <Module skippedDueTo="Filter" hash="76-A3-0C-AD-28-11-DC-81-BA-2D-4B-C3-06-E4-74-7F-83-3A-B3-DF">
      <ModulePath>c:\program files\dotnet\shared\Microsoft.NETCore.App\2.0.0\System.Runtime.Handles.dll</ModulePath>
      <ModuleTime>2017-07-20T19:22:08Z</ModuleTime>
      <ModuleName>System.Runtime.Handles</ModuleName>
      <Classes />
    </Module>
    <Module skippedDueTo="Filter" hash="A0-2C-E4-67-65-31-2F-52-34-BE-1B-B5-8E-F0-03-96-33-5C-4A-E3">
      <ModulePath>c:\program files\dotnet\shared\Microsoft.NETCore.App\2.0.0\System.Diagnostics.Tracing.dll</ModulePath>
      <ModuleTime>2017-07-20T19:22:06Z</ModuleTime>
      <ModuleName>System.Diagnostics.Tracing</ModuleName>
      <Classes />
    </Module>
    <Module skippedDueTo="Filter" hash="EF-01-0C-C7-04-7B-55-8E-E4-3A-33-93-09-C2-FB-42-94-A0-43-B7">
      <ModulePath>c:\program files\dotnet\shared\Microsoft.NETCore.App\2.0.0\System.Threading.Tasks.dll</ModulePath>
      <ModuleTime>2017-07-20T19:22:08Z</ModuleTime>
      <ModuleName>System.Threading.Tasks</ModuleName>
      <Classes />
    </Module>
    <Module skippedDueTo="Filter" hash="FA-2B-87-A5-50-E5-4F-A1-C0-7E-53-1F-0B-F1-52-F1-E9-38-1F-38">
      <ModulePath>c:\program files\dotnet\shared\Microsoft.NETCore.App\2.0.0\System.Private.Uri.dll</ModulePath>
      <ModuleTime>2017-07-20T19:22:08Z</ModuleTime>
      <ModuleName>System.Private.Uri</ModuleName>
      <Classes />
    </Module>
    <Module skippedDueTo="Filter" hash="26-B6-2A-48-3A-C2-D7-FF-90-A6-A4-40-4C-01-ED-9D-D5-81-FF-AF">
      <ModulePath>c:\program files\dotnet\sdk\2.0.0\Microsoft.DotNet.PlatformAbstractions.dll</ModulePath>
      <ModuleTime>2017-08-03T15:38:12Z</ModuleTime>
      <ModuleName>Microsoft.DotNet.PlatformAbstractions</ModuleName>
      <Classes />
    </Module>
    <Module skippedDueTo="Filter" hash="DF-1D-D6-51-B7-A1-8A-53-06-A0-34-64-B1-6C-11-1E-7F-0F-CE-94">
      <ModulePath>c:\program files\dotnet\shared\Microsoft.NETCore.App\2.0.0\System.Threading.Tasks.Dataflow.dll</ModulePath>
      <ModuleTime>2017-07-20T19:22:08Z</ModuleTime>
      <ModuleName>System.Threading.Tasks.Dataflow</ModuleName>
      <Classes />
    </Module>
    <Module skippedDueTo="Filter" hash="C9-03-33-2D-B2-3B-A1-8A-2F-95-2B-0B-9D-A7-9A-D1-0D-9E-03-C3">
      <ModulePath>c:\program files\dotnet\shared\Microsoft.NETCore.App\2.0.0\netstandard.dll</ModulePath>
      <ModuleTime>2017-07-20T19:22:08Z</ModuleTime>
      <ModuleName>netstandard</ModuleName>
      <Classes />
    </Module>
    <Module skippedDueTo="Filter" hash="1D-2D-98-E4-A2-F2-43-8E-21-6C-72-DF-A8-3D-26-3C-24-D6-D9-12">
      <ModulePath>c:\program files\dotnet\shared\Microsoft.NETCore.App\2.0.0\System.Security.Cryptography.Algorithms.dll</ModulePath>
      <ModuleTime>2017-07-20T19:22:08Z</ModuleTime>
      <ModuleName>System.Security.Cryptography.Algorithms</ModuleName>
      <Classes />
    </Module>
    <Module skippedDueTo="Filter" hash="C9-B1-4A-54-97-4E-1E-D7-82-8B-E9-17-E9-56-A6-83-32-BF-A1-41">
      <ModulePath>c:\program files\dotnet\shared\Microsoft.NETCore.App\2.0.0\System.Security.Cryptography.Primitives.dll</ModulePath>
      <ModuleTime>2017-07-20T19:22:08Z</ModuleTime>
      <ModuleName>System.Security.Cryptography.Primitives</ModuleName>
      <Classes />
    </Module>
    <Module skippedDueTo="Filter" hash="3E-2C-80-45-4B-5B-8B-5F-09-84-82-17-AA-7B-43-BF-3F-43-55-D2">
      <ModulePath>c:\program files\dotnet\shared\Microsoft.NETCore.App\2.0.0\System.Resources.ResourceManager.dll</ModulePath>
      <ModuleTime>2017-07-20T19:22:08Z</ModuleTime>
      <ModuleName>System.Resources.ResourceManager</ModuleName>
      <Classes />
    </Module>
    <Module skippedDueTo="Filter" hash="72-CB-32-78-BF-40-DC-A2-F9-93-40-5B-0F-27-97-62-5E-67-59-0F">
      <ModulePath>c:\program files\dotnet\sdk\2.0.0\pt-BR\Microsoft.Build.resources.dll</ModulePath>
      <ModuleTime>2017-08-03T15:38:10Z</ModuleTime>
      <ModuleName>Microsoft.Build.resources</ModuleName>
      <Classes />
    </Module>
    <Module skippedDueTo="Filter" hash="D5-25-59-4D-0F-50-A0-85-00-7F-EB-E1-0B-BD-B5-82-30-09-75-C8">
      <ModulePath>c:\program files\dotnet\shared\Microsoft.NETCore.App\2.0.0\System.ObjectModel.dll</ModulePath>
      <ModuleTime>2017-07-20T19:22:08Z</ModuleTime>
      <ModuleName>System.ObjectModel</ModuleName>
      <Classes />
    </Module>
    <Module skippedDueTo="Filter" hash="92-A1-00-E7-E2-BF-4D-F7-95-CB-46-C2-DF-CC-15-61-47-27-B2-9F">
      <ModulePath>c:\program files\dotnet\shared\Microsoft.NETCore.App\2.0.0\System.Threading.Thread.dll</ModulePath>
      <ModuleTime>2017-07-20T19:22:08Z</ModuleTime>
      <ModuleName>System.Threading.Thread</ModuleName>
      <Classes />
    </Module>
    <Module skippedDueTo="Filter" hash="7C-EB-99-71-08-B5-1F-60-CA-48-72-95-5E-DE-E2-5B-79-99-49-4F">
      <ModulePath>c:\program files\dotnet\shared\Microsoft.NETCore.App\2.0.0\System.Xml.ReaderWriter.dll</ModulePath>
      <ModuleTime>2017-07-20T19:22:08Z</ModuleTime>
      <ModuleName>System.Xml.ReaderWriter</ModuleName>
      <Classes />
    </Module>
    <Module skippedDueTo="Filter" hash="92-AC-DA-99-81-1A-EB-3D-7D-F3-46-72-13-0A-D3-C6-8A-70-DB-4C">
      <ModulePath>c:\program files\dotnet\shared\Microsoft.NETCore.App\2.0.0\System.Private.Xml.dll</ModulePath>
      <ModuleTime>2017-07-20T19:22:08Z</ModuleTime>
      <ModuleName>System.Private.Xml</ModuleName>
      <Classes />
    </Module>
    <Module skippedDueTo="Filter" hash="D3-F6-1A-F1-57-F1-04-F9-6E-11-BB-94-3E-86-F5-C3-6D-06-04-E2">
      <ModulePath>c:\program files\dotnet\shared\Microsoft.NETCore.App\2.0.0\System.Text.Encoding.Extensions.dll</ModulePath>
      <ModuleTime>2017-07-20T19:22:08Z</ModuleTime>
      <ModuleName>System.Text.Encoding.Extensions</ModuleName>
      <Classes />
    </Module>
    <Module skippedDueTo="Filter" hash="CF-8A-90-C4-AB-10-6A-59-C0-1A-9A-F8-B0-C9-E3-7D-B3-7F-76-A4">
      <ModulePath>c:\program files\dotnet\shared\Microsoft.NETCore.App\2.0.0\System.Xml.XmlDocument.dll</ModulePath>
      <ModuleTime>2017-07-20T19:22:08Z</ModuleTime>
      <ModuleName>System.Xml.XmlDocument</ModuleName>
      <Classes />
    </Module>
    <Module skippedDueTo="Filter" hash="1A-66-09-E2-D5-E4-83-D8-7E-2A-93-BE-1A-5C-12-EF-04-A0-6A-AE">
      <ModulePath>c:\program files\dotnet\shared\Microsoft.NETCore.App\2.0.0\System.Diagnostics.FileVersionInfo.dll</ModulePath>
      <ModuleTime>2017-07-20T19:22:06Z</ModuleTime>
      <ModuleName>System.Diagnostics.FileVersionInfo</ModuleName>
      <Classes />
    </Module>
    <Module skippedDueTo="Filter" hash="52-C8-E5-3A-B2-32-4A-17-18-33-8B-13-C2-3A-53-6D-EC-77-D9-9A">
      <ModulePath>c:\program files\dotnet\shared\Microsoft.NETCore.App\2.0.0\System.Reflection.Primitives.dll</ModulePath>
      <ModuleTime>2017-07-20T19:22:08Z</ModuleTime>
      <ModuleName>System.Reflection.Primitives</ModuleName>
      <Classes />
    </Module>
    <Module skippedDueTo="Filter" hash="B1-F6-FE-F4-3D-92-32-23-15-F5-F7-C9-04-1B-F8-AD-AF-D2-E4-C6">
      <ModulePath>c:\program files\dotnet\shared\Microsoft.NETCore.App\2.0.0\System.Collections.Immutable.dll</ModulePath>
      <ModuleTime>2017-07-20T19:22:06Z</ModuleTime>
      <ModuleName>System.Collections.Immutable</ModuleName>
      <Classes />
    </Module>
    <Module skippedDueTo="Filter" hash="45-27-D9-F1-DC-D9-48-5D-C7-D5-DC-7B-D0-B9-B3-2F-73-05-3B-AE">
      <ModulePath>c:\program files\dotnet\sdk\2.0.0\Microsoft.Build.Tasks.Core.dll</ModulePath>
      <ModuleTime>2017-08-03T15:38:12Z</ModuleTime>
      <ModuleName>Microsoft.Build.Tasks.Core</ModuleName>
      <Classes />
    </Module>
    <Module skippedDueTo="Filter" hash="50-B7-0E-CE-03-26-1D-99-C0-19-0F-7E-AB-AB-7A-52-3C-23-2D-95">
      <ModulePath>c:\program files\dotnet\shared\Microsoft.NETCore.App\2.0.0\System.Threading.ThreadPool.dll</ModulePath>
      <ModuleTime>2017-07-20T19:22:08Z</ModuleTime>
      <ModuleName>System.Threading.ThreadPool</ModuleName>
      <Classes />
    </Module>
    <Module skippedDueTo="Filter" hash="38-0C-95-8C-CC-CF-DC-35-D0-39-2C-96-D2-95-FB-12-ED-E1-F3-47">
      <ModulePath>c:\program files\dotnet\sdk\2.0.0\NuGet.Build.Tasks.dll</ModulePath>
      <ModuleTime>2017-08-03T15:38:14Z</ModuleTime>
      <ModuleName>NuGet.Build.Tasks</ModuleName>
      <Classes />
    </Module>
    <Module skippedDueTo="Filter" hash="D6-2A-B9-79-82-73-DA-8F-CF-EB-74-06-BF-51-C2-2E-E3-9E-40-13">
      <ModulePath>c:\program files\dotnet\sdk\2.0.0\NuGet.Commands.dll</ModulePath>
      <ModuleTime>2017-08-03T15:38:14Z</ModuleTime>
      <ModuleName>NuGet.Commands</ModuleName>
      <Classes />
    </Module>
    <Module skippedDueTo="Filter" hash="42-EF-DB-53-B2-A2-29-DF-FE-89-B4-25-36-E6-70-A0-D9-CF-30-6D">
      <ModulePath>c:\program files\dotnet\sdk\2.0.0\NuGet.Common.dll</ModulePath>
      <ModuleTime>2017-08-03T15:38:14Z</ModuleTime>
      <ModuleName>NuGet.Common</ModuleName>
      <Classes />
    </Module>
    <Module skippedDueTo="Filter" hash="41-F8-31-7B-7E-F3-AA-CA-4A-47-EA-DA-69-B0-C3-82-F9-10-35-0B">
      <ModulePath>c:\program files\dotnet\sdk\2.0.0\NuGet.Configuration.dll</ModulePath>
      <ModuleTime>2017-08-03T15:38:14Z</ModuleTime>
      <ModuleName>NuGet.Configuration</ModuleName>
      <Classes />
    </Module>
    <Module skippedDueTo="Filter" hash="34-20-29-0F-12-7C-51-21-36-C6-7F-67-06-6A-AA-5A-34-0A-68-7C">
      <ModulePath>c:\program files\dotnet\sdk\2.0.0\NuGet.ProjectModel.dll</ModulePath>
      <ModuleTime>2017-08-03T15:38:14Z</ModuleTime>
      <ModuleName>NuGet.ProjectModel</ModuleName>
      <Classes />
    </Module>
    <Module skippedDueTo="Filter" hash="01-7C-FF-CC-31-09-CB-75-72-9E-FD-1B-F2-5F-ED-97-B5-6D-68-A6">
      <ModulePath>c:\program files\dotnet\sdk\2.0.0\NuGet.Versioning.dll</ModulePath>
      <ModuleTime>2017-08-03T15:38:14Z</ModuleTime>
      <ModuleName>NuGet.Versioning</ModuleName>
      <Classes />
    </Module>
    <Module skippedDueTo="Filter" hash="8B-01-D3-BC-A7-15-F1-CD-2C-C1-C7-19-DF-DE-A6-F1-43-F9-AB-63">
      <ModulePath>c:\program files\dotnet\sdk\2.0.0\NuGet.Protocol.dll</ModulePath>
      <ModuleTime>2017-08-03T15:38:14Z</ModuleTime>
      <ModuleName>NuGet.Protocol</ModuleName>
      <Classes />
    </Module>
    <Module skippedDueTo="Filter" hash="E2-8A-C3-6A-5D-6A-04-06-5B-99-36-2C-F0-F7-03-5E-9C-25-4F-71">
      <ModulePath>c:\program files\dotnet\sdk\2.0.0\NuGet.Packaging.dll</ModulePath>
      <ModuleTime>2017-08-03T15:38:14Z</ModuleTime>
      <ModuleName>NuGet.Packaging</ModuleName>
      <Classes />
    </Module>
    <Module skippedDueTo="Filter" hash="E0-FB-3C-16-E4-5C-2A-9F-8D-2F-3F-85-EC-EF-CD-D6-76-25-64-D4">
      <ModulePath>c:\program files\dotnet\sdk\2.0.0\NuGet.DependencyResolver.Core.dll</ModulePath>
      <ModuleTime>2017-08-03T15:38:14Z</ModuleTime>
      <ModuleName>NuGet.DependencyResolver.Core</ModuleName>
      <Classes />
    </Module>
    <Module skippedDueTo="Filter" hash="ED-46-3A-5F-F7-9C-67-C7-90-67-C9-D6-B9-9B-EC-00-E8-1F-73-D6">
      <ModulePath>c:\program files\dotnet\sdk\2.0.0\Newtonsoft.Json.dll</ModulePath>
      <ModuleTime>2017-08-03T15:32:18Z</ModuleTime>
      <ModuleName>Newtonsoft.Json</ModuleName>
      <Classes />
    </Module>
    <Module skippedDueTo="Filter" hash="7A-DB-D3-5C-EB-1E-6E-FF-8F-C6-E5-82-86-2B-77-2E-B1-DE-36-21">
      <ModulePath>c:\program files\dotnet\shared\Microsoft.NETCore.App\2.0.0\System.Dynamic.Runtime.dll</ModulePath>
      <ModuleTime>2017-07-20T19:22:06Z</ModuleTime>
      <ModuleName>System.Dynamic.Runtime</ModuleName>
      <Classes />
    </Module>
    <Module skippedDueTo="Filter" hash="83-02-2F-5B-C7-1D-94-96-BC-75-A7-ED-DA-57-BA-A5-FB-E7-6F-1B">
      <ModulePath>c:\program files\dotnet\shared\Microsoft.NETCore.App\2.0.0\System.Linq.Expressions.dll</ModulePath>
      <ModuleTime>2017-07-20T19:22:06Z</ModuleTime>
      <ModuleName>System.Linq.Expressions</ModuleName>
      <Classes />
    </Module>
    <Module skippedDueTo="Filter" hash="A5-FE-BE-35-DD-6B-D4-01-E6-C1-24-58-7F-38-5C-DF-08-50-E8-6B">
      <ModulePath>c:\program files\dotnet\sdk\2.0.0\NuGet.LibraryModel.dll</ModulePath>
      <ModuleTime>2017-08-03T15:38:14Z</ModuleTime>
      <ModuleName>NuGet.LibraryModel</ModuleName>
      <Classes />
    </Module>
    <Module skippedDueTo="Filter" hash="EE-6C-FA-0A-6A-DC-CC-D0-7C-47-80-2F-52-03-C1-43-5F-B6-4D-21">
      <ModulePath>c:\program files\dotnet\sdk\2.0.0\NuGet.Packaging.Core.dll</ModulePath>
      <ModuleTime>2017-08-03T15:38:14Z</ModuleTime>
      <ModuleName>NuGet.Packaging.Core</ModuleName>
      <Classes />
    </Module>
    <Module skippedDueTo="Filter" hash="2F-88-A9-BB-B6-16-36-10-AC-73-83-54-44-F5-17-12-E0-9F-03-28">
      <ModulePath>c:\program files\dotnet\shared\Microsoft.NETCore.App\2.0.0\System.Private.CoreLib.dll</ModulePath>
      <ModuleTime>2017-07-20T19:22:08Z</ModuleTime>
      <ModuleName>System.Private.CoreLib</ModuleName>
      <Classes />
    </Module>
    <Module skippedDueTo="Filter" hash="C2-7C-25-2E-25-69-A6-E0-6B-01-C4-3A-7D-43-93-42-F3-12-F9-09">
      <ModulePath>c:\program files\dotnet\sdk\2.0.0\MSBuild.dll</ModulePath>
      <ModuleTime>2017-08-03T15:38:14Z</ModuleTime>
      <ModuleName>MSBuild</ModuleName>
      <Classes />
    </Module>
    <Module skippedDueTo="Filter" hash="B1-9D-98-DD-3C-A1-89-69-AC-7E-F1-16-E9-88-3F-F4-4C-77-AB-38">
      <ModulePath>c:\program files\dotnet\shared\Microsoft.NETCore.App\2.0.0\System.Runtime.dll</ModulePath>
      <ModuleTime>2017-07-20T19:22:08Z</ModuleTime>
      <ModuleName>System.Runtime</ModuleName>
      <Classes />
    </Module>
    <Module skippedDueTo="Filter" hash="EB-18-C3-43-11-91-EB-51-F0-4E-50-91-DE-EC-A3-6F-E7-CE-D9-3E">
      <ModulePath>c:\program files\dotnet\shared\Microsoft.NETCore.App\2.0.0\System.Threading.dll</ModulePath>
      <ModuleTime>2017-07-20T19:22:08Z</ModuleTime>
      <ModuleName>System.Threading</ModuleName>
      <Classes />
    </Module>
    <Module skippedDueTo="Filter" hash="24-D5-33-36-52-51-67-A0-24-3D-22-95-32-23-DA-6D-B4-16-CD-CB">
      <ModulePath>c:\program files\dotnet\shared\Microsoft.NETCore.App\2.0.0\System.Reflection.dll</ModulePath>
      <ModuleTime>2017-07-20T19:22:08Z</ModuleTime>
      <ModuleName>System.Reflection</ModuleName>
      <Classes />
    </Module>
    <Module skippedDueTo="Filter" hash="4A-A3-9A-94-A3-C6-3B-8F-C1-2F-D9-CC-68-D2-E4-8C-AE-50-F4-F1">
      <ModulePath>c:\program files\dotnet\shared\Microsoft.NETCore.App\2.0.0\System.Reflection.TypeExtensions.dll</ModulePath>
      <ModuleTime>2017-07-20T19:22:08Z</ModuleTime>
      <ModuleName>System.Reflection.TypeExtensions</ModuleName>
      <Classes />
    </Module>
    <Module skippedDueTo="Filter" hash="3C-7A-96-F0-F0-0A-AB-CF-4A-F1-7F-84-AD-D1-CC-8A-89-FB-43-30">
      <ModulePath>c:\program files\dotnet\shared\Microsoft.NETCore.App\2.0.0\System.Runtime.Extensions.dll</ModulePath>
      <ModuleTime>2017-07-20T19:22:08Z</ModuleTime>
      <ModuleName>System.Runtime.Extensions</ModuleName>
      <Classes />
    </Module>
    <Module skippedDueTo="Filter" hash="F7-D7-B4-FC-2C-07-D8-B3-03-0A-2D-EC-2B-24-59-88-4D-A8-9D-6B">
      <ModulePath>c:\program files\dotnet\shared\Microsoft.NETCore.App\2.0.0\System.Diagnostics.Process.dll</ModulePath>
      <ModuleTime>2017-07-20T19:22:06Z</ModuleTime>
      <ModuleName>System.Diagnostics.Process</ModuleName>
      <Classes />
    </Module>
    <Module skippedDueTo="Filter" hash="86-5B-86-E2-06-81-2C-73-3B-6D-BC-9C-E7-90-26-27-45-9D-47-99">
      <ModulePath>c:\program files\dotnet\shared\Microsoft.NETCore.App\2.0.0\System.ComponentModel.Primitives.dll</ModulePath>
      <ModuleTime>2017-07-20T19:22:06Z</ModuleTime>
      <ModuleName>System.ComponentModel.Primitives</ModuleName>
      <Classes />
    </Module>
    <Module skippedDueTo="Filter" hash="42-05-10-61-0A-00-05-FA-1F-EB-04-C9-F9-DD-2C-D4-89-87-3F-B1">
      <ModulePath>c:\program files\dotnet\shared\Microsoft.NETCore.App\2.0.0\System.Runtime.InteropServices.dll</ModulePath>
      <ModuleTime>2017-07-20T19:22:08Z</ModuleTime>
      <ModuleName>System.Runtime.InteropServices</ModuleName>
      <Classes />
    </Module>
    <Module skippedDueTo="Filter" hash="11-29-0C-F8-CE-73-3F-3E-06-AF-A0-16-05-96-4D-5A-A7-6A-DF-C2">
      <ModulePath>c:\program files\dotnet\shared\Microsoft.NETCore.App\2.0.0\System.Collections.NonGeneric.dll</ModulePath>
      <ModuleTime>2017-07-20T19:22:06Z</ModuleTime>
      <ModuleName>System.Collections.NonGeneric</ModuleName>
      <Classes />
    </Module>
    <Module skippedDueTo="Filter" hash="80-F3-31-87-AA-BE-F0-08-E2-C4-7C-2D-76-97-05-5F-96-6C-E3-CE">
      <ModulePath>c:\program files\dotnet\shared\Microsoft.NETCore.App\2.0.0\System.Linq.dll</ModulePath>
      <ModuleTime>2017-07-20T19:22:06Z</ModuleTime>
      <ModuleName>System.Linq</ModuleName>
      <Classes />
    </Module>
    <Module skippedDueTo="Filter" hash="6D-5A-04-73-28-C9-26-1C-E8-75-84-50-BF-FF-76-AC-5A-9E-28-48">
      <ModulePath>c:\program files\dotnet\shared\Microsoft.NETCore.App\2.0.0\System.Runtime.InteropServices.RuntimeInformation.dll</ModulePath>
      <ModuleTime>2017-07-20T19:22:08Z</ModuleTime>
      <ModuleName>System.Runtime.InteropServices.RuntimeInformation</ModuleName>
      <Classes />
    </Module>
    <Module skippedDueTo="Filter" hash="2E-3F-98-9F-F8-96-78-BA-71-3A-6A-0C-9C-B3-D0-39-1E-46-25-10">
      <ModulePath>c:\program files\dotnet\shared\Microsoft.NETCore.App\2.0.0\System.Text.RegularExpressions.dll</ModulePath>
      <ModuleTime>2017-07-20T19:22:08Z</ModuleTime>
      <ModuleName>System.Text.RegularExpressions</ModuleName>
      <Classes />
    </Module>
    <Module skippedDueTo="Filter" hash="89-70-E9-C9-2D-15-5F-35-A4-A6-47-48-86-2C-E8-14-EC-34-B9-9F">
      <ModulePath>c:\program files\dotnet\shared\Microsoft.NETCore.App\2.0.0\System.IO.FileSystem.dll</ModulePath>
      <ModuleTime>2017-07-20T19:22:06Z</ModuleTime>
      <ModuleName>System.IO.FileSystem</ModuleName>
      <Classes />
    </Module>
    <Module skippedDueTo="Filter" hash="F6-9B-26-AA-03-02-E2-D8-6A-A8-43-4E-56-E5-60-DE-59-F9-52-D2">
      <ModulePath>c:\program files\dotnet\shared\Microsoft.NETCore.App\2.0.0\System.Collections.dll</ModulePath>
      <ModuleTime>2017-07-20T19:22:06Z</ModuleTime>
      <ModuleName>System.Collections</ModuleName>
      <Classes />
    </Module>
    <Module skippedDueTo="Filter" hash="C9-76-59-7E-4F-55-2C-7F-D7-4D-12-64-B0-AD-A3-21-9B-EA-90-B3">
      <ModulePath>c:\program files\dotnet\sdk\2.0.0\Microsoft.Build.Framework.dll</ModulePath>
      <ModuleTime>2017-08-03T15:38:10Z</ModuleTime>
      <ModuleName>Microsoft.Build.Framework</ModuleName>
      <Classes />
    </Module>
    <Module skippedDueTo="Filter" hash="4B-B8-F7-36-81-46-46-AC-52-E9-F6-F0-10-B0-D4-A7-39-49-E6-A5">
      <ModulePath>c:\program files\dotnet\shared\Microsoft.NETCore.App\2.0.0\System.Console.dll</ModulePath>
      <ModuleTime>2017-07-20T19:22:06Z</ModuleTime>
      <ModuleName>System.Console</ModuleName>
      <Classes />
    </Module>
    <Module skippedDueTo="Filter" hash="5E-96-DB-E2-7C-19-54-CE-21-6C-89-F7-91-DE-7E-4F-B0-9A-C3-7B">
      <ModulePath>c:\program files\dotnet\sdk\2.0.0\runtimes\win\lib\netstandard1.3\System.Text.Encoding.CodePages.dll</ModulePath>
      <ModuleTime>2017-08-03T15:38:16Z</ModuleTime>
      <ModuleName>System.Text.Encoding.CodePages</ModuleName>
      <Classes />
    </Module>
    <Module skippedDueTo="Filter" hash="71-55-8B-F9-57-BC-B0-34-9A-F8-A2-C8-58-A4-C7-74-EC-A4-CD-9C">
      <ModulePath>c:\program files\dotnet\shared\Microsoft.NETCore.App\2.0.0\System.Text.Encoding.dll</ModulePath>
      <ModuleTime>2017-07-20T19:22:08Z</ModuleTime>
      <ModuleName>System.Text.Encoding</ModuleName>
      <Classes />
    </Module>
    <Module skippedDueTo="Filter" hash="E6-69-68-08-E2-62-0F-85-F0-BE-8F-4D-51-D1-88-8E-81-FD-73-0B">
      <ModulePath>c:\program files\dotnet\shared\Microsoft.NETCore.App\2.0.0\System.Globalization.dll</ModulePath>
      <ModuleTime>2017-07-20T19:22:06Z</ModuleTime>
      <ModuleName>System.Globalization</ModuleName>
      <Classes />
    </Module>
    <Module skippedDueTo="Filter" hash="F8-24-2A-D0-99-27-C4-39-4E-D4-08-CA-94-E5-59-FD-1F-DE-7E-3F">
      <ModulePath>c:\program files\dotnet\sdk\2.0.0\Microsoft.Build.dll</ModulePath>
      <ModuleTime>2017-08-03T15:38:12Z</ModuleTime>
      <ModuleName>Microsoft.Build</ModuleName>
      <Classes />
    </Module>
    <Module skippedDueTo="Filter" hash="8B-99-E8-F0-CD-95-95-B0-68-10-D4-3A-CB-A1-0A-BE-38-66-BE-13">
      <ModulePath>c:\program files\dotnet\shared\Microsoft.NETCore.App\2.0.0\System.Collections.Concurrent.dll</ModulePath>
      <ModuleTime>2017-07-20T19:22:06Z</ModuleTime>
      <ModuleName>System.Collections.Concurrent</ModuleName>
      <Classes />
    </Module>
    <Module skippedDueTo="Filter" hash="8D-DD-AE-8D-3E-36-05-88-86-F1-A0-DF-F4-81-14-CB-67-DC-DF-1A">
      <ModulePath>c:\program files\dotnet\sdk\2.0.0\dotnet.dll</ModulePath>
      <ModuleTime>2017-08-03T15:38:10Z</ModuleTime>
      <ModuleName>dotnet</ModuleName>
      <Classes />
    </Module>
    <Module skippedDueTo="Filter" hash="E3-81-62-71-AF-62-BF-D6-2E-93-05-8A-3E-99-BB-FB-36-5D-96-70">
      <ModulePath>c:\program files\dotnet\sdk\2.0.0\Microsoft.Build.Utilities.Core.dll</ModulePath>
      <ModuleTime>2017-08-03T15:38:12Z</ModuleTime>
      <ModuleName>Microsoft.Build.Utilities.Core</ModuleName>
      <Classes />
    </Module>
    <Module skippedDueTo="Filter" hash="9C-5E-06-F4-40-59-52-D1-C2-BB-AD-8B-A2-71-FE-00-29-91-FB-22">
      <ModulePath>c:\program files\dotnet\sdk\2.0.0\Microsoft.DotNet.Tools.MigrateCommand.dll</ModulePath>
      <ModuleTime>2017-08-03T15:38:12Z</ModuleTime>
      <ModuleName>Microsoft.DotNet.Tools.MigrateCommand</ModuleName>
      <Classes />
    </Module>
    <Module skippedDueTo="Filter" hash="2F-A2-C3-6C-F6-A3-2A-6E-53-71-40-01-62-37-30-49-FA-DF-7C-A9">
      <ModulePath>c:\program files\dotnet\sdk\2.0.0\Microsoft.DotNet.Cli.Utils.dll</ModulePath>
      <ModuleTime>2017-08-03T15:38:12Z</ModuleTime>
      <ModuleName>Microsoft.DotNet.Cli.Utils</ModuleName>
      <Classes />
    </Module>
    <Module skippedDueTo="Filter" hash="61-6F-28-76-46-18-91-8F-1F-DF-4A-71-89-22-3D-AD-27-58-DF-F4">
      <ModulePath>c:\program files\dotnet\sdk\2.0.0\NuGet.Frameworks.dll</ModulePath>
      <ModuleTime>2017-08-03T15:38:14Z</ModuleTime>
      <ModuleName>NuGet.Frameworks</ModuleName>
      <Classes />
    </Module>
    <Module skippedDueTo="Filter" hash="45-E9-3D-14-67-92-EB-4A-1C-CC-E2-01-D2-6C-A1-29-4A-C8-C1-1E">
      <ModulePath>c:\program files\dotnet\shared\Microsoft.NETCore.App\2.0.0\System.Reflection.Extensions.dll</ModulePath>
      <ModuleTime>2017-07-20T19:22:08Z</ModuleTime>
      <ModuleName>System.Reflection.Extensions</ModuleName>
      <Classes />
    </Module>
    <Module skippedDueTo="Filter" hash="2E-35-22-68-5A-D9-36-15-EC-F3-74-A3-8F-CF-4A-C8-78-CE-3D-CC">
      <ModulePath>c:\program files\dotnet\sdk\2.0.0\Microsoft.DotNet.Configurer.dll</ModulePath>
      <ModuleTime>2017-08-03T15:38:12Z</ModuleTime>
      <ModuleName>Microsoft.DotNet.Configurer</ModuleName>
      <Classes />
    </Module>
    <Module skippedDueTo="Filter" hash="EC-0B-8B-39-3F-4D-BE-88-95-7B-93-F6-A4-A9-66-41-9E-C9-48-9B">
      <ModulePath>c:\program files\dotnet\sdk\2.0.0\Microsoft.DotNet.InternalAbstractions.dll</ModulePath>
      <ModuleTime>2017-08-03T15:38:12Z</ModuleTime>
      <ModuleName>Microsoft.DotNet.InternalAbstractions</ModuleName>
      <Classes />
    </Module>
    <Module skippedDueTo="Filter" hash="2A-C9-25-F3-D5-15-6C-B1-09-A6-1F-DA-0F-51-0B-96-DE-24-F6-E0">
      <ModulePath>c:\program files\dotnet\shared\Microsoft.NETCore.App\2.0.0\System.IO.FileSystem.Primitives.dll</ModulePath>
      <ModuleTime>2017-07-20T19:22:06Z</ModuleTime>
      <ModuleName>System.IO.FileSystem.Primitives</ModuleName>
      <Classes />
    </Module>
    <Module skippedDueTo="Filter" hash="2D-70-CB-62-DA-FC-A2-6C-E4-9F-F1-DB-4C-3B-9A-34-20-80-E4-06">
      <ModulePath>c:\program files\dotnet\shared\Microsoft.NETCore.App\2.0.0\System.IO.dll</ModulePath>
      <ModuleTime>2017-07-20T19:22:06Z</ModuleTime>
      <ModuleName>System.IO</ModuleName>
      <Classes />
    </Module>
    <Module skippedDueTo="Filter" hash="FB-85-16-BA-B9-27-D4-54-BE-3D-21-48-B1-DC-3D-6E-22-5E-D1-D6">
      <ModulePath>c:\program files\dotnet\sdk\2.0.0\Microsoft.ApplicationInsights.dll</ModulePath>
      <ModuleTime>2017-08-03T15:38:10Z</ModuleTime>
      <ModuleName>Microsoft.ApplicationInsights</ModuleName>
      <Classes />
    </Module>
    <Module skippedDueTo="Filter" hash="B8-E0-1C-46-05-EF-1C-0F-0F-1D-3C-D4-89-4D-08-3A-89-36-F3-E5">
      <ModulePath>c:\program files\dotnet\shared\Microsoft.NETCore.App\2.0.0\System.Xml.XDocument.dll</ModulePath>
      <ModuleTime>2017-07-20T19:22:08Z</ModuleTime>
      <ModuleName>System.Xml.XDocument</ModuleName>
      <Classes />
    </Module>
    <Module skippedDueTo="Filter" hash="DD-F6-D3-A5-01-A8-F6-AC-1B-A1-E9-B5-7C-53-43-D4-64-1C-30-53">
      <ModulePath>c:\program files\dotnet\shared\Microsoft.NETCore.App\2.0.0\System.Private.Xml.Linq.dll</ModulePath>
      <ModuleTime>2017-07-20T19:22:08Z</ModuleTime>
      <ModuleName>System.Private.Xml.Linq</ModuleName>
      <Classes />
    </Module>
    <Module skippedDueTo="Filter" hash="76-A3-0C-AD-28-11-DC-81-BA-2D-4B-C3-06-E4-74-7F-83-3A-B3-DF">
      <ModulePath>c:\program files\dotnet\shared\Microsoft.NETCore.App\2.0.0\System.Runtime.Handles.dll</ModulePath>
      <ModuleTime>2017-07-20T19:22:08Z</ModuleTime>
      <ModuleName>System.Runtime.Handles</ModuleName>
      <Classes />
    </Module>
    <Module skippedDueTo="Filter" hash="A0-2C-E4-67-65-31-2F-52-34-BE-1B-B5-8E-F0-03-96-33-5C-4A-E3">
      <ModulePath>c:\program files\dotnet\shared\Microsoft.NETCore.App\2.0.0\System.Diagnostics.Tracing.dll</ModulePath>
      <ModuleTime>2017-07-20T19:22:06Z</ModuleTime>
      <ModuleName>System.Diagnostics.Tracing</ModuleName>
      <Classes />
    </Module>
    <Module skippedDueTo="Filter" hash="EF-01-0C-C7-04-7B-55-8E-E4-3A-33-93-09-C2-FB-42-94-A0-43-B7">
      <ModulePath>c:\program files\dotnet\shared\Microsoft.NETCore.App\2.0.0\System.Threading.Tasks.dll</ModulePath>
      <ModuleTime>2017-07-20T19:22:08Z</ModuleTime>
      <ModuleName>System.Threading.Tasks</ModuleName>
      <Classes />
    </Module>
    <Module skippedDueTo="Filter" hash="FA-2B-87-A5-50-E5-4F-A1-C0-7E-53-1F-0B-F1-52-F1-E9-38-1F-38">
      <ModulePath>c:\program files\dotnet\shared\Microsoft.NETCore.App\2.0.0\System.Private.Uri.dll</ModulePath>
      <ModuleTime>2017-07-20T19:22:08Z</ModuleTime>
      <ModuleName>System.Private.Uri</ModuleName>
      <Classes />
    </Module>
    <Module skippedDueTo="Filter" hash="26-B6-2A-48-3A-C2-D7-FF-90-A6-A4-40-4C-01-ED-9D-D5-81-FF-AF">
      <ModulePath>c:\program files\dotnet\sdk\2.0.0\Microsoft.DotNet.PlatformAbstractions.dll</ModulePath>
      <ModuleTime>2017-08-03T15:38:12Z</ModuleTime>
      <ModuleName>Microsoft.DotNet.PlatformAbstractions</ModuleName>
      <Classes />
    </Module>
    <Module skippedDueTo="Filter" hash="DF-1D-D6-51-B7-A1-8A-53-06-A0-34-64-B1-6C-11-1E-7F-0F-CE-94">
      <ModulePath>c:\program files\dotnet\shared\Microsoft.NETCore.App\2.0.0\System.Threading.Tasks.Dataflow.dll</ModulePath>
      <ModuleTime>2017-07-20T19:22:08Z</ModuleTime>
      <ModuleName>System.Threading.Tasks.Dataflow</ModuleName>
      <Classes />
    </Module>
    <Module skippedDueTo="Filter" hash="C9-03-33-2D-B2-3B-A1-8A-2F-95-2B-0B-9D-A7-9A-D1-0D-9E-03-C3">
      <ModulePath>c:\program files\dotnet\shared\Microsoft.NETCore.App\2.0.0\netstandard.dll</ModulePath>
      <ModuleTime>2017-07-20T19:22:08Z</ModuleTime>
      <ModuleName>netstandard</ModuleName>
      <Classes />
    </Module>
    <Module skippedDueTo="Filter" hash="1D-2D-98-E4-A2-F2-43-8E-21-6C-72-DF-A8-3D-26-3C-24-D6-D9-12">
      <ModulePath>c:\program files\dotnet\shared\Microsoft.NETCore.App\2.0.0\System.Security.Cryptography.Algorithms.dll</ModulePath>
      <ModuleTime>2017-07-20T19:22:08Z</ModuleTime>
      <ModuleName>System.Security.Cryptography.Algorithms</ModuleName>
      <Classes />
    </Module>
    <Module skippedDueTo="Filter" hash="C9-B1-4A-54-97-4E-1E-D7-82-8B-E9-17-E9-56-A6-83-32-BF-A1-41">
      <ModulePath>c:\program files\dotnet\shared\Microsoft.NETCore.App\2.0.0\System.Security.Cryptography.Primitives.dll</ModulePath>
      <ModuleTime>2017-07-20T19:22:08Z</ModuleTime>
      <ModuleName>System.Security.Cryptography.Primitives</ModuleName>
      <Classes />
    </Module>
    <Module skippedDueTo="Filter" hash="3E-2C-80-45-4B-5B-8B-5F-09-84-82-17-AA-7B-43-BF-3F-43-55-D2">
      <ModulePath>c:\program files\dotnet\shared\Microsoft.NETCore.App\2.0.0\System.Resources.ResourceManager.dll</ModulePath>
      <ModuleTime>2017-07-20T19:22:08Z</ModuleTime>
      <ModuleName>System.Resources.ResourceManager</ModuleName>
      <Classes />
    </Module>
    <Module skippedDueTo="Filter" hash="72-CB-32-78-BF-40-DC-A2-F9-93-40-5B-0F-27-97-62-5E-67-59-0F">
      <ModulePath>c:\program files\dotnet\sdk\2.0.0\pt-BR\Microsoft.Build.resources.dll</ModulePath>
      <ModuleTime>2017-08-03T15:38:10Z</ModuleTime>
      <ModuleName>Microsoft.Build.resources</ModuleName>
      <Classes />
    </Module>
    <Module skippedDueTo="Filter" hash="D5-25-59-4D-0F-50-A0-85-00-7F-EB-E1-0B-BD-B5-82-30-09-75-C8">
      <ModulePath>c:\program files\dotnet\shared\Microsoft.NETCore.App\2.0.0\System.ObjectModel.dll</ModulePath>
      <ModuleTime>2017-07-20T19:22:08Z</ModuleTime>
      <ModuleName>System.ObjectModel</ModuleName>
      <Classes />
    </Module>
    <Module skippedDueTo="Filter" hash="92-A1-00-E7-E2-BF-4D-F7-95-CB-46-C2-DF-CC-15-61-47-27-B2-9F">
      <ModulePath>c:\program files\dotnet\shared\Microsoft.NETCore.App\2.0.0\System.Threading.Thread.dll</ModulePath>
      <ModuleTime>2017-07-20T19:22:08Z</ModuleTime>
      <ModuleName>System.Threading.Thread</ModuleName>
      <Classes />
    </Module>
    <Module skippedDueTo="Filter" hash="7C-EB-99-71-08-B5-1F-60-CA-48-72-95-5E-DE-E2-5B-79-99-49-4F">
      <ModulePath>c:\program files\dotnet\shared\Microsoft.NETCore.App\2.0.0\System.Xml.ReaderWriter.dll</ModulePath>
      <ModuleTime>2017-07-20T19:22:08Z</ModuleTime>
      <ModuleName>System.Xml.ReaderWriter</ModuleName>
      <Classes />
    </Module>
    <Module skippedDueTo="Filter" hash="92-AC-DA-99-81-1A-EB-3D-7D-F3-46-72-13-0A-D3-C6-8A-70-DB-4C">
      <ModulePath>c:\program files\dotnet\shared\Microsoft.NETCore.App\2.0.0\System.Private.Xml.dll</ModulePath>
      <ModuleTime>2017-07-20T19:22:08Z</ModuleTime>
      <ModuleName>System.Private.Xml</ModuleName>
      <Classes />
    </Module>
    <Module skippedDueTo="Filter" hash="D3-F6-1A-F1-57-F1-04-F9-6E-11-BB-94-3E-86-F5-C3-6D-06-04-E2">
      <ModulePath>c:\program files\dotnet\shared\Microsoft.NETCore.App\2.0.0\System.Text.Encoding.Extensions.dll</ModulePath>
      <ModuleTime>2017-07-20T19:22:08Z</ModuleTime>
      <ModuleName>System.Text.Encoding.Extensions</ModuleName>
      <Classes />
    </Module>
    <Module skippedDueTo="Filter" hash="CF-8A-90-C4-AB-10-6A-59-C0-1A-9A-F8-B0-C9-E3-7D-B3-7F-76-A4">
      <ModulePath>c:\program files\dotnet\shared\Microsoft.NETCore.App\2.0.0\System.Xml.XmlDocument.dll</ModulePath>
      <ModuleTime>2017-07-20T19:22:08Z</ModuleTime>
      <ModuleName>System.Xml.XmlDocument</ModuleName>
      <Classes />
    </Module>
    <Module skippedDueTo="Filter" hash="1A-66-09-E2-D5-E4-83-D8-7E-2A-93-BE-1A-5C-12-EF-04-A0-6A-AE">
      <ModulePath>c:\program files\dotnet\shared\Microsoft.NETCore.App\2.0.0\System.Diagnostics.FileVersionInfo.dll</ModulePath>
      <ModuleTime>2017-07-20T19:22:06Z</ModuleTime>
      <ModuleName>System.Diagnostics.FileVersionInfo</ModuleName>
      <Classes />
    </Module>
    <Module skippedDueTo="Filter" hash="52-C8-E5-3A-B2-32-4A-17-18-33-8B-13-C2-3A-53-6D-EC-77-D9-9A">
      <ModulePath>c:\program files\dotnet\shared\Microsoft.NETCore.App\2.0.0\System.Reflection.Primitives.dll</ModulePath>
      <ModuleTime>2017-07-20T19:22:08Z</ModuleTime>
      <ModuleName>System.Reflection.Primitives</ModuleName>
      <Classes />
    </Module>
    <Module skippedDueTo="Filter" hash="B1-F6-FE-F4-3D-92-32-23-15-F5-F7-C9-04-1B-F8-AD-AF-D2-E4-C6">
      <ModulePath>c:\program files\dotnet\shared\Microsoft.NETCore.App\2.0.0\System.Collections.Immutable.dll</ModulePath>
      <ModuleTime>2017-07-20T19:22:06Z</ModuleTime>
      <ModuleName>System.Collections.Immutable</ModuleName>
      <Classes />
    </Module>
    <Module skippedDueTo="Filter" hash="45-27-D9-F1-DC-D9-48-5D-C7-D5-DC-7B-D0-B9-B3-2F-73-05-3B-AE">
      <ModulePath>c:\program files\dotnet\sdk\2.0.0\Microsoft.Build.Tasks.Core.dll</ModulePath>
      <ModuleTime>2017-08-03T15:38:12Z</ModuleTime>
      <ModuleName>Microsoft.Build.Tasks.Core</ModuleName>
      <Classes />
    </Module>
    <Module skippedDueTo="Filter" hash="9F-AA-5C-49-70-18-29-02-31-3E-CA-D3-BE-76-3F-CD-D7-32-04-E6">
      <ModulePath>c:\program files\dotnet\sdk\2.0.0\Microsoft.TestPlatform.Build.dll</ModulePath>
      <ModuleTime>2017-08-03T15:38:12Z</ModuleTime>
      <ModuleName>Microsoft.TestPlatform.Build</ModuleName>
      <Classes />
    </Module>
    <Module skippedDueTo="Filter" hash="50-B7-0E-CE-03-26-1D-99-C0-19-0F-7E-AB-AB-7A-52-3C-23-2D-95">
      <ModulePath>c:\program files\dotnet\shared\Microsoft.NETCore.App\2.0.0\System.Threading.ThreadPool.dll</ModulePath>
      <ModuleTime>2017-07-20T19:22:08Z</ModuleTime>
      <ModuleName>System.Threading.ThreadPool</ModuleName>
      <Classes />
    </Module>
    <Module skippedDueTo="Filter" hash="7F-86-D1-E6-14-45-A7-32-BF-F5-26-4C-B3-4B-72-A0-1B-F2-EF-62">
      <ModulePath>c:\program files\dotnet\shared\Microsoft.NETCore.App\2.0.0\System.Runtime.Loader.dll</ModulePath>
      <ModuleTime>2017-07-20T19:22:08Z</ModuleTime>
      <ModuleName>System.Runtime.Loader</ModuleName>
      <Classes />
    </Module>
    <Module skippedDueTo="Filter" hash="85-74-21-EC-76-BB-C4-A6-3A-AE-CE-60-C8-82-FC-E5-4F-88-33-73">
      <ModulePath>c:\program files\dotnet\shared\Microsoft.NETCore.App\2.0.0\System.Diagnostics.Tools.dll</ModulePath>
      <ModuleTime>2017-07-20T19:22:06Z</ModuleTime>
      <ModuleName>System.Diagnostics.Tools</ModuleName>
      <Classes />
    </Module>
    <Module skippedDueTo="Filter" hash="BB-C3-60-8D-63-57-F2-73-7D-85-8E-5E-18-FD-1B-3B-FE-37-42-F8">
      <ModulePath>c:\program files\dotnet\sdk\2.0.0\Sdks\Microsoft.NET.Sdk\build\..\tools\netcoreapp1.0/Microsoft.NET.Build.Tasks.dll</ModulePath>
      <ModuleTime>2017-08-03T15:38:12Z</ModuleTime>
      <ModuleName>Microsoft.NET.Build.Tasks</ModuleName>
      <Classes />
    </Module>
    <Module skippedDueTo="Filter" hash="AB-3C-81-B8-F6-36-BB-7C-8D-F5-C8-0A-7F-23-6E-13-4F-0E-D5-62">
      <ModulePath>c:\program files\dotnet\shared\Microsoft.NETCore.App\2.0.0\System.Diagnostics.Debug.dll</ModulePath>
      <ModuleTime>2017-07-20T19:22:06Z</ModuleTime>
      <ModuleName>System.Diagnostics.Debug</ModuleName>
      <Classes />
    </Module>
    <Module skippedDueTo="Filter" hash="EE-F7-12-04-F9-F9-02-18-2C-FA-A5-20-0B-E5-40-DC-C9-BA-47-4F">
      <ModulePath>c:\program files\dotnet\shared\Microsoft.NETCore.App\2.0.0\System.IO.Compression.dll</ModulePath>
      <ModuleTime>2017-07-20T19:22:06Z</ModuleTime>
      <ModuleName>System.IO.Compression</ModuleName>
      <Classes />
    </Module>
    <Module skippedDueTo="Filter" hash="CD-43-5A-53-5F-46-5A-61-F0-49-BE-B7-F3-EA-0F-20-AD-1A-8D-C6">
      <ModulePath>c:\program files\dotnet\shared\Microsoft.NETCore.App\2.0.0\System.Buffers.dll</ModulePath>
      <ModuleTime>2017-07-20T19:22:06Z</ModuleTime>
      <ModuleName>System.Buffers</ModuleName>
      <Classes />
    </Module>
    <Module skippedDueTo="Filter" hash="34-20-29-0F-12-7C-51-21-36-C6-7F-67-06-6A-AA-5A-34-0A-68-7C">
      <ModulePath>c:\program files\dotnet\sdk\2.0.0\NuGet.ProjectModel.dll</ModulePath>
      <ModuleTime>2017-08-03T15:38:14Z</ModuleTime>
      <ModuleName>NuGet.ProjectModel</ModuleName>
      <Classes />
    </Module>
    <Module skippedDueTo="Filter" hash="42-EF-DB-53-B2-A2-29-DF-FE-89-B4-25-36-E6-70-A0-D9-CF-30-6D">
      <ModulePath>c:\program files\dotnet\sdk\2.0.0\NuGet.Common.dll</ModulePath>
      <ModuleTime>2017-08-03T15:38:14Z</ModuleTime>
      <ModuleName>NuGet.Common</ModuleName>
      <Classes />
    </Module>
    <Module skippedDueTo="Filter" hash="CD-6B-BC-AF-EF-21-6A-54-B4-B0-81-FD-3E-17-A9-EA-BA-D0-23-3D">
      <ModulePath>c:\program files\dotnet\shared\Microsoft.NETCore.App\2.0.0\System.Net.Http.dll</ModulePath>
      <ModuleTime>2017-07-20T19:22:06Z</ModuleTime>
      <ModuleName>System.Net.Http</ModuleName>
      <Classes />
    </Module>
    <Module skippedDueTo="Filter" hash="5F-EC-41-41-AB-49-88-F8-F1-2A-13-23-4A-59-C7-E1-C4-B9-7B-57">
      <ModulePath>c:\program files\dotnet\shared\Microsoft.NETCore.App\2.0.0\System.Net.Primitives.dll</ModulePath>
      <ModuleTime>2017-07-20T19:22:08Z</ModuleTime>
      <ModuleName>System.Net.Primitives</ModuleName>
      <Classes />
    </Module>
    <Module skippedDueTo="Filter" hash="ED-46-3A-5F-F7-9C-67-C7-90-67-C9-D6-B9-9B-EC-00-E8-1F-73-D6">
      <ModulePath>c:\program files\dotnet\sdk\2.0.0\Newtonsoft.Json.dll</ModulePath>
      <ModuleTime>2017-08-03T15:32:18Z</ModuleTime>
      <ModuleName>Newtonsoft.Json</ModuleName>
      <Classes />
    </Module>
    <Module skippedDueTo="Filter" hash="7A-DB-D3-5C-EB-1E-6E-FF-8F-C6-E5-82-86-2B-77-2E-B1-DE-36-21">
      <ModulePath>c:\program files\dotnet\shared\Microsoft.NETCore.App\2.0.0\System.Dynamic.Runtime.dll</ModulePath>
      <ModuleTime>2017-07-20T19:22:06Z</ModuleTime>
      <ModuleName>System.Dynamic.Runtime</ModuleName>
      <Classes />
    </Module>
    <Module skippedDueTo="Filter" hash="83-02-2F-5B-C7-1D-94-96-BC-75-A7-ED-DA-57-BA-A5-FB-E7-6F-1B">
      <ModulePath>c:\program files\dotnet\shared\Microsoft.NETCore.App\2.0.0\System.Linq.Expressions.dll</ModulePath>
      <ModuleTime>2017-07-20T19:22:06Z</ModuleTime>
      <ModuleName>System.Linq.Expressions</ModuleName>
      <Classes />
    </Module>
    <Module skippedDueTo="Filter" hash="AE-65-E4-FB-FE-67-FA-05-AA-9C-A5-D5-B0-AF-33-CC-AF-92-9B-35">
      <ModulePath>c:\program files\dotnet\shared\Microsoft.NETCore.App\2.0.0\System.Diagnostics.DiagnosticSource.dll</ModulePath>
      <ModuleTime>2017-07-20T19:22:06Z</ModuleTime>
      <ModuleName>System.Diagnostics.DiagnosticSource</ModuleName>
      <Classes />
    </Module>
    <Module skippedDueTo="Filter" hash="94-15-48-19-F1-3C-5A-72-8C-BC-69-73-B7-42-21-90-E4-5A-A9-B9">
      <ModulePath>c:\program files\dotnet\shared\Microsoft.NETCore.App\2.0.0\System.Security.Cryptography.X509Certificates.dll</ModulePath>
      <ModuleTime>2017-07-20T19:22:08Z</ModuleTime>
      <ModuleName>System.Security.Cryptography.X509Certificates</ModuleName>
      <Classes />
    </Module>
    <Module skippedDueTo="Filter" hash="01-7C-FF-CC-31-09-CB-75-72-9E-FD-1B-F2-5F-ED-97-B5-6D-68-A6">
      <ModulePath>c:\program files\dotnet\sdk\2.0.0\NuGet.Versioning.dll</ModulePath>
      <ModuleTime>2017-08-03T15:38:14Z</ModuleTime>
      <ModuleName>NuGet.Versioning</ModuleName>
      <Classes />
    </Module>
    <Module skippedDueTo="Filter" hash="EE-6C-FA-0A-6A-DC-CC-D0-7C-47-80-2F-52-03-C1-43-5F-B6-4D-21">
      <ModulePath>c:\program files\dotnet\sdk\2.0.0\NuGet.Packaging.Core.dll</ModulePath>
      <ModuleTime>2017-08-03T15:38:14Z</ModuleTime>
      <ModuleName>NuGet.Packaging.Core</ModuleName>
      <Classes />
    </Module>
    <Module skippedDueTo="Filter" hash="A5-FE-BE-35-DD-6B-D4-01-E6-C1-24-58-7F-38-5C-DF-08-50-E8-6B">
      <ModulePath>c:\program files\dotnet\sdk\2.0.0\NuGet.LibraryModel.dll</ModulePath>
      <ModuleTime>2017-08-03T15:38:14Z</ModuleTime>
      <ModuleName>NuGet.LibraryModel</ModuleName>
      <Classes />
    </Module>
    <Module skippedDueTo="Filter" hash="E2-8A-C3-6A-5D-6A-04-06-5B-99-36-2C-F0-F7-03-5E-9C-25-4F-71">
      <ModulePath>c:\program files\dotnet\sdk\2.0.0\NuGet.Packaging.dll</ModulePath>
      <ModuleTime>2017-08-03T15:38:14Z</ModuleTime>
      <ModuleName>NuGet.Packaging</ModuleName>
      <Classes />
    </Module>
    <Module skippedDueTo="Filter" hash="41-F8-31-7B-7E-F3-AA-CA-4A-47-EA-DA-69-B0-C3-82-F9-10-35-0B">
      <ModulePath>c:\program files\dotnet\sdk\2.0.0\NuGet.Configuration.dll</ModulePath>
      <ModuleTime>2017-08-03T15:38:14Z</ModuleTime>
      <ModuleName>NuGet.Configuration</ModuleName>
      <Classes />
    </Module>
    <Module skippedDueTo="Filter" hash="7A-4E-EA-02-C5-9C-C2-35-AF-5C-32-44-81-31-13-B9-48-19-90-BA">
      <ModulePath>c:\program files\dotnet\sdk\2.0.0\pt-BR\Microsoft.Build.Tasks.Core.resources.dll</ModulePath>
      <ModuleTime>2017-08-03T15:38:12Z</ModuleTime>
      <ModuleName>Microsoft.Build.Tasks.Core.resources</ModuleName>
      <Classes />
    </Module>
    <Module skippedDueTo="Filter" hash="A0-09-A9-AA-69-54-D1-5B-6B-5A-31-E6-72-0B-D1-98-3D-08-B7-BD">
      <ModulePath>c:\program files\dotnet\sdk\2.0.0\Sdks\Microsoft.NET.Sdk\build\..\tools\netcoreapp1.0\pt-BR\Microsoft.NET.Build.Tasks.resources.dll</ModulePath>
      <ModuleTime>2017-08-03T15:38:12Z</ModuleTime>
      <ModuleName>Microsoft.NET.Build.Tasks.resources</ModuleName>
      <Classes />
    </Module>
    <Module skippedDueTo="Filter" hash="A0-72-53-FA-36-18-FB-FB-F8-17-22-67-D9-37-D8-0C-48-8C-D2-DE">
      <ModulePath>c:\program files\dotnet\shared\Microsoft.NETCore.App\2.0.0\System.Reflection.Metadata.dll</ModulePath>
      <ModuleTime>2017-07-20T19:22:08Z</ModuleTime>
      <ModuleName>System.Reflection.Metadata</ModuleName>
      <Classes />
    </Module>
    <Module skippedDueTo="Filter" hash="92-D8-BD-43-1E-47-8E-28-0A-44-C7-08-44-82-19-58-5E-AD-35-C9">
      <ModulePath>c:\program files\dotnet\shared\Microsoft.NETCore.App\2.0.0\System.IO.MemoryMappedFiles.dll</ModulePath>
      <ModuleTime>2017-07-20T19:22:06Z</ModuleTime>
      <ModuleName>System.IO.MemoryMappedFiles</ModuleName>
      <Classes />
    </Module>
    <Module skippedDueTo="Filter" hash="67-67-16-7B-20-D9-6E-DB-27-08-C7-3A-63-FF-24-D0-E5-7F-FD-86">
      <ModulePath>c:\program files\dotnet\sdk\2.0.0\Roslyn\Microsoft.Build.Tasks.CodeAnalysis.dll</ModulePath>
      <ModuleTime>2017-08-03T15:38:10Z</ModuleTime>
      <ModuleName>Microsoft.Build.Tasks.CodeAnalysis</ModuleName>
      <Classes />
    </Module>
    <Module skippedDueTo="Filter" hash="10-5F-52-1E-AE-ED-C8-AC-46-9C-6B-23-CA-AD-10-67-C9-96-30-2F">
      <ModulePath>c:\program files\dotnet\shared\Microsoft.NETCore.App\2.0.0\System.Threading.Timer.dll</ModulePath>
      <ModuleTime>2017-07-20T19:22:08Z</ModuleTime>
      <ModuleName>System.Threading.Timer</ModuleName>
      <Classes />
    </Module>
    <Module skippedDueTo="Filter" hash="2F-88-A9-BB-B6-16-36-10-AC-73-83-54-44-F5-17-12-E0-9F-03-28">
      <ModulePath>c:\Program Files\dotnet\shared\Microsoft.NETCore.App\2.0.0\System.Private.CoreLib.dll</ModulePath>
      <ModuleTime>2017-07-20T19:22:08Z</ModuleTime>
      <ModuleName>System.Private.CoreLib</ModuleName>
      <Classes />
    </Module>
    <Module skippedDueTo="Filter" hash="5C-D7-DD-0B-B5-34-B3-98-8A-46-72-DF-DF-3B-08-80-87-F7-2D-74">
      <ModulePath>c:\Program Files\dotnet\sdk\2.0.0\Roslyn\csc.exe</ModulePath>
      <ModuleTime>2017-08-03T15:38:10Z</ModuleTime>
      <ModuleName>csc</ModuleName>
      <Classes />
    </Module>
    <Module skippedDueTo="Filter" hash="B1-9D-98-DD-3C-A1-89-69-AC-7E-F1-16-E9-88-3F-F4-4C-77-AB-38">
      <ModulePath>c:\Program Files\dotnet\shared\Microsoft.NETCore.App\2.0.0\System.Runtime.dll</ModulePath>
      <ModuleTime>2017-07-20T19:22:08Z</ModuleTime>
      <ModuleName>System.Runtime</ModuleName>
      <Classes />
    </Module>
    <Module skippedDueTo="Filter" hash="9B-A1-C6-CF-DD-DD-32-06-E7-23-45-C1-76-64-62-B7-E0-AC-BF-98">
      <ModulePath>c:\Program Files\dotnet\sdk\2.0.0\Roslyn\Microsoft.CodeAnalysis.CSharp.dll</ModulePath>
      <ModuleTime>2017-08-03T15:38:12Z</ModuleTime>
      <ModuleName>Microsoft.CodeAnalysis.CSharp</ModuleName>
      <Classes />
    </Module>
    <Module skippedDueTo="Filter" hash="CD-F6-EB-CC-95-7B-2D-32-3B-5B-41-E8-25-44-45-CA-FF-5E-65-15">
      <ModulePath>c:\Program Files\dotnet\sdk\2.0.0\Roslyn\Microsoft.CodeAnalysis.dll</ModulePath>
      <ModuleTime>2017-08-03T15:38:12Z</ModuleTime>
      <ModuleName>Microsoft.CodeAnalysis</ModuleName>
      <Classes />
    </Module>
    <Module skippedDueTo="Filter" hash="2D-70-CB-62-DA-FC-A2-6C-E4-9F-F1-DB-4C-3B-9A-34-20-80-E4-06">
      <ModulePath>c:\Program Files\dotnet\shared\Microsoft.NETCore.App\2.0.0\System.IO.dll</ModulePath>
      <ModuleTime>2017-07-20T19:22:06Z</ModuleTime>
      <ModuleName>System.IO</ModuleName>
      <Classes />
    </Module>
    <Module skippedDueTo="Filter" hash="3C-7A-96-F0-F0-0A-AB-CF-4A-F1-7F-84-AD-D1-CC-8A-89-FB-43-30">
      <ModulePath>c:\Program Files\dotnet\shared\Microsoft.NETCore.App\2.0.0\System.Runtime.Extensions.dll</ModulePath>
      <ModuleTime>2017-07-20T19:22:08Z</ModuleTime>
      <ModuleName>System.Runtime.Extensions</ModuleName>
      <Classes />
    </Module>
    <Module skippedDueTo="Filter" hash="EF-01-0C-C7-04-7B-55-8E-E4-3A-33-93-09-C2-FB-42-94-A0-43-B7">
      <ModulePath>c:\Program Files\dotnet\shared\Microsoft.NETCore.App\2.0.0\System.Threading.Tasks.dll</ModulePath>
      <ModuleTime>2017-07-20T19:22:08Z</ModuleTime>
      <ModuleName>System.Threading.Tasks</ModuleName>
      <Classes />
    </Module>
    <Module skippedDueTo="Filter" hash="B1-F6-FE-F4-3D-92-32-23-15-F5-F7-C9-04-1B-F8-AD-AF-D2-E4-C6">
      <ModulePath>c:\Program Files\dotnet\shared\Microsoft.NETCore.App\2.0.0\System.Collections.Immutable.dll</ModulePath>
      <ModuleTime>2017-07-20T19:22:06Z</ModuleTime>
      <ModuleName>System.Collections.Immutable</ModuleName>
      <Classes />
    </Module>
    <Module skippedDueTo="Filter" hash="F6-9B-26-AA-03-02-E2-D8-6A-A8-43-4E-56-E5-60-DE-59-F9-52-D2">
      <ModulePath>c:\Program Files\dotnet\shared\Microsoft.NETCore.App\2.0.0\System.Collections.dll</ModulePath>
      <ModuleTime>2017-07-20T19:22:06Z</ModuleTime>
      <ModuleName>System.Collections</ModuleName>
      <Classes />
    </Module>
    <Module skippedDueTo="Filter" hash="DE-55-56-DD-F9-10-4A-C4-29-48-0E-22-37-90-BC-B2-63-33-74-A7">
      <ModulePath>c:\Program Files\dotnet\sdk\2.0.0\Roslyn\runtimes\win\lib\netstandard1.3\System.Text.Encoding.CodePages.dll</ModulePath>
      <ModuleTime>2017-08-03T15:38:16Z</ModuleTime>
      <ModuleName>System.Text.Encoding.CodePages</ModuleName>
      <Classes />
    </Module>
    <Module skippedDueTo="Filter" hash="71-55-8B-F9-57-BC-B0-34-9A-F8-A2-C8-58-A4-C7-74-EC-A4-CD-9C">
      <ModulePath>c:\Program Files\dotnet\shared\Microsoft.NETCore.App\2.0.0\System.Text.Encoding.dll</ModulePath>
      <ModuleTime>2017-07-20T19:22:08Z</ModuleTime>
      <ModuleName>System.Text.Encoding</ModuleName>
      <Classes />
    </Module>
    <Module skippedDueTo="Filter" hash="A9-35-05-17-48-B6-02-2A-7D-91-FC-4B-90-29-11-57-7E-06-AC-62">
      <ModulePath>c:\Program Files\dotnet\shared\Microsoft.NETCore.App\2.0.0\System.AppContext.dll</ModulePath>
      <ModuleTime>2017-07-20T19:22:06Z</ModuleTime>
      <ModuleName>System.AppContext</ModuleName>
      <Classes />
    </Module>
    <Module skippedDueTo="Filter" hash="89-70-E9-C9-2D-15-5F-35-A4-A6-47-48-86-2C-E8-14-EC-34-B9-9F">
      <ModulePath>c:\Program Files\dotnet\shared\Microsoft.NETCore.App\2.0.0\System.IO.FileSystem.dll</ModulePath>
      <ModuleTime>2017-07-20T19:22:06Z</ModuleTime>
      <ModuleName>System.IO.FileSystem</ModuleName>
      <Classes />
    </Module>
    <Module skippedDueTo="Filter" hash="EB-18-C3-43-11-91-EB-51-F0-4E-50-91-DE-EC-A3-6F-E7-CE-D9-3E">
      <ModulePath>c:\Program Files\dotnet\shared\Microsoft.NETCore.App\2.0.0\System.Threading.dll</ModulePath>
      <ModuleTime>2017-07-20T19:22:08Z</ModuleTime>
      <ModuleName>System.Threading</ModuleName>
      <Classes />
    </Module>
    <Module skippedDueTo="Filter" hash="80-F3-31-87-AA-BE-F0-08-E2-C4-7C-2D-76-97-05-5F-96-6C-E3-CE">
      <ModulePath>c:\Program Files\dotnet\shared\Microsoft.NETCore.App\2.0.0\System.Linq.dll</ModulePath>
      <ModuleTime>2017-07-20T19:22:06Z</ModuleTime>
      <ModuleName>System.Linq</ModuleName>
      <Classes />
    </Module>
    <Module skippedDueTo="Filter" hash="4B-B8-F7-36-81-46-46-AC-52-E9-F6-F0-10-B0-D4-A7-39-49-E6-A5">
      <ModulePath>c:\Program Files\dotnet\shared\Microsoft.NETCore.App\2.0.0\System.Console.dll</ModulePath>
      <ModuleTime>2017-07-20T19:22:06Z</ModuleTime>
      <ModuleName>System.Console</ModuleName>
      <Classes />
    </Module>
    <Module skippedDueTo="Filter" hash="24-D5-33-36-52-51-67-A0-24-3D-22-95-32-23-DA-6D-B4-16-CD-CB">
      <ModulePath>c:\Program Files\dotnet\shared\Microsoft.NETCore.App\2.0.0\System.Reflection.dll</ModulePath>
      <ModuleTime>2017-07-20T19:22:08Z</ModuleTime>
      <ModuleName>System.Reflection</ModuleName>
      <Classes />
    </Module>
    <Module skippedDueTo="Filter" hash="42-05-10-61-0A-00-05-FA-1F-EB-04-C9-F9-DD-2C-D4-89-87-3F-B1">
      <ModulePath>c:\Program Files\dotnet\shared\Microsoft.NETCore.App\2.0.0\System.Runtime.InteropServices.dll</ModulePath>
      <ModuleTime>2017-07-20T19:22:08Z</ModuleTime>
      <ModuleName>System.Runtime.InteropServices</ModuleName>
      <Classes />
    </Module>
    <Module skippedDueTo="Filter" hash="76-A3-0C-AD-28-11-DC-81-BA-2D-4B-C3-06-E4-74-7F-83-3A-B3-DF">
      <ModulePath>c:\Program Files\dotnet\shared\Microsoft.NETCore.App\2.0.0\System.Runtime.Handles.dll</ModulePath>
      <ModuleTime>2017-07-20T19:22:08Z</ModuleTime>
      <ModuleName>System.Runtime.Handles</ModuleName>
      <Classes />
    </Module>
    <Module skippedDueTo="Filter" hash="7F-86-D1-E6-14-45-A7-32-BF-F5-26-4C-B3-4B-72-A0-1B-F2-EF-62">
      <ModulePath>c:\Program Files\dotnet\shared\Microsoft.NETCore.App\2.0.0\System.Runtime.Loader.dll</ModulePath>
      <ModuleTime>2017-07-20T19:22:08Z</ModuleTime>
      <ModuleName>System.Runtime.Loader</ModuleName>
      <Classes />
    </Module>
    <Module skippedDueTo="Filter" hash="E6-69-68-08-E2-62-0F-85-F0-BE-8F-4D-51-D1-88-8E-81-FD-73-0B">
      <ModulePath>c:\Program Files\dotnet\shared\Microsoft.NETCore.App\2.0.0\System.Globalization.dll</ModulePath>
      <ModuleTime>2017-07-20T19:22:06Z</ModuleTime>
      <ModuleName>System.Globalization</ModuleName>
      <Classes />
    </Module>
    <Module skippedDueTo="Filter" hash="A0-72-53-FA-36-18-FB-FB-F8-17-22-67-D9-37-D8-0C-48-8C-D2-DE">
      <ModulePath>c:\Program Files\dotnet\shared\Microsoft.NETCore.App\2.0.0\System.Reflection.Metadata.dll</ModulePath>
      <ModuleTime>2017-07-20T19:22:08Z</ModuleTime>
      <ModuleName>System.Reflection.Metadata</ModuleName>
      <Classes />
    </Module>
    <Module skippedDueTo="Filter" hash="2A-C9-25-F3-D5-15-6C-B1-09-A6-1F-DA-0F-51-0B-96-DE-24-F6-E0">
      <ModulePath>c:\Program Files\dotnet\shared\Microsoft.NETCore.App\2.0.0\System.IO.FileSystem.Primitives.dll</ModulePath>
      <ModuleTime>2017-07-20T19:22:06Z</ModuleTime>
      <ModuleName>System.IO.FileSystem.Primitives</ModuleName>
      <Classes />
    </Module>
    <Module skippedDueTo="Filter" hash="8B-99-E8-F0-CD-95-95-B0-68-10-D4-3A-CB-A1-0A-BE-38-66-BE-13">
      <ModulePath>c:\Program Files\dotnet\shared\Microsoft.NETCore.App\2.0.0\System.Collections.Concurrent.dll</ModulePath>
      <ModuleTime>2017-07-20T19:22:06Z</ModuleTime>
      <ModuleName>System.Collections.Concurrent</ModuleName>
      <Classes />
    </Module>
    <Module skippedDueTo="Filter" hash="D3-F6-1A-F1-57-F1-04-F9-6E-11-BB-94-3E-86-F5-C3-6D-06-04-E2">
      <ModulePath>c:\Program Files\dotnet\shared\Microsoft.NETCore.App\2.0.0\System.Text.Encoding.Extensions.dll</ModulePath>
      <ModuleTime>2017-07-20T19:22:08Z</ModuleTime>
      <ModuleName>System.Text.Encoding.Extensions</ModuleName>
      <Classes />
    </Module>
    <Module skippedDueTo="Filter" hash="B6-68-A5-33-5F-47-41-2E-78-DB-6D-8D-D5-0F-D8-CB-6B-B6-06-CA">
      <ModulePath>c:\Program Files\dotnet\shared\Microsoft.NETCore.App\2.0.0\System.ValueTuple.dll</ModulePath>
      <ModuleTime>2017-07-20T19:22:08Z</ModuleTime>
      <ModuleName>System.ValueTuple</ModuleName>
      <Classes />
    </Module>
    <Module skippedDueTo="Filter" hash="B6-FC-94-10-86-08-B9-90-E1-BD-00-CD-34-8B-10-C2-1A-3F-8A-71">
      <ModulePath>c:\Program Files\dotnet\shared\Microsoft.NETCore.App\2.0.0\System.Threading.Tasks.Parallel.dll</ModulePath>
      <ModuleTime>2017-07-20T19:22:08Z</ModuleTime>
      <ModuleName>System.Threading.Tasks.Parallel</ModuleName>
      <Classes />
    </Module>
    <Module skippedDueTo="Filter" hash="A0-2C-E4-67-65-31-2F-52-34-BE-1B-B5-8E-F0-03-96-33-5C-4A-E3">
      <ModulePath>c:\Program Files\dotnet\shared\Microsoft.NETCore.App\2.0.0\System.Diagnostics.Tracing.dll</ModulePath>
      <ModuleTime>2017-07-20T19:22:06Z</ModuleTime>
      <ModuleName>System.Diagnostics.Tracing</ModuleName>
      <Classes />
    </Module>
    <Module skippedDueTo="Filter" hash="C9-B1-4A-54-97-4E-1E-D7-82-8B-E9-17-E9-56-A6-83-32-BF-A1-41">
      <ModulePath>c:\Program Files\dotnet\shared\Microsoft.NETCore.App\2.0.0\System.Security.Cryptography.Primitives.dll</ModulePath>
      <ModuleTime>2017-07-20T19:22:08Z</ModuleTime>
      <ModuleName>System.Security.Cryptography.Primitives</ModuleName>
      <Classes />
    </Module>
    <Module skippedDueTo="Filter" hash="1D-2D-98-E4-A2-F2-43-8E-21-6C-72-DF-A8-3D-26-3C-24-D6-D9-12">
      <ModulePath>c:\Program Files\dotnet\shared\Microsoft.NETCore.App\2.0.0\System.Security.Cryptography.Algorithms.dll</ModulePath>
      <ModuleTime>2017-07-20T19:22:08Z</ModuleTime>
      <ModuleName>System.Security.Cryptography.Algorithms</ModuleName>
      <Classes />
    </Module>
    <Module skippedDueTo="Filter" hash="52-C8-E5-3A-B2-32-4A-17-18-33-8B-13-C2-3A-53-6D-EC-77-D9-9A">
      <ModulePath>c:\Program Files\dotnet\shared\Microsoft.NETCore.App\2.0.0\System.Reflection.Primitives.dll</ModulePath>
      <ModuleTime>2017-07-20T19:22:08Z</ModuleTime>
      <ModuleName>System.Reflection.Primitives</ModuleName>
      <Classes />
    </Module>
    <Module skippedDueTo="Filter" hash="51-10-F7-1F-A8-58-D2-3F-13-F2-1F-A4-2B-DB-9D-D6-E2-C1-35-BB">
      <ModulePath>c:\Program Files\dotnet\shared\Microsoft.NETCore.App\2.0.0\System.Runtime.Numerics.dll</ModulePath>
      <ModuleTime>2017-07-20T19:22:08Z</ModuleTime>
      <ModuleName>System.Runtime.Numerics</ModuleName>
      <Classes />
    </Module>
    <Module skippedDueTo="Filter" hash="7C-EB-99-71-08-B5-1F-60-CA-48-72-95-5E-DE-E2-5B-79-99-49-4F">
      <ModulePath>c:\Program Files\dotnet\shared\Microsoft.NETCore.App\2.0.0\System.Xml.ReaderWriter.dll</ModulePath>
      <ModuleTime>2017-07-20T19:22:08Z</ModuleTime>
      <ModuleName>System.Xml.ReaderWriter</ModuleName>
      <Classes />
    </Module>
    <Module skippedDueTo="Filter" hash="92-AC-DA-99-81-1A-EB-3D-7D-F3-46-72-13-0A-D3-C6-8A-70-DB-4C">
      <ModulePath>c:\Program Files\dotnet\shared\Microsoft.NETCore.App\2.0.0\System.Private.Xml.dll</ModulePath>
      <ModuleTime>2017-07-20T19:22:08Z</ModuleTime>
      <ModuleName>System.Private.Xml</ModuleName>
      <Classes />
    </Module>
    <Module skippedDueTo="Filter" hash="FA-2B-87-A5-50-E5-4F-A1-C0-7E-53-1F-0B-F1-52-F1-E9-38-1F-38">
      <ModulePath>c:\Program Files\dotnet\shared\Microsoft.NETCore.App\2.0.0\System.Private.Uri.dll</ModulePath>
      <ModuleTime>2017-07-20T19:22:08Z</ModuleTime>
      <ModuleName>System.Private.Uri</ModuleName>
      <Classes />
    </Module>
    <Module skippedDueTo="Filter" hash="AB-3C-81-B8-F6-36-BB-7C-8D-F5-C8-0A-7F-23-6E-13-4F-0E-D5-62">
      <ModulePath>c:\Program Files\dotnet\shared\Microsoft.NETCore.App\2.0.0\System.Diagnostics.Debug.dll</ModulePath>
      <ModuleTime>2017-07-20T19:22:06Z</ModuleTime>
      <ModuleName>System.Diagnostics.Debug</ModuleName>
      <Classes />
    </Module>
    <Module skippedDueTo="Filter" hash="7B-E0-2C-50-1A-B6-23-9E-85-BF-57-43-19-D4-B8-D7-02-B4-74-A3">
      <ModulePath>c:\program files\dotnet\sdk\2.0.0\Microsoft.Extensions.DependencyModel.dll</ModulePath>
      <ModuleTime>2017-08-03T15:38:12Z</ModuleTime>
      <ModuleName>Microsoft.Extensions.DependencyModel</ModuleName>
      <Classes />
    </Module>
    <Module skippedDueTo="Filter" hash="2F-88-A9-BB-B6-16-36-10-AC-73-83-54-44-F5-17-12-E0-9F-03-28">
      <ModulePath>c:\Program Files\dotnet\shared\Microsoft.NETCore.App\2.0.0\System.Private.CoreLib.dll</ModulePath>
      <ModuleTime>2017-07-20T19:22:08Z</ModuleTime>
      <ModuleName>System.Private.CoreLib</ModuleName>
      <Classes />
    </Module>
    <Module skippedDueTo="Filter" hash="5C-D7-DD-0B-B5-34-B3-98-8A-46-72-DF-DF-3B-08-80-87-F7-2D-74">
      <ModulePath>c:\Program Files\dotnet\sdk\2.0.0\Roslyn\csc.exe</ModulePath>
      <ModuleTime>2017-08-03T15:38:10Z</ModuleTime>
      <ModuleName>csc</ModuleName>
      <Classes />
    </Module>
    <Module skippedDueTo="Filter" hash="B1-9D-98-DD-3C-A1-89-69-AC-7E-F1-16-E9-88-3F-F4-4C-77-AB-38">
      <ModulePath>c:\Program Files\dotnet\shared\Microsoft.NETCore.App\2.0.0\System.Runtime.dll</ModulePath>
      <ModuleTime>2017-07-20T19:22:08Z</ModuleTime>
      <ModuleName>System.Runtime</ModuleName>
      <Classes />
    </Module>
    <Module skippedDueTo="Filter" hash="9B-A1-C6-CF-DD-DD-32-06-E7-23-45-C1-76-64-62-B7-E0-AC-BF-98">
      <ModulePath>c:\Program Files\dotnet\sdk\2.0.0\Roslyn\Microsoft.CodeAnalysis.CSharp.dll</ModulePath>
      <ModuleTime>2017-08-03T15:38:12Z</ModuleTime>
      <ModuleName>Microsoft.CodeAnalysis.CSharp</ModuleName>
      <Classes />
    </Module>
    <Module skippedDueTo="Filter" hash="CD-F6-EB-CC-95-7B-2D-32-3B-5B-41-E8-25-44-45-CA-FF-5E-65-15">
      <ModulePath>c:\Program Files\dotnet\sdk\2.0.0\Roslyn\Microsoft.CodeAnalysis.dll</ModulePath>
      <ModuleTime>2017-08-03T15:38:12Z</ModuleTime>
      <ModuleName>Microsoft.CodeAnalysis</ModuleName>
      <Classes />
    </Module>
    <Module skippedDueTo="Filter" hash="2D-70-CB-62-DA-FC-A2-6C-E4-9F-F1-DB-4C-3B-9A-34-20-80-E4-06">
      <ModulePath>c:\Program Files\dotnet\shared\Microsoft.NETCore.App\2.0.0\System.IO.dll</ModulePath>
      <ModuleTime>2017-07-20T19:22:06Z</ModuleTime>
      <ModuleName>System.IO</ModuleName>
      <Classes />
    </Module>
    <Module skippedDueTo="Filter" hash="3C-7A-96-F0-F0-0A-AB-CF-4A-F1-7F-84-AD-D1-CC-8A-89-FB-43-30">
      <ModulePath>c:\Program Files\dotnet\shared\Microsoft.NETCore.App\2.0.0\System.Runtime.Extensions.dll</ModulePath>
      <ModuleTime>2017-07-20T19:22:08Z</ModuleTime>
      <ModuleName>System.Runtime.Extensions</ModuleName>
      <Classes />
    </Module>
    <Module skippedDueTo="Filter" hash="EF-01-0C-C7-04-7B-55-8E-E4-3A-33-93-09-C2-FB-42-94-A0-43-B7">
      <ModulePath>c:\Program Files\dotnet\shared\Microsoft.NETCore.App\2.0.0\System.Threading.Tasks.dll</ModulePath>
      <ModuleTime>2017-07-20T19:22:08Z</ModuleTime>
      <ModuleName>System.Threading.Tasks</ModuleName>
      <Classes />
    </Module>
    <Module skippedDueTo="Filter" hash="B1-F6-FE-F4-3D-92-32-23-15-F5-F7-C9-04-1B-F8-AD-AF-D2-E4-C6">
      <ModulePath>c:\Program Files\dotnet\shared\Microsoft.NETCore.App\2.0.0\System.Collections.Immutable.dll</ModulePath>
      <ModuleTime>2017-07-20T19:22:06Z</ModuleTime>
      <ModuleName>System.Collections.Immutable</ModuleName>
      <Classes />
    </Module>
    <Module skippedDueTo="Filter" hash="F6-9B-26-AA-03-02-E2-D8-6A-A8-43-4E-56-E5-60-DE-59-F9-52-D2">
      <ModulePath>c:\Program Files\dotnet\shared\Microsoft.NETCore.App\2.0.0\System.Collections.dll</ModulePath>
      <ModuleTime>2017-07-20T19:22:06Z</ModuleTime>
      <ModuleName>System.Collections</ModuleName>
      <Classes />
    </Module>
    <Module skippedDueTo="Filter" hash="DE-55-56-DD-F9-10-4A-C4-29-48-0E-22-37-90-BC-B2-63-33-74-A7">
      <ModulePath>c:\Program Files\dotnet\sdk\2.0.0\Roslyn\runtimes\win\lib\netstandard1.3\System.Text.Encoding.CodePages.dll</ModulePath>
      <ModuleTime>2017-08-03T15:38:16Z</ModuleTime>
      <ModuleName>System.Text.Encoding.CodePages</ModuleName>
      <Classes />
    </Module>
    <Module skippedDueTo="Filter" hash="71-55-8B-F9-57-BC-B0-34-9A-F8-A2-C8-58-A4-C7-74-EC-A4-CD-9C">
      <ModulePath>c:\Program Files\dotnet\shared\Microsoft.NETCore.App\2.0.0\System.Text.Encoding.dll</ModulePath>
      <ModuleTime>2017-07-20T19:22:08Z</ModuleTime>
      <ModuleName>System.Text.Encoding</ModuleName>
      <Classes />
    </Module>
    <Module skippedDueTo="Filter" hash="A9-35-05-17-48-B6-02-2A-7D-91-FC-4B-90-29-11-57-7E-06-AC-62">
      <ModulePath>c:\Program Files\dotnet\shared\Microsoft.NETCore.App\2.0.0\System.AppContext.dll</ModulePath>
      <ModuleTime>2017-07-20T19:22:06Z</ModuleTime>
      <ModuleName>System.AppContext</ModuleName>
      <Classes />
    </Module>
    <Module skippedDueTo="Filter" hash="89-70-E9-C9-2D-15-5F-35-A4-A6-47-48-86-2C-E8-14-EC-34-B9-9F">
      <ModulePath>c:\Program Files\dotnet\shared\Microsoft.NETCore.App\2.0.0\System.IO.FileSystem.dll</ModulePath>
      <ModuleTime>2017-07-20T19:22:06Z</ModuleTime>
      <ModuleName>System.IO.FileSystem</ModuleName>
      <Classes />
    </Module>
    <Module skippedDueTo="Filter" hash="EB-18-C3-43-11-91-EB-51-F0-4E-50-91-DE-EC-A3-6F-E7-CE-D9-3E">
      <ModulePath>c:\Program Files\dotnet\shared\Microsoft.NETCore.App\2.0.0\System.Threading.dll</ModulePath>
      <ModuleTime>2017-07-20T19:22:08Z</ModuleTime>
      <ModuleName>System.Threading</ModuleName>
      <Classes />
    </Module>
    <Module skippedDueTo="Filter" hash="80-F3-31-87-AA-BE-F0-08-E2-C4-7C-2D-76-97-05-5F-96-6C-E3-CE">
      <ModulePath>c:\Program Files\dotnet\shared\Microsoft.NETCore.App\2.0.0\System.Linq.dll</ModulePath>
      <ModuleTime>2017-07-20T19:22:06Z</ModuleTime>
      <ModuleName>System.Linq</ModuleName>
      <Classes />
    </Module>
    <Module skippedDueTo="Filter" hash="4B-B8-F7-36-81-46-46-AC-52-E9-F6-F0-10-B0-D4-A7-39-49-E6-A5">
      <ModulePath>c:\Program Files\dotnet\shared\Microsoft.NETCore.App\2.0.0\System.Console.dll</ModulePath>
      <ModuleTime>2017-07-20T19:22:06Z</ModuleTime>
      <ModuleName>System.Console</ModuleName>
      <Classes />
    </Module>
    <Module skippedDueTo="Filter" hash="24-D5-33-36-52-51-67-A0-24-3D-22-95-32-23-DA-6D-B4-16-CD-CB">
      <ModulePath>c:\Program Files\dotnet\shared\Microsoft.NETCore.App\2.0.0\System.Reflection.dll</ModulePath>
      <ModuleTime>2017-07-20T19:22:08Z</ModuleTime>
      <ModuleName>System.Reflection</ModuleName>
      <Classes />
    </Module>
    <Module skippedDueTo="Filter" hash="42-05-10-61-0A-00-05-FA-1F-EB-04-C9-F9-DD-2C-D4-89-87-3F-B1">
      <ModulePath>c:\Program Files\dotnet\shared\Microsoft.NETCore.App\2.0.0\System.Runtime.InteropServices.dll</ModulePath>
      <ModuleTime>2017-07-20T19:22:08Z</ModuleTime>
      <ModuleName>System.Runtime.InteropServices</ModuleName>
      <Classes />
    </Module>
    <Module skippedDueTo="Filter" hash="76-A3-0C-AD-28-11-DC-81-BA-2D-4B-C3-06-E4-74-7F-83-3A-B3-DF">
      <ModulePath>c:\Program Files\dotnet\shared\Microsoft.NETCore.App\2.0.0\System.Runtime.Handles.dll</ModulePath>
      <ModuleTime>2017-07-20T19:22:08Z</ModuleTime>
      <ModuleName>System.Runtime.Handles</ModuleName>
      <Classes />
    </Module>
    <Module skippedDueTo="Filter" hash="7F-86-D1-E6-14-45-A7-32-BF-F5-26-4C-B3-4B-72-A0-1B-F2-EF-62">
      <ModulePath>c:\Program Files\dotnet\shared\Microsoft.NETCore.App\2.0.0\System.Runtime.Loader.dll</ModulePath>
      <ModuleTime>2017-07-20T19:22:08Z</ModuleTime>
      <ModuleName>System.Runtime.Loader</ModuleName>
      <Classes />
    </Module>
    <Module skippedDueTo="Filter" hash="E6-69-68-08-E2-62-0F-85-F0-BE-8F-4D-51-D1-88-8E-81-FD-73-0B">
      <ModulePath>c:\Program Files\dotnet\shared\Microsoft.NETCore.App\2.0.0\System.Globalization.dll</ModulePath>
      <ModuleTime>2017-07-20T19:22:06Z</ModuleTime>
      <ModuleName>System.Globalization</ModuleName>
      <Classes />
    </Module>
    <Module skippedDueTo="Filter" hash="A0-72-53-FA-36-18-FB-FB-F8-17-22-67-D9-37-D8-0C-48-8C-D2-DE">
      <ModulePath>c:\Program Files\dotnet\shared\Microsoft.NETCore.App\2.0.0\System.Reflection.Metadata.dll</ModulePath>
      <ModuleTime>2017-07-20T19:22:08Z</ModuleTime>
      <ModuleName>System.Reflection.Metadata</ModuleName>
      <Classes />
    </Module>
    <Module skippedDueTo="Filter" hash="2A-C9-25-F3-D5-15-6C-B1-09-A6-1F-DA-0F-51-0B-96-DE-24-F6-E0">
      <ModulePath>c:\Program Files\dotnet\shared\Microsoft.NETCore.App\2.0.0\System.IO.FileSystem.Primitives.dll</ModulePath>
      <ModuleTime>2017-07-20T19:22:06Z</ModuleTime>
      <ModuleName>System.IO.FileSystem.Primitives</ModuleName>
      <Classes />
    </Module>
    <Module skippedDueTo="Filter" hash="8B-99-E8-F0-CD-95-95-B0-68-10-D4-3A-CB-A1-0A-BE-38-66-BE-13">
      <ModulePath>c:\Program Files\dotnet\shared\Microsoft.NETCore.App\2.0.0\System.Collections.Concurrent.dll</ModulePath>
      <ModuleTime>2017-07-20T19:22:06Z</ModuleTime>
      <ModuleName>System.Collections.Concurrent</ModuleName>
      <Classes />
    </Module>
    <Module skippedDueTo="Filter" hash="D3-F6-1A-F1-57-F1-04-F9-6E-11-BB-94-3E-86-F5-C3-6D-06-04-E2">
      <ModulePath>c:\Program Files\dotnet\shared\Microsoft.NETCore.App\2.0.0\System.Text.Encoding.Extensions.dll</ModulePath>
      <ModuleTime>2017-07-20T19:22:08Z</ModuleTime>
      <ModuleName>System.Text.Encoding.Extensions</ModuleName>
      <Classes />
    </Module>
    <Module skippedDueTo="Filter" hash="B6-68-A5-33-5F-47-41-2E-78-DB-6D-8D-D5-0F-D8-CB-6B-B6-06-CA">
      <ModulePath>c:\Program Files\dotnet\shared\Microsoft.NETCore.App\2.0.0\System.ValueTuple.dll</ModulePath>
      <ModuleTime>2017-07-20T19:22:08Z</ModuleTime>
      <ModuleName>System.ValueTuple</ModuleName>
      <Classes />
    </Module>
    <Module skippedDueTo="Filter" hash="B6-FC-94-10-86-08-B9-90-E1-BD-00-CD-34-8B-10-C2-1A-3F-8A-71">
      <ModulePath>c:\Program Files\dotnet\shared\Microsoft.NETCore.App\2.0.0\System.Threading.Tasks.Parallel.dll</ModulePath>
      <ModuleTime>2017-07-20T19:22:08Z</ModuleTime>
      <ModuleName>System.Threading.Tasks.Parallel</ModuleName>
      <Classes />
    </Module>
    <Module skippedDueTo="Filter" hash="A0-2C-E4-67-65-31-2F-52-34-BE-1B-B5-8E-F0-03-96-33-5C-4A-E3">
      <ModulePath>c:\Program Files\dotnet\shared\Microsoft.NETCore.App\2.0.0\System.Diagnostics.Tracing.dll</ModulePath>
      <ModuleTime>2017-07-20T19:22:06Z</ModuleTime>
      <ModuleName>System.Diagnostics.Tracing</ModuleName>
      <Classes />
    </Module>
    <Module skippedDueTo="Filter" hash="C9-B1-4A-54-97-4E-1E-D7-82-8B-E9-17-E9-56-A6-83-32-BF-A1-41">
      <ModulePath>c:\Program Files\dotnet\shared\Microsoft.NETCore.App\2.0.0\System.Security.Cryptography.Primitives.dll</ModulePath>
      <ModuleTime>2017-07-20T19:22:08Z</ModuleTime>
      <ModuleName>System.Security.Cryptography.Primitives</ModuleName>
      <Classes />
    </Module>
    <Module skippedDueTo="Filter" hash="1D-2D-98-E4-A2-F2-43-8E-21-6C-72-DF-A8-3D-26-3C-24-D6-D9-12">
      <ModulePath>c:\Program Files\dotnet\shared\Microsoft.NETCore.App\2.0.0\System.Security.Cryptography.Algorithms.dll</ModulePath>
      <ModuleTime>2017-07-20T19:22:08Z</ModuleTime>
      <ModuleName>System.Security.Cryptography.Algorithms</ModuleName>
      <Classes />
    </Module>
    <Module skippedDueTo="Filter" hash="52-C8-E5-3A-B2-32-4A-17-18-33-8B-13-C2-3A-53-6D-EC-77-D9-9A">
      <ModulePath>c:\Program Files\dotnet\shared\Microsoft.NETCore.App\2.0.0\System.Reflection.Primitives.dll</ModulePath>
      <ModuleTime>2017-07-20T19:22:08Z</ModuleTime>
      <ModuleName>System.Reflection.Primitives</ModuleName>
      <Classes />
    </Module>
    <Module skippedDueTo="Filter" hash="51-10-F7-1F-A8-58-D2-3F-13-F2-1F-A4-2B-DB-9D-D6-E2-C1-35-BB">
      <ModulePath>c:\Program Files\dotnet\shared\Microsoft.NETCore.App\2.0.0\System.Runtime.Numerics.dll</ModulePath>
      <ModuleTime>2017-07-20T19:22:08Z</ModuleTime>
      <ModuleName>System.Runtime.Numerics</ModuleName>
      <Classes />
    </Module>
    <Module skippedDueTo="Filter" hash="AB-3C-81-B8-F6-36-BB-7C-8D-F5-C8-0A-7F-23-6E-13-4F-0E-D5-62">
      <ModulePath>c:\Program Files\dotnet\shared\Microsoft.NETCore.App\2.0.0\System.Diagnostics.Debug.dll</ModulePath>
      <ModuleTime>2017-07-20T19:22:06Z</ModuleTime>
      <ModuleName>System.Diagnostics.Debug</ModuleName>
      <Classes />
    </Module>
    <Module skippedDueTo="Filter" hash="2A-EC-2D-C2-93-1A-04-B6-A8-6B-5A-40-55-91-84-77-18-98-42-C2">
      <ModulePath>c:\program files\dotnet\shared\Microsoft.NETCore.App\2.0.0\System.Runtime.Serialization.Primitives.dll</ModulePath>
      <ModuleTime>2017-07-20T19:22:08Z</ModuleTime>
      <ModuleName>System.Runtime.Serialization.Primitives</ModuleName>
      <Classes />
    </Module>
    <Module skippedDueTo="Filter" hash="57-1D-48-78-C3-EF-FA-88-05-99-26-BA-4E-FB-19-12-DE-13-1F-28">
      <ModulePath>c:\program files\dotnet\shared\Microsoft.NETCore.App\2.0.0\System.Reflection.Emit.ILGeneration.dll</ModulePath>
      <ModuleTime>2017-07-20T19:22:08Z</ModuleTime>
      <ModuleName>System.Reflection.Emit.ILGeneration</ModuleName>
      <Classes />
    </Module>
    <Module skippedDueTo="Filter" hash="00-52-F9-D2-A8-8A-13-20-73-C8-8A-41-F2-30-C8-64-C6-E5-66-80">
      <ModulePath>c:\program files\dotnet\shared\Microsoft.NETCore.App\2.0.0\System.Reflection.Emit.Lightweight.dll</ModulePath>
      <ModuleTime>2017-07-20T19:22:08Z</ModuleTime>
      <ModuleName>System.Reflection.Emit.Lightweight</ModuleName>
      <Classes />
    </Module>
    <Module skippedDueTo="Filter" hash="">
      <ModulePath>RefEmit_InMemoryManifestModule</ModulePath>
      <ModuleTime>0001-01-01T00:00:00</ModuleTime>
      <ModuleName>Anonymously Hosted DynamicMethods Assembly</ModuleName>
      <Classes />
    </Module>
    <Module skippedDueTo="Filter" hash="2F-88-A9-BB-B6-16-36-10-AC-73-83-54-44-F5-17-12-E0-9F-03-28">
      <ModulePath>c:\program files\dotnet\shared\Microsoft.NETCore.App\2.0.0\System.Private.CoreLib.dll</ModulePath>
      <ModuleTime>2017-07-20T19:22:08Z</ModuleTime>
      <ModuleName>System.Private.CoreLib</ModuleName>
      <Classes />
    </Module>
    <Module skippedDueTo="Filter" hash="CD-D0-01-25-C6-3D-D3-C4-E1-D2-50-A4-EB-46-82-1D-C1-A1-93-5E">
      <ModulePath>c:\program files\dotnet\sdk\2.0.0\vstest.console.dll</ModulePath>
      <ModuleTime>2017-08-03T15:38:16Z</ModuleTime>
      <ModuleName>vstest.console</ModuleName>
      <Classes />
    </Module>
    <Module skippedDueTo="Filter" hash="B1-9D-98-DD-3C-A1-89-69-AC-7E-F1-16-E9-88-3F-F4-4C-77-AB-38">
      <ModulePath>c:\program files\dotnet\shared\Microsoft.NETCore.App\2.0.0\System.Runtime.dll</ModulePath>
      <ModuleTime>2017-07-20T19:22:08Z</ModuleTime>
      <ModuleName>System.Runtime</ModuleName>
      <Classes />
    </Module>
    <Module skippedDueTo="Filter" hash="F8-35-B2-B3-A1-81-AC-00-BE-13-4C-92-41-D4-8B-86-EF-9B-E4-0A">
      <ModulePath>c:\program files\dotnet\sdk\2.0.0\Microsoft.TestPlatform.CoreUtilities.dll</ModulePath>
      <ModuleTime>2017-08-03T15:38:12Z</ModuleTime>
      <ModuleName>Microsoft.TestPlatform.CoreUtilities</ModuleName>
      <Classes />
    </Module>
    <Module skippedDueTo="Filter" hash="3C-7A-96-F0-F0-0A-AB-CF-4A-F1-7F-84-AD-D1-CC-8A-89-FB-43-30">
      <ModulePath>c:\program files\dotnet\shared\Microsoft.NETCore.App\2.0.0\System.Runtime.Extensions.dll</ModulePath>
      <ModuleTime>2017-07-20T19:22:08Z</ModuleTime>
      <ModuleName>System.Runtime.Extensions</ModuleName>
      <Classes />
    </Module>
    <Module skippedDueTo="Filter" hash="EB-18-C3-43-11-91-EB-51-F0-4E-50-91-DE-EC-A3-6F-E7-CE-D9-3E">
      <ModulePath>c:\program files\dotnet\shared\Microsoft.NETCore.App\2.0.0\System.Threading.dll</ModulePath>
      <ModuleTime>2017-07-20T19:22:08Z</ModuleTime>
      <ModuleName>System.Threading</ModuleName>
      <Classes />
    </Module>
    <Module skippedDueTo="Filter" hash="4B-B8-F7-36-81-46-46-AC-52-E9-F6-F0-10-B0-D4-A7-39-49-E6-A5">
      <ModulePath>c:\program files\dotnet\shared\Microsoft.NETCore.App\2.0.0\System.Console.dll</ModulePath>
      <ModuleTime>2017-07-20T19:22:06Z</ModuleTime>
      <ModuleName>System.Console</ModuleName>
      <Classes />
    </Module>
    <Module skippedDueTo="Filter" hash="2D-70-CB-62-DA-FC-A2-6C-E4-9F-F1-DB-4C-3B-9A-34-20-80-E4-06">
      <ModulePath>c:\program files\dotnet\shared\Microsoft.NETCore.App\2.0.0\System.IO.dll</ModulePath>
      <ModuleTime>2017-07-20T19:22:06Z</ModuleTime>
      <ModuleName>System.IO</ModuleName>
      <Classes />
    </Module>
    <Module skippedDueTo="Filter" hash="A0-2C-E4-67-65-31-2F-52-34-BE-1B-B5-8E-F0-03-96-33-5C-4A-E3">
      <ModulePath>c:\program files\dotnet\shared\Microsoft.NETCore.App\2.0.0\System.Diagnostics.Tracing.dll</ModulePath>
      <ModuleTime>2017-07-20T19:22:06Z</ModuleTime>
      <ModuleName>System.Diagnostics.Tracing</ModuleName>
      <Classes />
    </Module>
    <Module skippedDueTo="Filter" hash="F6-9B-26-AA-03-02-E2-D8-6A-A8-43-4E-56-E5-60-DE-59-F9-52-D2">
      <ModulePath>c:\program files\dotnet\shared\Microsoft.NETCore.App\2.0.0\System.Collections.dll</ModulePath>
      <ModuleTime>2017-07-20T19:22:06Z</ModuleTime>
      <ModuleName>System.Collections</ModuleName>
      <Classes />
    </Module>
    <Module skippedDueTo="Filter" hash="80-F3-31-87-AA-BE-F0-08-E2-C4-7C-2D-76-97-05-5F-96-6C-E3-CE">
      <ModulePath>c:\program files\dotnet\shared\Microsoft.NETCore.App\2.0.0\System.Linq.dll</ModulePath>
      <ModuleTime>2017-07-20T19:22:06Z</ModuleTime>
      <ModuleName>System.Linq</ModuleName>
      <Classes />
    </Module>
    <Module skippedDueTo="Filter" hash="3C-28-51-D2-4D-94-FE-2A-8F-54-BD-EE-D4-A4-2D-0F-22-69-B2-7D">
      <ModulePath>c:\program files\dotnet\sdk\2.0.0\Microsoft.VisualStudio.TestPlatform.ObjectModel.dll</ModulePath>
      <ModuleTime>2017-08-03T15:38:14Z</ModuleTime>
      <ModuleName>Microsoft.VisualStudio.TestPlatform.ObjectModel</ModuleName>
      <Classes />
    </Module>
    <Module skippedDueTo="Filter" hash="42-05-10-61-0A-00-05-FA-1F-EB-04-C9-F9-DD-2C-D4-89-87-3F-B1">
      <ModulePath>c:\program files\dotnet\shared\Microsoft.NETCore.App\2.0.0\System.Runtime.InteropServices.dll</ModulePath>
      <ModuleTime>2017-07-20T19:22:08Z</ModuleTime>
      <ModuleName>System.Runtime.InteropServices</ModuleName>
      <Classes />
    </Module>
    <Module skippedDueTo="Filter" hash="3E-2C-80-45-4B-5B-8B-5F-09-84-82-17-AA-7B-43-BF-3F-43-55-D2">
      <ModulePath>c:\program files\dotnet\shared\Microsoft.NETCore.App\2.0.0\System.Resources.ResourceManager.dll</ModulePath>
      <ModuleTime>2017-07-20T19:22:08Z</ModuleTime>
      <ModuleName>System.Resources.ResourceManager</ModuleName>
      <Classes />
    </Module>
    <Module skippedDueTo="Filter" hash="2D-16-E6-48-DB-B4-63-63-7C-EA-DD-B6-76-38-51-B2-E2-16-29-0D">
      <ModulePath>c:\program files\dotnet\sdk\2.0.0\pt-BR\vstest.console.resources.dll</ModulePath>
      <ModuleTime>2017-08-03T15:38:16Z</ModuleTime>
      <ModuleName>vstest.console.resources</ModuleName>
      <Classes />
    </Module>
    <Module skippedDueTo="Filter" hash="2A-C9-25-F3-D5-15-6C-B1-09-A6-1F-DA-0F-51-0B-96-DE-24-F6-E0">
      <ModulePath>c:\program files\dotnet\shared\Microsoft.NETCore.App\2.0.0\System.IO.FileSystem.Primitives.dll</ModulePath>
      <ModuleTime>2017-07-20T19:22:06Z</ModuleTime>
      <ModuleName>System.IO.FileSystem.Primitives</ModuleName>
      <Classes />
    </Module>
    <Module skippedDueTo="Filter" hash="89-70-E9-C9-2D-15-5F-35-A4-A6-47-48-86-2C-E8-14-EC-34-B9-9F">
      <ModulePath>c:\program files\dotnet\shared\Microsoft.NETCore.App\2.0.0\System.IO.FileSystem.dll</ModulePath>
      <ModuleTime>2017-07-20T19:22:06Z</ModuleTime>
      <ModuleName>System.IO.FileSystem</ModuleName>
      <Classes />
    </Module>
    <Module skippedDueTo="Filter" hash="B1-1E-86-26-0B-7B-B6-EE-EE-8D-00-D1-15-A5-EB-A8-30-39-B8-A6">
      <ModulePath>c:\program files\dotnet\sdk\2.0.0\Microsoft.VisualStudio.TestPlatform.Common.dll</ModulePath>
      <ModuleTime>2017-08-03T15:38:14Z</ModuleTime>
      <ModuleName>Microsoft.VisualStudio.TestPlatform.Common</ModuleName>
      <Classes />
    </Module>
    <Module skippedDueTo="Filter" hash="6D-5A-04-73-28-C9-26-1C-E8-75-84-50-BF-FF-76-AC-5A-9E-28-48">
      <ModulePath>c:\program files\dotnet\shared\Microsoft.NETCore.App\2.0.0\System.Runtime.InteropServices.RuntimeInformation.dll</ModulePath>
      <ModuleTime>2017-07-20T19:22:08Z</ModuleTime>
      <ModuleName>System.Runtime.InteropServices.RuntimeInformation</ModuleName>
      <Classes />
    </Module>
    <Module skippedDueTo="Filter" hash="7C-EB-99-71-08-B5-1F-60-CA-48-72-95-5E-DE-E2-5B-79-99-49-4F">
      <ModulePath>c:\program files\dotnet\shared\Microsoft.NETCore.App\2.0.0\System.Xml.ReaderWriter.dll</ModulePath>
      <ModuleTime>2017-07-20T19:22:08Z</ModuleTime>
      <ModuleName>System.Xml.ReaderWriter</ModuleName>
      <Classes />
    </Module>
    <Module skippedDueTo="Filter" hash="92-AC-DA-99-81-1A-EB-3D-7D-F3-46-72-13-0A-D3-C6-8A-70-DB-4C">
      <ModulePath>c:\program files\dotnet\shared\Microsoft.NETCore.App\2.0.0\System.Private.Xml.dll</ModulePath>
      <ModuleTime>2017-07-20T19:22:08Z</ModuleTime>
      <ModuleName>System.Private.Xml</ModuleName>
      <Classes />
    </Module>
    <Module skippedDueTo="Filter" hash="FA-2B-87-A5-50-E5-4F-A1-C0-7E-53-1F-0B-F1-52-F1-E9-38-1F-38">
      <ModulePath>c:\program files\dotnet\shared\Microsoft.NETCore.App\2.0.0\System.Private.Uri.dll</ModulePath>
      <ModuleTime>2017-07-20T19:22:08Z</ModuleTime>
      <ModuleName>System.Private.Uri</ModuleName>
      <Classes />
    </Module>
    <Module skippedDueTo="Filter" hash="A0-DD-78-F7-23-F3-F6-23-26-A0-EF-15-ED-3A-64-CE-0D-D6-9B-35">
      <ModulePath>c:\program files\dotnet\sdk\2.0.0\Microsoft.TestPlatform.Utilities.dll</ModulePath>
      <ModuleTime>2017-08-03T15:38:14Z</ModuleTime>
      <ModuleName>Microsoft.TestPlatform.Utilities</ModuleName>
      <Classes />
    </Module>
    <Module skippedDueTo="Filter" hash="3E-AA-1E-0F-96-3F-C2-DE-65-09-4F-57-7A-FD-7C-52-89-5A-54-25">
      <ModulePath>c:\program files\dotnet\shared\Microsoft.NETCore.App\2.0.0\System.Xml.XPath.dll</ModulePath>
      <ModuleTime>2017-07-20T19:22:08Z</ModuleTime>
      <ModuleName>System.Xml.XPath</ModuleName>
      <Classes />
    </Module>
    <Module skippedDueTo="Filter" hash="C8-93-E0-3A-3C-D5-83-39-66-2B-DD-03-24-FD-28-AD-D2-84-CD-EE">
      <ModulePath>c:\program files\dotnet\sdk\2.0.0\Microsoft.TestPlatform.PlatformAbstractions.dll</ModulePath>
      <ModuleTime>2017-08-03T15:38:14Z</ModuleTime>
      <ModuleName>Microsoft.TestPlatform.PlatformAbstractions</ModuleName>
      <Classes />
    </Module>
    <Module skippedDueTo="Filter" hash="07-BB-A4-F7-14-EA-9B-B8-F2-17-F9-AC-2B-79-B1-6D-11-72-31-CA">
      <ModulePath>c:\program files\dotnet\shared\Microsoft.NETCore.App\2.0.0\System.Diagnostics.TraceSource.dll</ModulePath>
      <ModuleTime>2017-07-20T19:22:06Z</ModuleTime>
      <ModuleName>System.Diagnostics.TraceSource</ModuleName>
      <Classes />
    </Module>
    <Module skippedDueTo="Filter" hash="F7-D7-B4-FC-2C-07-D8-B3-03-0A-2D-EC-2B-24-59-88-4D-A8-9D-6B">
      <ModulePath>c:\program files\dotnet\shared\Microsoft.NETCore.App\2.0.0\System.Diagnostics.Process.dll</ModulePath>
      <ModuleTime>2017-07-20T19:22:06Z</ModuleTime>
      <ModuleName>System.Diagnostics.Process</ModuleName>
      <Classes />
    </Module>
    <Module skippedDueTo="Filter" hash="86-5B-86-E2-06-81-2C-73-3B-6D-BC-9C-E7-90-26-27-45-9D-47-99">
      <ModulePath>c:\program files\dotnet\shared\Microsoft.NETCore.App\2.0.0\System.ComponentModel.Primitives.dll</ModulePath>
      <ModuleTime>2017-07-20T19:22:06Z</ModuleTime>
      <ModuleName>System.ComponentModel.Primitives</ModuleName>
      <Classes />
    </Module>
    <Module skippedDueTo="Filter" hash="CF-8A-90-C4-AB-10-6A-59-C0-1A-9A-F8-B0-C9-E3-7D-B3-7F-76-A4">
      <ModulePath>c:\program files\dotnet\shared\Microsoft.NETCore.App\2.0.0\System.Xml.XmlDocument.dll</ModulePath>
      <ModuleTime>2017-07-20T19:22:08Z</ModuleTime>
      <ModuleName>System.Xml.XmlDocument</ModuleName>
      <Classes />
    </Module>
    <Module skippedDueTo="Filter" hash="88-E2-57-45-71-EE-4D-34-32-21-66-05-BF-FF-80-03-C3-FC-7D-1D">
      <ModulePath>c:\program files\dotnet\sdk\2.0.0\System.Xml.XPath.XmlDocument.dll</ModulePath>
      <ModuleTime>2017-08-03T15:38:16Z</ModuleTime>
      <ModuleName>System.Xml.XPath.XmlDocument</ModuleName>
      <Classes />
    </Module>
    <Module skippedDueTo="Filter" hash="E6-69-68-08-E2-62-0F-85-F0-BE-8F-4D-51-D1-88-8E-81-FD-73-0B">
      <ModulePath>c:\program files\dotnet\shared\Microsoft.NETCore.App\2.0.0\System.Globalization.dll</ModulePath>
      <ModuleTime>2017-07-20T19:22:06Z</ModuleTime>
      <ModuleName>System.Globalization</ModuleName>
      <Classes />
    </Module>
    <Module skippedDueTo="Filter" hash="DD-25-E3-DA-BA-48-61-1A-21-9F-E8-85-95-69-37-CF-6A-DC-73-2C">
      <ModulePath>c:\program files\dotnet\sdk\2.0.0\Microsoft.VisualStudio.TestPlatform.Client.dll</ModulePath>
      <ModuleTime>2017-08-03T15:38:14Z</ModuleTime>
      <ModuleName>Microsoft.VisualStudio.TestPlatform.Client</ModuleName>
      <Classes />
    </Module>
    <Module skippedDueTo="Filter" hash="24-D5-33-36-52-51-67-A0-24-3D-22-95-32-23-DA-6D-B4-16-CD-CB">
      <ModulePath>c:\program files\dotnet\shared\Microsoft.NETCore.App\2.0.0\System.Reflection.dll</ModulePath>
      <ModuleTime>2017-07-20T19:22:08Z</ModuleTime>
      <ModuleName>System.Reflection</ModuleName>
      <Classes />
    </Module>
    <Module skippedDueTo="Filter" hash="2E-3F-98-9F-F8-96-78-BA-71-3A-6A-0C-9C-B3-D0-39-1E-46-25-10">
      <ModulePath>c:\program files\dotnet\shared\Microsoft.NETCore.App\2.0.0\System.Text.RegularExpressions.dll</ModulePath>
      <ModuleTime>2017-07-20T19:22:08Z</ModuleTime>
      <ModuleName>System.Text.RegularExpressions</ModuleName>
      <Classes />
    </Module>
    <Module skippedDueTo="Filter" hash="D6-74-1B-F2-70-32-6A-81-D8-18-6C-2B-12-8A-65-27-51-0E-FF-4E">
      <ModulePath>c:\program files\dotnet\sdk\2.0.0\Microsoft.TestPlatform.CrossPlatEngine.dll</ModulePath>
      <ModuleTime>2017-08-03T15:38:14Z</ModuleTime>
      <ModuleName>Microsoft.TestPlatform.CrossPlatEngine</ModuleName>
      <Classes />
    </Module>
    <Module skippedDueTo="Filter" hash="EF-01-0C-C7-04-7B-55-8E-E4-3A-33-93-09-C2-FB-42-94-A0-43-B7">
      <ModulePath>c:\program files\dotnet\shared\Microsoft.NETCore.App\2.0.0\System.Threading.Tasks.dll</ModulePath>
      <ModuleTime>2017-07-20T19:22:08Z</ModuleTime>
      <ModuleName>System.Threading.Tasks</ModuleName>
      <Classes />
    </Module>
    <Module skippedDueTo="Filter" hash="7F-86-D1-E6-14-45-A7-32-BF-F5-26-4C-B3-4B-72-A0-1B-F2-EF-62">
      <ModulePath>c:\program files\dotnet\shared\Microsoft.NETCore.App\2.0.0\System.Runtime.Loader.dll</ModulePath>
      <ModuleTime>2017-07-20T19:22:08Z</ModuleTime>
      <ModuleName>System.Runtime.Loader</ModuleName>
      <Classes />
    </Module>
    <Module skippedDueTo="Filter" hash="52-EE-47-33-12-A5-F0-A6-D4-18-72-41-90-D3-8E-88-09-5E-D7-FF">
      <ModulePath>c:\program files\dotnet\sdk\2.0.0\Extensions\Microsoft.TestPlatform.TestHostRuntimeProvider.dll</ModulePath>
      <ModuleTime>2017-08-03T15:38:14Z</ModuleTime>
      <ModuleName>Microsoft.TestPlatform.TestHostRuntimeProvider</ModuleName>
      <Classes />
    </Module>
    <Module skippedDueTo="Filter" hash="45-E9-3D-14-67-92-EB-4A-1C-CC-E2-01-D2-6C-A1-29-4A-C8-C1-1E">
      <ModulePath>c:\program files\dotnet\shared\Microsoft.NETCore.App\2.0.0\System.Reflection.Extensions.dll</ModulePath>
      <ModuleTime>2017-07-20T19:22:08Z</ModuleTime>
      <ModuleName>System.Reflection.Extensions</ModuleName>
      <Classes />
    </Module>
    <Module skippedDueTo="Filter" hash="10-F7-FB-8C-38-D9-5B-BC-80-39-5E-9B-9F-02-BD-21-9D-70-68-80">
      <ModulePath>c:\program files\dotnet\sdk\2.0.0\Extensions\Microsoft.VisualStudio.TestPlatform.Extensions.Trx.TestLogger.dll</ModulePath>
      <ModuleTime>2017-08-03T15:38:14Z</ModuleTime>
      <ModuleName>Microsoft.VisualStudio.TestPlatform.Extensions.Trx.TestLogger</ModuleName>
      <Classes />
    </Module>
    <Module skippedDueTo="Filter" hash="4D-05-09-BD-D3-3A-1B-92-6C-42-2E-D7-8A-65-9B-DC-EA-B5-BE-DA">
      <ModulePath>c:\program files\dotnet\sdk\2.0.0\Microsoft.TestPlatform.CommunicationUtilities.dll</ModulePath>
      <ModuleTime>2017-08-03T15:38:12Z</ModuleTime>
      <ModuleName>Microsoft.TestPlatform.CommunicationUtilities</ModuleName>
      <Classes />
    </Module>
    <Module skippedDueTo="Filter" hash="ED-46-3A-5F-F7-9C-67-C7-90-67-C9-D6-B9-9B-EC-00-E8-1F-73-D6">
      <ModulePath>c:\program files\dotnet\sdk\2.0.0\Newtonsoft.Json.dll</ModulePath>
      <ModuleTime>2017-08-03T15:32:18Z</ModuleTime>
      <ModuleName>Newtonsoft.Json</ModuleName>
      <Classes />
    </Module>
    <Module skippedDueTo="Filter" hash="2A-EC-2D-C2-93-1A-04-B6-A8-6B-5A-40-55-91-84-77-18-98-42-C2">
      <ModulePath>c:\program files\dotnet\shared\Microsoft.NETCore.App\2.0.0\System.Runtime.Serialization.Primitives.dll</ModulePath>
      <ModuleTime>2017-07-20T19:22:08Z</ModuleTime>
      <ModuleName>System.Runtime.Serialization.Primitives</ModuleName>
      <Classes />
    </Module>
    <Module skippedDueTo="Filter" hash="5F-EC-41-41-AB-49-88-F8-F1-2A-13-23-4A-59-C7-E1-C4-B9-7B-57">
      <ModulePath>c:\program files\dotnet\shared\Microsoft.NETCore.App\2.0.0\System.Net.Primitives.dll</ModulePath>
      <ModuleTime>2017-07-20T19:22:08Z</ModuleTime>
      <ModuleName>System.Net.Primitives</ModuleName>
      <Classes />
    </Module>
    <Module skippedDueTo="Filter" hash="78-03-8A-44-1A-43-2E-FF-59-3E-DF-DE-FE-C4-0D-06-7A-76-FA-6C">
      <ModulePath>c:\program files\dotnet\shared\Microsoft.NETCore.App\2.0.0\System.Net.Sockets.dll</ModulePath>
      <ModuleTime>2017-07-20T19:22:08Z</ModuleTime>
      <ModuleName>System.Net.Sockets</ModuleName>
      <Classes />
    </Module>
    <Module skippedDueTo="Filter" hash="B8-85-74-30-B5-D0-6C-90-EA-B8-3A-A6-48-FB-A8-0D-4D-13-57-56">
      <ModulePath>c:\program files\dotnet\shared\Microsoft.NETCore.App\2.0.0\System.Threading.Overlapped.dll</ModulePath>
      <ModuleTime>2017-07-20T19:22:08Z</ModuleTime>
      <ModuleName>System.Threading.Overlapped</ModuleName>
      <Classes />
    </Module>
    <Module skippedDueTo="Filter" hash="F4-32-F9-57-D9-5D-00-05-DC-9C-5C-5B-4B-87-6E-59-F3-90-7B-2C">
      <ModulePath>c:\program files\dotnet\shared\Microsoft.NETCore.App\2.0.0\System.Net.NameResolution.dll</ModulePath>
      <ModuleTime>2017-07-20T19:22:08Z</ModuleTime>
      <ModuleName>System.Net.NameResolution</ModuleName>
      <Classes />
    </Module>
    <Module skippedDueTo="Filter" hash="11-29-0C-F8-CE-73-3F-3E-06-AF-A0-16-05-96-4D-5A-A7-6A-DF-C2">
      <ModulePath>c:\program files\dotnet\shared\Microsoft.NETCore.App\2.0.0\System.Collections.NonGeneric.dll</ModulePath>
      <ModuleTime>2017-07-20T19:22:06Z</ModuleTime>
      <ModuleName>System.Collections.NonGeneric</ModuleName>
      <Classes />
    </Module>
    <Module skippedDueTo="Filter" hash="7B-E0-2C-50-1A-B6-23-9E-85-BF-57-43-19-D4-B8-D7-02-B4-74-A3">
      <ModulePath>c:\program files\dotnet\sdk\2.0.0\Microsoft.Extensions.DependencyModel.dll</ModulePath>
      <ModuleTime>2017-08-03T15:38:12Z</ModuleTime>
      <ModuleName>Microsoft.Extensions.DependencyModel</ModuleName>
      <Classes />
    </Module>
    <Module skippedDueTo="Filter" hash="7A-DB-D3-5C-EB-1E-6E-FF-8F-C6-E5-82-86-2B-77-2E-B1-DE-36-21">
      <ModulePath>c:\program files\dotnet\shared\Microsoft.NETCore.App\2.0.0\System.Dynamic.Runtime.dll</ModulePath>
      <ModuleTime>2017-07-20T19:22:06Z</ModuleTime>
      <ModuleName>System.Dynamic.Runtime</ModuleName>
      <Classes />
    </Module>
    <Module skippedDueTo="Filter" hash="83-02-2F-5B-C7-1D-94-96-BC-75-A7-ED-DA-57-BA-A5-FB-E7-6F-1B">
      <ModulePath>c:\program files\dotnet\shared\Microsoft.NETCore.App\2.0.0\System.Linq.Expressions.dll</ModulePath>
      <ModuleTime>2017-07-20T19:22:06Z</ModuleTime>
      <ModuleName>System.Linq.Expressions</ModuleName>
      <Classes />
    </Module>
    <Module skippedDueTo="Filter" hash="D5-25-59-4D-0F-50-A0-85-00-7F-EB-E1-0B-BD-B5-82-30-09-75-C8">
      <ModulePath>c:\program files\dotnet\shared\Microsoft.NETCore.App\2.0.0\System.ObjectModel.dll</ModulePath>
      <ModuleTime>2017-07-20T19:22:08Z</ModuleTime>
      <ModuleName>System.ObjectModel</ModuleName>
      <Classes />
    </Module>
    <Module skippedDueTo="Filter" hash="50-B7-0E-CE-03-26-1D-99-C0-19-0F-7E-AB-AB-7A-52-3C-23-2D-95">
      <ModulePath>c:\program files\dotnet\shared\Microsoft.NETCore.App\2.0.0\System.Threading.ThreadPool.dll</ModulePath>
      <ModuleTime>2017-07-20T19:22:08Z</ModuleTime>
      <ModuleName>System.Threading.ThreadPool</ModuleName>
      <Classes />
    </Module>
    <Module skippedDueTo="Filter" hash="2F-88-A9-BB-B6-16-36-10-AC-73-83-54-44-F5-17-12-E0-9F-03-28">
      <ModulePath>c:\program files\dotnet\shared\Microsoft.NETCore.App\2.0.0\System.Private.CoreLib.dll</ModulePath>
      <ModuleTime>2017-07-20T19:22:08Z</ModuleTime>
      <ModuleName>System.Private.CoreLib</ModuleName>
      <Classes />
    </Module>
    <Module skippedDueTo="Filter" hash="E2-67-96-30-11-47-5B-2F-F7-2B-C7-45-5D-BC-79-03-9A-EF-99-E7">
      <ModulePath>C:\Users\alber\.nuget\packages\microsoft.testplatform.testhost\15.3.0\lib\netstandard1.5\testhost.dll</ModulePath>
      <ModuleTime>2017-08-07T06:19:50Z</ModuleTime>
      <ModuleName>testhost</ModuleName>
      <Classes />
    </Module>
    <Module skippedDueTo="Filter" hash="B1-9D-98-DD-3C-A1-89-69-AC-7E-F1-16-E9-88-3F-F4-4C-77-AB-38">
      <ModulePath>c:\program files\dotnet\shared\Microsoft.NETCore.App\2.0.0\System.Runtime.dll</ModulePath>
      <ModuleTime>2017-07-20T19:22:08Z</ModuleTime>
      <ModuleName>System.Runtime</ModuleName>
      <Classes />
    </Module>
    <Module skippedDueTo="Filter" hash="2F-9E-C7-ED-C9-C3-D9-6E-F9-22-C0-88-49-55-74-E5-A1-71-3F-0F">
      <ModulePath>C:\Users\alber\.nuget\packages\microsoft.testplatform.objectmodel\15.3.0\lib\netstandard1.5\Microsoft.TestPlatform.CoreUtilities.dll</ModulePath>
      <ModuleTime>2017-08-07T06:19:48Z</ModuleTime>
      <ModuleName>Microsoft.TestPlatform.CoreUtilities</ModuleName>
      <Classes />
    </Module>
    <Module skippedDueTo="Filter" hash="A0-2C-E4-67-65-31-2F-52-34-BE-1B-B5-8E-F0-03-96-33-5C-4A-E3">
      <ModulePath>c:\program files\dotnet\shared\Microsoft.NETCore.App\2.0.0\System.Diagnostics.Tracing.dll</ModulePath>
      <ModuleTime>2017-07-20T19:22:06Z</ModuleTime>
      <ModuleName>System.Diagnostics.Tracing</ModuleName>
      <Classes />
    </Module>
    <Module skippedDueTo="Filter" hash="F7-D7-B4-FC-2C-07-D8-B3-03-0A-2D-EC-2B-24-59-88-4D-A8-9D-6B">
      <ModulePath>c:\program files\dotnet\shared\Microsoft.NETCore.App\2.0.0\System.Diagnostics.Process.dll</ModulePath>
      <ModuleTime>2017-07-20T19:22:06Z</ModuleTime>
      <ModuleName>System.Diagnostics.Process</ModuleName>
      <Classes />
    </Module>
    <Module skippedDueTo="Filter" hash="86-5B-86-E2-06-81-2C-73-3B-6D-BC-9C-E7-90-26-27-45-9D-47-99">
      <ModulePath>c:\program files\dotnet\shared\Microsoft.NETCore.App\2.0.0\System.ComponentModel.Primitives.dll</ModulePath>
      <ModuleTime>2017-07-20T19:22:06Z</ModuleTime>
      <ModuleName>System.ComponentModel.Primitives</ModuleName>
      <Classes />
    </Module>
    <Module skippedDueTo="Filter" hash="3C-7A-96-F0-F0-0A-AB-CF-4A-F1-7F-84-AD-D1-CC-8A-89-FB-43-30">
      <ModulePath>c:\program files\dotnet\shared\Microsoft.NETCore.App\2.0.0\System.Runtime.Extensions.dll</ModulePath>
      <ModuleTime>2017-07-20T19:22:08Z</ModuleTime>
      <ModuleName>System.Runtime.Extensions</ModuleName>
      <Classes />
    </Module>
    <Module skippedDueTo="Filter" hash="AB-3C-81-B8-F6-36-BB-7C-8D-F5-C8-0A-7F-23-6E-13-4F-0E-D5-62">
      <ModulePath>c:\program files\dotnet\shared\Microsoft.NETCore.App\2.0.0\System.Diagnostics.Debug.dll</ModulePath>
      <ModuleTime>2017-07-20T19:22:06Z</ModuleTime>
      <ModuleName>System.Diagnostics.Debug</ModuleName>
      <Classes />
    </Module>
    <Module skippedDueTo="Filter" hash="92-A1-00-E7-E2-BF-4D-F7-95-CB-46-C2-DF-CC-15-61-47-27-B2-9F">
      <ModulePath>c:\program files\dotnet\shared\Microsoft.NETCore.App\2.0.0\System.Threading.Thread.dll</ModulePath>
      <ModuleTime>2017-07-20T19:22:08Z</ModuleTime>
      <ModuleName>System.Threading.Thread</ModuleName>
      <Classes />
    </Module>
    <Module skippedDueTo="Filter" hash="F6-9B-26-AA-03-02-E2-D8-6A-A8-43-4E-56-E5-60-DE-59-F9-52-D2">
      <ModulePath>c:\program files\dotnet\shared\Microsoft.NETCore.App\2.0.0\System.Collections.dll</ModulePath>
      <ModuleTime>2017-07-20T19:22:06Z</ModuleTime>
      <ModuleName>System.Collections</ModuleName>
      <Classes />
    </Module>
    <Module skippedDueTo="Filter" hash="1F-1A-A0-11-B4-1A-DE-54-D9-E9-12-F2-69-A7-33-3C-F8-AD-A1-84">
      <ModulePath>C:\Users\alber\.nuget\packages\microsoft.testplatform.testhost\15.3.0\lib\netstandard1.5\Microsoft.TestPlatform.CrossPlatEngine.dll</ModulePath>
      <ModuleTime>2017-08-07T06:19:50Z</ModuleTime>
      <ModuleName>Microsoft.TestPlatform.CrossPlatEngine</ModuleName>
      <Classes />
    </Module>
    <Module skippedDueTo="Filter" hash="9A-2D-C7-ED-1F-77-65-C8-90-CC-53-FA-27-13-0B-63-CD-58-08-DF">
      <ModulePath>C:\Users\alber\.nuget\packages\microsoft.testplatform.testhost\15.3.0\lib\netstandard1.5\Microsoft.TestPlatform.CommunicationUtilities.dll</ModulePath>
      <ModuleTime>2017-08-07T06:19:50Z</ModuleTime>
      <ModuleName>Microsoft.TestPlatform.CommunicationUtilities</ModuleName>
      <Classes />
    </Module>
    <Module skippedDueTo="Filter" hash="ED-A3-62-93-7C-1B-95-ED-34-C6-F4-C6-A6-67-D2-8B-57-67-15-A2">
      <ModulePath>C:\Users\alber\.nuget\packages\microsoft.testplatform.testhost\15.3.0\lib\netstandard1.5\Microsoft.VisualStudio.TestPlatform.Common.dll</ModulePath>
      <ModuleTime>2017-08-07T06:19:50Z</ModuleTime>
      <ModuleName>Microsoft.VisualStudio.TestPlatform.Common</ModuleName>
      <Classes />
    </Module>
    <Module skippedDueTo="Filter" hash="43-7D-3E-04-97-52-59-32-EE-FD-23-70-E5-CC-25-9A-1D-FF-CE-C8">
      <ModulePath>C:\Users\alber\.nuget\packages\microsoft.testplatform.objectmodel\15.3.0\lib\netstandard1.5\Microsoft.VisualStudio.TestPlatform.ObjectModel.dll</ModulePath>
      <ModuleTime>2017-08-07T06:19:48Z</ModuleTime>
      <ModuleName>Microsoft.VisualStudio.TestPlatform.ObjectModel</ModuleName>
      <Classes />
    </Module>
    <Module skippedDueTo="Filter" hash="EF-01-0C-C7-04-7B-55-8E-E4-3A-33-93-09-C2-FB-42-94-A0-43-B7">
      <ModulePath>c:\program files\dotnet\shared\Microsoft.NETCore.App\2.0.0\System.Threading.Tasks.dll</ModulePath>
      <ModuleTime>2017-07-20T19:22:08Z</ModuleTime>
      <ModuleName>System.Threading.Tasks</ModuleName>
      <Classes />
    </Module>
    <Module skippedDueTo="Filter" hash="16-03-1B-46-DB-1F-B1-BA-A5-E0-00-38-06-DA-E8-13-E1-D4-32-D2">
      <ModulePath>C:\Users\alber\.nuget\packages\microsoft.testplatform.objectmodel\15.3.0\lib\netstandard1.5\Microsoft.TestPlatform.PlatformAbstractions.dll</ModulePath>
      <ModuleTime>2017-08-07T06:19:48Z</ModuleTime>
      <ModuleName>Microsoft.TestPlatform.PlatformAbstractions</ModuleName>
      <Classes />
    </Module>
    <Module skippedDueTo="Filter" hash="53-D0-A3-B9-10-36-09-21-32-F4-D0-88-75-00-B5-DC-77-89-1D-78">
      <ModulePath>C:\Users\alber\.nuget\packages\newtonsoft.json\9.0.1\lib\netstandard1.0\Newtonsoft.Json.dll</ModulePath>
      <ModuleTime>2016-06-14T02:06:14Z</ModuleTime>
      <ModuleName>Newtonsoft.Json</ModuleName>
      <Classes />
    </Module>
    <Module skippedDueTo="Filter" hash="2A-EC-2D-C2-93-1A-04-B6-A8-6B-5A-40-55-91-84-77-18-98-42-C2">
      <ModulePath>c:\program files\dotnet\shared\Microsoft.NETCore.App\2.0.0\System.Runtime.Serialization.Primitives.dll</ModulePath>
      <ModuleTime>2017-07-20T19:22:08Z</ModuleTime>
      <ModuleName>System.Runtime.Serialization.Primitives</ModuleName>
      <Classes />
    </Module>
    <Module skippedDueTo="Filter" hash="E6-69-68-08-E2-62-0F-85-F0-BE-8F-4D-51-D1-88-8E-81-FD-73-0B">
      <ModulePath>c:\program files\dotnet\shared\Microsoft.NETCore.App\2.0.0\System.Globalization.dll</ModulePath>
      <ModuleTime>2017-07-20T19:22:06Z</ModuleTime>
      <ModuleName>System.Globalization</ModuleName>
      <Classes />
    </Module>
    <Module skippedDueTo="Filter" hash="EB-18-C3-43-11-91-EB-51-F0-4E-50-91-DE-EC-A3-6F-E7-CE-D9-3E">
      <ModulePath>c:\program files\dotnet\shared\Microsoft.NETCore.App\2.0.0\System.Threading.dll</ModulePath>
      <ModuleTime>2017-07-20T19:22:08Z</ModuleTime>
      <ModuleName>System.Threading</ModuleName>
      <Classes />
    </Module>
    <Module skippedDueTo="Filter" hash="07-BB-A4-F7-14-EA-9B-B8-F2-17-F9-AC-2B-79-B1-6D-11-72-31-CA">
      <ModulePath>c:\program files\dotnet\shared\Microsoft.NETCore.App\2.0.0\System.Diagnostics.TraceSource.dll</ModulePath>
      <ModuleTime>2017-07-20T19:22:06Z</ModuleTime>
      <ModuleName>System.Diagnostics.TraceSource</ModuleName>
      <Classes />
    </Module>
    <Module skippedDueTo="Filter" hash="42-05-10-61-0A-00-05-FA-1F-EB-04-C9-F9-DD-2C-D4-89-87-3F-B1">
      <ModulePath>c:\program files\dotnet\shared\Microsoft.NETCore.App\2.0.0\System.Runtime.InteropServices.dll</ModulePath>
      <ModuleTime>2017-07-20T19:22:08Z</ModuleTime>
      <ModuleName>System.Runtime.InteropServices</ModuleName>
      <Classes />
    </Module>
    <Module skippedDueTo="Filter" hash="50-B7-0E-CE-03-26-1D-99-C0-19-0F-7E-AB-AB-7A-52-3C-23-2D-95">
      <ModulePath>c:\program files\dotnet\shared\Microsoft.NETCore.App\2.0.0\System.Threading.ThreadPool.dll</ModulePath>
      <ModuleTime>2017-07-20T19:22:08Z</ModuleTime>
      <ModuleName>System.Threading.ThreadPool</ModuleName>
      <Classes />
    </Module>
    <Module skippedDueTo="Filter" hash="78-03-8A-44-1A-43-2E-FF-59-3E-DF-DE-FE-C4-0D-06-7A-76-FA-6C">
      <ModulePath>c:\program files\dotnet\shared\Microsoft.NETCore.App\2.0.0\System.Net.Sockets.dll</ModulePath>
      <ModuleTime>2017-07-20T19:22:08Z</ModuleTime>
      <ModuleName>System.Net.Sockets</ModuleName>
      <Classes />
    </Module>
    <Module skippedDueTo="Filter" hash="5F-EC-41-41-AB-49-88-F8-F1-2A-13-23-4A-59-C7-E1-C4-B9-7B-57">
      <ModulePath>c:\program files\dotnet\shared\Microsoft.NETCore.App\2.0.0\System.Net.Primitives.dll</ModulePath>
      <ModuleTime>2017-07-20T19:22:08Z</ModuleTime>
      <ModuleName>System.Net.Primitives</ModuleName>
      <Classes />
    </Module>
    <Module skippedDueTo="Filter" hash="2D-70-CB-62-DA-FC-A2-6C-E4-9F-F1-DB-4C-3B-9A-34-20-80-E4-06">
      <ModulePath>c:\program files\dotnet\shared\Microsoft.NETCore.App\2.0.0\System.IO.dll</ModulePath>
      <ModuleTime>2017-07-20T19:22:06Z</ModuleTime>
      <ModuleName>System.IO</ModuleName>
      <Classes />
    </Module>
    <Module skippedDueTo="Filter" hash="B8-85-74-30-B5-D0-6C-90-EA-B8-3A-A6-48-FB-A8-0D-4D-13-57-56">
      <ModulePath>c:\program files\dotnet\shared\Microsoft.NETCore.App\2.0.0\System.Threading.Overlapped.dll</ModulePath>
      <ModuleTime>2017-07-20T19:22:08Z</ModuleTime>
      <ModuleName>System.Threading.Overlapped</ModuleName>
      <Classes />
    </Module>
    <Module skippedDueTo="Filter" hash="F4-32-F9-57-D9-5D-00-05-DC-9C-5C-5B-4B-87-6E-59-F3-90-7B-2C">
      <ModulePath>c:\program files\dotnet\shared\Microsoft.NETCore.App\2.0.0\System.Net.NameResolution.dll</ModulePath>
      <ModuleTime>2017-07-20T19:22:08Z</ModuleTime>
      <ModuleName>System.Net.NameResolution</ModuleName>
      <Classes />
    </Module>
    <Module skippedDueTo="Filter" hash="72-8C-FC-94-9B-36-BE-EC-02-7F-7A-C6-53-E4-C2-A7-34-F8-FD-AD">
      <ModulePath>c:\program files\dotnet\shared\Microsoft.NETCore.App\2.0.0\Microsoft.Win32.Primitives.dll</ModulePath>
      <ModuleTime>2017-07-20T19:22:06Z</ModuleTime>
      <ModuleName>Microsoft.Win32.Primitives</ModuleName>
      <Classes />
    </Module>
    <Module skippedDueTo="Filter" hash="7A-DB-D3-5C-EB-1E-6E-FF-8F-C6-E5-82-86-2B-77-2E-B1-DE-36-21">
      <ModulePath>c:\program files\dotnet\shared\Microsoft.NETCore.App\2.0.0\System.Dynamic.Runtime.dll</ModulePath>
      <ModuleTime>2017-07-20T19:22:06Z</ModuleTime>
      <ModuleName>System.Dynamic.Runtime</ModuleName>
      <Classes />
    </Module>
    <Module skippedDueTo="Filter" hash="83-02-2F-5B-C7-1D-94-96-BC-75-A7-ED-DA-57-BA-A5-FB-E7-6F-1B">
      <ModulePath>c:\program files\dotnet\shared\Microsoft.NETCore.App\2.0.0\System.Linq.Expressions.dll</ModulePath>
      <ModuleTime>2017-07-20T19:22:06Z</ModuleTime>
      <ModuleName>System.Linq.Expressions</ModuleName>
      <Classes />
    </Module>
    <Module skippedDueTo="Filter" hash="B8-E0-1C-46-05-EF-1C-0F-0F-1D-3C-D4-89-4D-08-3A-89-36-F3-E5">
      <ModulePath>c:\program files\dotnet\shared\Microsoft.NETCore.App\2.0.0\System.Xml.XDocument.dll</ModulePath>
      <ModuleTime>2017-07-20T19:22:08Z</ModuleTime>
      <ModuleName>System.Xml.XDocument</ModuleName>
      <Classes />
    </Module>
    <Module skippedDueTo="Filter" hash="DD-F6-D3-A5-01-A8-F6-AC-1B-A1-E9-B5-7C-53-43-D4-64-1C-30-53">
      <ModulePath>c:\program files\dotnet\shared\Microsoft.NETCore.App\2.0.0\System.Private.Xml.Linq.dll</ModulePath>
      <ModuleTime>2017-07-20T19:22:08Z</ModuleTime>
      <ModuleName>System.Private.Xml.Linq</ModuleName>
      <Classes />
    </Module>
    <Module skippedDueTo="Filter" hash="57-1D-48-78-C3-EF-FA-88-05-99-26-BA-4E-FB-19-12-DE-13-1F-28">
      <ModulePath>c:\program files\dotnet\shared\Microsoft.NETCore.App\2.0.0\System.Reflection.Emit.ILGeneration.dll</ModulePath>
      <ModuleTime>2017-07-20T19:22:08Z</ModuleTime>
      <ModuleName>System.Reflection.Emit.ILGeneration</ModuleName>
      <Classes />
    </Module>
    <Module skippedDueTo="Filter" hash="52-C8-E5-3A-B2-32-4A-17-18-33-8B-13-C2-3A-53-6D-EC-77-D9-9A">
      <ModulePath>c:\program files\dotnet\shared\Microsoft.NETCore.App\2.0.0\System.Reflection.Primitives.dll</ModulePath>
      <ModuleTime>2017-07-20T19:22:08Z</ModuleTime>
      <ModuleName>System.Reflection.Primitives</ModuleName>
      <Classes />
    </Module>
    <Module skippedDueTo="Filter" hash="00-52-F9-D2-A8-8A-13-20-73-C8-8A-41-F2-30-C8-64-C6-E5-66-80">
      <ModulePath>c:\program files\dotnet\shared\Microsoft.NETCore.App\2.0.0\System.Reflection.Emit.Lightweight.dll</ModulePath>
      <ModuleTime>2017-07-20T19:22:08Z</ModuleTime>
      <ModuleName>System.Reflection.Emit.Lightweight</ModuleName>
      <Classes />
    </Module>
    <Module skippedDueTo="Filter" hash="">
      <ModulePath>RefEmit_InMemoryManifestModule</ModulePath>
      <ModuleTime>0001-01-01T00:00:00</ModuleTime>
      <ModuleName>Anonymously Hosted DynamicMethods Assembly</ModuleName>
      <Classes />
    </Module>
    <Module skippedDueTo="Filter" hash="AB-3C-81-B8-F6-36-BB-7C-8D-F5-C8-0A-7F-23-6E-13-4F-0E-D5-62">
      <ModulePath>c:\program files\dotnet\shared\Microsoft.NETCore.App\2.0.0\System.Diagnostics.Debug.dll</ModulePath>
      <ModuleTime>2017-07-20T19:22:06Z</ModuleTime>
      <ModuleName>System.Diagnostics.Debug</ModuleName>
      <Classes />
    </Module>
    <Module skippedDueTo="Filter" hash="FA-2B-87-A5-50-E5-4F-A1-C0-7E-53-1F-0B-F1-52-F1-E9-38-1F-38">
      <ModulePath>c:\program files\dotnet\shared\Microsoft.NETCore.App\2.0.0\System.Private.Uri.dll</ModulePath>
      <ModuleTime>2017-07-20T19:22:08Z</ModuleTime>
      <ModuleName>System.Private.Uri</ModuleName>
      <Classes />
    </Module>
    <Module skippedDueTo="Filter" hash="24-D5-33-36-52-51-67-A0-24-3D-22-95-32-23-DA-6D-B4-16-CD-CB">
      <ModulePath>c:\program files\dotnet\shared\Microsoft.NETCore.App\2.0.0\System.Reflection.dll</ModulePath>
      <ModuleTime>2017-07-20T19:22:08Z</ModuleTime>
      <ModuleName>System.Reflection</ModuleName>
      <Classes />
    </Module>
    <Module skippedDueTo="Filter" hash="45-E9-3D-14-67-92-EB-4A-1C-CC-E2-01-D2-6C-A1-29-4A-C8-C1-1E">
      <ModulePath>c:\program files\dotnet\shared\Microsoft.NETCore.App\2.0.0\System.Reflection.Extensions.dll</ModulePath>
      <ModuleTime>2017-07-20T19:22:08Z</ModuleTime>
      <ModuleName>System.Reflection.Extensions</ModuleName>
      <Classes />
    </Module>
    <Module skippedDueTo="Filter" hash="80-F3-31-87-AA-BE-F0-08-E2-C4-7C-2D-76-97-05-5F-96-6C-E3-CE">
      <ModulePath>c:\program files\dotnet\shared\Microsoft.NETCore.App\2.0.0\System.Linq.dll</ModulePath>
      <ModuleTime>2017-07-20T19:22:06Z</ModuleTime>
      <ModuleName>System.Linq</ModuleName>
      <Classes />
    </Module>
    <Module skippedDueTo="Filter" hash="D5-25-59-4D-0F-50-A0-85-00-7F-EB-E1-0B-BD-B5-82-30-09-75-C8">
      <ModulePath>c:\program files\dotnet\shared\Microsoft.NETCore.App\2.0.0\System.ObjectModel.dll</ModulePath>
      <ModuleTime>2017-07-20T19:22:08Z</ModuleTime>
      <ModuleName>System.ObjectModel</ModuleName>
      <Classes />
    </Module>
    <Module skippedDueTo="Filter" hash="B8-E0-1C-46-05-EF-1C-0F-0F-1D-3C-D4-89-4D-08-3A-89-36-F3-E5">
      <ModulePath>c:\program files\dotnet\shared\Microsoft.NETCore.App\2.0.0\System.Xml.XDocument.dll</ModulePath>
      <ModuleTime>2017-07-20T19:22:08Z</ModuleTime>
      <ModuleName>System.Xml.XDocument</ModuleName>
      <Classes />
    </Module>
    <Module skippedDueTo="Filter" hash="DD-F6-D3-A5-01-A8-F6-AC-1B-A1-E9-B5-7C-53-43-D4-64-1C-30-53">
      <ModulePath>c:\program files\dotnet\shared\Microsoft.NETCore.App\2.0.0\System.Private.Xml.Linq.dll</ModulePath>
      <ModuleTime>2017-07-20T19:22:08Z</ModuleTime>
      <ModuleName>System.Private.Xml.Linq</ModuleName>
      <Classes />
    </Module>
    <Module skippedDueTo="Filter" hash="92-AC-DA-99-81-1A-EB-3D-7D-F3-46-72-13-0A-D3-C6-8A-70-DB-4C">
      <ModulePath>c:\program files\dotnet\shared\Microsoft.NETCore.App\2.0.0\System.Private.Xml.dll</ModulePath>
      <ModuleTime>2017-07-20T19:22:08Z</ModuleTime>
      <ModuleName>System.Private.Xml</ModuleName>
      <Classes />
    </Module>
    <Module skippedDueTo="Filter" hash="2E-3F-98-9F-F8-96-78-BA-71-3A-6A-0C-9C-B3-D0-39-1E-46-25-10">
      <ModulePath>c:\program files\dotnet\shared\Microsoft.NETCore.App\2.0.0\System.Text.RegularExpressions.dll</ModulePath>
      <ModuleTime>2017-07-20T19:22:08Z</ModuleTime>
      <ModuleName>System.Text.RegularExpressions</ModuleName>
      <Classes />
    </Module>
    <Module skippedDueTo="Filter" hash="57-1D-48-78-C3-EF-FA-88-05-99-26-BA-4E-FB-19-12-DE-13-1F-28">
      <ModulePath>c:\program files\dotnet\shared\Microsoft.NETCore.App\2.0.0\System.Reflection.Emit.ILGeneration.dll</ModulePath>
      <ModuleTime>2017-07-20T19:22:08Z</ModuleTime>
      <ModuleName>System.Reflection.Emit.ILGeneration</ModuleName>
      <Classes />
    </Module>
    <Module skippedDueTo="Filter" hash="52-C8-E5-3A-B2-32-4A-17-18-33-8B-13-C2-3A-53-6D-EC-77-D9-9A">
      <ModulePath>c:\program files\dotnet\shared\Microsoft.NETCore.App\2.0.0\System.Reflection.Primitives.dll</ModulePath>
      <ModuleTime>2017-07-20T19:22:08Z</ModuleTime>
      <ModuleName>System.Reflection.Primitives</ModuleName>
      <Classes />
    </Module>
    <Module skippedDueTo="Filter" hash="00-52-F9-D2-A8-8A-13-20-73-C8-8A-41-F2-30-C8-64-C6-E5-66-80">
      <ModulePath>c:\program files\dotnet\shared\Microsoft.NETCore.App\2.0.0\System.Reflection.Emit.Lightweight.dll</ModulePath>
      <ModuleTime>2017-07-20T19:22:08Z</ModuleTime>
      <ModuleName>System.Reflection.Emit.Lightweight</ModuleName>
      <Classes />
    </Module>
    <Module skippedDueTo="Filter" hash="">
      <ModulePath>RefEmit_InMemoryManifestModule</ModulePath>
      <ModuleTime>0001-01-01T00:00:00</ModuleTime>
      <ModuleName>Anonymously Hosted DynamicMethods Assembly</ModuleName>
      <Classes />
    </Module>
    <Module skippedDueTo="Filter" hash="2A-C9-25-F3-D5-15-6C-B1-09-A6-1F-DA-0F-51-0B-96-DE-24-F6-E0">
      <ModulePath>c:\program files\dotnet\shared\Microsoft.NETCore.App\2.0.0\System.IO.FileSystem.Primitives.dll</ModulePath>
      <ModuleTime>2017-07-20T19:22:06Z</ModuleTime>
      <ModuleName>System.IO.FileSystem.Primitives</ModuleName>
      <Classes />
    </Module>
    <Module skippedDueTo="Filter" hash="89-70-E9-C9-2D-15-5F-35-A4-A6-47-48-86-2C-E8-14-EC-34-B9-9F">
      <ModulePath>c:\program files\dotnet\shared\Microsoft.NETCore.App\2.0.0\System.IO.FileSystem.dll</ModulePath>
      <ModuleTime>2017-07-20T19:22:06Z</ModuleTime>
      <ModuleName>System.IO.FileSystem</ModuleName>
      <Classes />
    </Module>
    <Module skippedDueTo="Filter" hash="7F-86-D1-E6-14-45-A7-32-BF-F5-26-4C-B3-4B-72-A0-1B-F2-EF-62">
      <ModulePath>c:\program files\dotnet\shared\Microsoft.NETCore.App\2.0.0\System.Runtime.Loader.dll</ModulePath>
      <ModuleTime>2017-07-20T19:22:08Z</ModuleTime>
      <ModuleName>System.Runtime.Loader</ModuleName>
      <Classes />
    </Module>
    <Module skippedDueTo="Filter" hash="39-95-CB-43-60-44-C5-0A-ED-3C-D0-80-3B-AF-28-D9-93-F2-5C-70">
      <ModulePath>C:\Projetos\flepper\Flepper.Tests.Unit\bin\Debug\netcoreapp2.0\xunit.runner.visualstudio.dotnetcore.testadapter.dll</ModulePath>
      <ModuleTime>2017-02-19T18:24:26Z</ModuleTime>
      <ModuleName>xunit.runner.visualstudio.dotnetcore.testadapter</ModuleName>
      <Classes />
    </Module>
    <Module skippedDueTo="Filter" hash="3F-67-C0-63-F5-26-AA-0D-5F-EF-F7-C8-D5-74-50-99-8E-97-44-9A">
      <ModulePath>C:\Projetos\flepper\Flepper.Tests.Unit\bin\Debug\netcoreapp2.0\xunit.runner.utility.netstandard15.dll</ModulePath>
      <ModuleTime>2017-02-19T18:24:26Z</ModuleTime>
      <ModuleName>xunit.runner.utility.netstandard15</ModuleName>
      <Classes />
    </Module>
    <Module skippedDueTo="Filter" hash="0D-93-02-F5-BA-A6-97-B2-1E-7D-A1-81-8A-4F-5F-B9-97-BB-A9-BC">
      <ModulePath>C:\Users\alber\.nuget\packages\xunit.abstractions\2.0.1\lib\netstandard1.0\xunit.abstractions.dll</ModulePath>
      <ModuleTime>2016-08-09T11:37:58Z</ModuleTime>
      <ModuleName>xunit.abstractions</ModuleName>
      <Classes />
    </Module>
    <Module skippedDueTo="Filter" hash="7C-EB-99-71-08-B5-1F-60-CA-48-72-95-5E-DE-E2-5B-79-99-49-4F">
      <ModulePath>c:\program files\dotnet\shared\Microsoft.NETCore.App\2.0.0\System.Xml.ReaderWriter.dll</ModulePath>
      <ModuleTime>2017-07-20T19:22:08Z</ModuleTime>
      <ModuleName>System.Xml.ReaderWriter</ModuleName>
      <Classes />
    </Module>
    <Module skippedDueTo="Filter" hash="10-5F-52-1E-AE-ED-C8-AC-46-9C-6B-23-CA-AD-10-67-C9-96-30-2F">
      <ModulePath>c:\program files\dotnet\shared\Microsoft.NETCore.App\2.0.0\System.Threading.Timer.dll</ModulePath>
      <ModuleTime>2017-07-20T19:22:08Z</ModuleTime>
      <ModuleName>System.Threading.Timer</ModuleName>
      <Classes />
    </Module>
    <Module skippedDueTo="Filter" hash="CF-8A-90-C4-AB-10-6A-59-C0-1A-9A-F8-B0-C9-E3-7D-B3-7F-76-A4">
      <ModulePath>c:\program files\dotnet\shared\Microsoft.NETCore.App\2.0.0\System.Xml.XmlDocument.dll</ModulePath>
      <ModuleTime>2017-07-20T19:22:08Z</ModuleTime>
      <ModuleName>System.Xml.XmlDocument</ModuleName>
      <Classes />
    </Module>
    <Module skippedDueTo="Filter" hash="3E-2C-80-45-4B-5B-8B-5F-09-84-82-17-AA-7B-43-BF-3F-43-55-D2">
      <ModulePath>c:\program files\dotnet\shared\Microsoft.NETCore.App\2.0.0\System.Resources.ResourceManager.dll</ModulePath>
      <ModuleTime>2017-07-20T19:22:08Z</ModuleTime>
      <ModuleName>System.Resources.ResourceManager</ModuleName>
      <Classes />
    </Module>
    <Module skippedDueTo="Filter" hash="B6-EE-2A-D7-DC-E4-6A-EC-26-E2-04-0A-47-51-F1-BD-0F-79-B7-72">
      <ModulePath>C:\Users\alber\.nuget\packages\microsoft.testplatform.testhost\15.3.0\lib\netstandard1.5\pt-BR\Microsoft.VisualStudio.TestPlatform.Common.resources.dll</ModulePath>
      <ModuleTime>2017-08-07T06:19:50Z</ModuleTime>
      <ModuleName>Microsoft.VisualStudio.TestPlatform.Common.resources</ModuleName>
      <Classes />
    </Module>
    <Module skippedDueTo="Filter" hash="6D-5A-04-73-28-C9-26-1C-E8-75-84-50-BF-FF-76-AC-5A-9E-28-48">
      <ModulePath>c:\program files\dotnet\shared\Microsoft.NETCore.App\2.0.0\System.Runtime.InteropServices.RuntimeInformation.dll</ModulePath>
      <ModuleTime>2017-07-20T19:22:08Z</ModuleTime>
      <ModuleName>System.Runtime.InteropServices.RuntimeInformation</ModuleName>
      <Classes />
    </Module>
    <Module skippedDueTo="Filter" hash="10-51-97-2D-2B-7D-CB-66-93-6C-4F-3D-BF-18-62-BA-4D-54-90-2D">
      <ModulePath>C:\Users\alber\.nuget\packages\microsoft.extensions.dependencymodel\1.1.0\lib\netstandard1.6\Microsoft.Extensions.DependencyModel.dll</ModulePath>
      <ModuleTime>2016-11-09T01:14:04Z</ModuleTime>
      <ModuleName>Microsoft.Extensions.DependencyModel</ModuleName>
      <Classes />
    </Module>
    <Module skippedDueTo="Filter" hash="64-4E-36-E8-9E-2C-F7-DB-F8-3C-16-DC-A2-BC-3D-22-A2-4B-36-54">
      <ModulePath>C:\Users\alber\.nuget\packages\microsoft.dotnet.platformabstractions\1.1.0\lib\netstandard1.3\Microsoft.DotNet.PlatformAbstractions.dll</ModulePath>
      <ModuleTime>2016-11-09T01:14:04Z</ModuleTime>
      <ModuleName>Microsoft.DotNet.PlatformAbstractions</ModuleName>
      <Classes />
    </Module>
    <Module skippedDueTo="Filter" hash="4B-B8-F7-36-81-46-46-AC-52-E9-F6-F0-10-B0-D4-A7-39-49-E6-A5">
      <ModulePath>c:\program files\dotnet\shared\Microsoft.NETCore.App\2.0.0\System.Console.dll</ModulePath>
      <ModuleTime>2017-07-20T19:22:06Z</ModuleTime>
      <ModuleName>System.Console</ModuleName>
      <Classes />
    </Module>
    <Module skippedDueTo="Filter" hash="A9-35-05-17-48-B6-02-2A-7D-91-FC-4B-90-29-11-57-7E-06-AC-62">
      <ModulePath>c:\program files\dotnet\shared\Microsoft.NETCore.App\2.0.0\System.AppContext.dll</ModulePath>
      <ModuleTime>2017-07-20T19:22:06Z</ModuleTime>
      <ModuleName>System.AppContext</ModuleName>
      <Classes />
    </Module>
    <Module skippedDueTo="Filter" hash="71-55-8B-F9-57-BC-B0-34-9A-F8-A2-C8-58-A4-C7-74-EC-A4-CD-9C">
      <ModulePath>c:\program files\dotnet\shared\Microsoft.NETCore.App\2.0.0\System.Text.Encoding.dll</ModulePath>
      <ModuleTime>2017-07-20T19:22:08Z</ModuleTime>
      <ModuleName>System.Text.Encoding</ModuleName>
      <Classes />
    </Module>
    <Module skippedDueTo="Filter" hash="EC-2D-08-78-A7-EC-6B-2A-CF-73-7A-4E-C1-09-E7-8E-B0-77-50-89">
      <ModulePath>C:\Projetos\flepper\Flepper.Tests.Unit\bin\Debug\netcoreapp2.0\Flepper.Tests.Unit.dll</ModulePath>
      <ModuleTime>2017-09-16T04:15:14.0749645Z</ModuleTime>
      <ModuleName>Flepper.Tests.Unit</ModuleName>
      <Classes />
    </Module>
    <Module skippedDueTo="Filter" hash="FF-94-6F-16-6E-20-00-68-CC-C7-B0-9D-6A-F6-0B-DB-BE-81-09-92">
      <ModulePath>C:\Users\alber\.nuget\packages\castle.core\4.1.1\lib\netstandard1.3\Castle.Core.dll</ModulePath>
      <ModuleTime>2017-07-12T09:37:22Z</ModuleTime>
      <ModuleName>Castle.Core</ModuleName>
      <Classes />
    </Module>
    <Module skippedDueTo="Filter" hash="9D-CC-20-26-6F-65-37-EE-A1-EB-D2-B4-DC-4B-2F-BD-4A-BF-7E-4F">
      <ModulePath>c:\program files\dotnet\shared\Microsoft.NETCore.App\2.0.0\System.ComponentModel.dll</ModulePath>
      <ModuleTime>2017-07-20T19:22:06Z</ModuleTime>
      <ModuleName>System.ComponentModel</ModuleName>
      <Classes />
    </Module>
    <Module skippedDueTo="Filter" hash="9C-7D-3C-19-B5-D7-1A-E4-82-28-AD-91-4A-9D-ED-D5-0F-1B-3A-67">
      <ModulePath>c:\program files\dotnet\shared\Microsoft.NETCore.App\2.0.0\System.Collections.Specialized.dll</ModulePath>
      <ModuleTime>2017-07-20T19:22:06Z</ModuleTime>
      <ModuleName>System.Collections.Specialized</ModuleName>
      <Classes />
    </Module>
    <Module skippedDueTo="Filter" hash="7A-BC-7D-C1-A9-80-76-F7-22-6C-00-D3-CE-17-C3-EE-B4-AD-6B-1F">
      <ModulePath>C:\Users\alber\.nuget\packages\fluentassertions\4.19.3\lib\netstandard1.3\FluentAssertions.Core.dll</ModulePath>
      <ModuleTime>2017-07-04T17:21:06Z</ModuleTime>
      <ModuleName>FluentAssertions.Core</ModuleName>
      <Classes />
    </Module>
    <Module skippedDueTo="Filter" hash="85-8E-79-16-F1-DE-FE-61-CC-30-64-AF-81-4B-10-D3-C4-51-5E-C9">
      <ModulePath>C:\Users\alber\.nuget\packages\fluentassertions\4.19.3\lib\netstandard1.3\FluentAssertions.dll</ModulePath>
      <ModuleTime>2017-07-04T17:21:06Z</ModuleTime>
      <ModuleName>FluentAssertions</ModuleName>
      <Classes />
    </Module>
    <Module skippedDueTo="Filter" hash="E2-97-C0-6C-1F-F3-6A-AF-95-A0-7E-A4-5B-28-3B-EF-98-E0-4F-F8">
      <ModulePath>c:\program files\dotnet\shared\Microsoft.NETCore.App\2.0.0\System.Diagnostics.TextWriterTraceListener.dll</ModulePath>
      <ModuleTime>2017-07-20T19:22:06Z</ModuleTime>
      <ModuleName>System.Diagnostics.TextWriterTraceListener</ModuleName>
      <Classes />
    </Module>
    <Module skippedDueTo="Filter" hash="52-6D-1C-5B-06-2F-83-79-A8-F5-06-E6-98-C9-1D-45-D4-B4-25-85">
      <ModulePath>c:\program files\dotnet\shared\Microsoft.NETCore.App\2.0.0\System.ComponentModel.TypeConverter.dll</ModulePath>
      <ModuleTime>2017-07-20T19:22:06Z</ModuleTime>
      <ModuleName>System.ComponentModel.TypeConverter</ModuleName>
      <Classes />
    </Module>
    <Module skippedDueTo="Filter" hash="BC-AC-D5-ED-57-C0-D9-F6-06-C2-7E-54-28-19-E0-F1-68-FC-69-FD">
      <ModulePath>c:\program files\dotnet\shared\Microsoft.NETCore.App\2.0.0\System.ComponentModel.EventBasedAsync.dll</ModulePath>
      <ModuleTime>2017-07-20T19:22:06Z</ModuleTime>
      <ModuleName>System.ComponentModel.EventBasedAsync</ModuleName>
      <Classes />
    </Module>
    <Module skippedDueTo="Filter" hash="0B-BD-29-9A-1E-30-F5-A0-90-03-21-81-17-66-90-D8-2F-BB-52-5C">
      <ModulePath>C:\Users\alber\.nuget\packages\moq\4.7.99\lib\netstandard1.3\Moq.dll</ModulePath>
      <ModuleTime>2017-07-17T03:46:26Z</ModuleTime>
      <ModuleName>Moq</ModuleName>
      <Classes />
    </Module>
    <Module skippedDueTo="Filter" hash="8B-99-E8-F0-CD-95-95-B0-68-10-D4-3A-CB-A1-0A-BE-38-66-BE-13">
      <ModulePath>c:\program files\dotnet\shared\Microsoft.NETCore.App\2.0.0\System.Collections.Concurrent.dll</ModulePath>
      <ModuleTime>2017-07-20T19:22:06Z</ModuleTime>
      <ModuleName>System.Collections.Concurrent</ModuleName>
      <Classes />
    </Module>
    <Module skippedDueTo="Filter" hash="53-54-24-5E-85-2F-DC-31-01-9F-64-96-C1-B7-CA-E0-56-B4-71-FF">
      <ModulePath>C:\Users\alber\.nuget\packages\system.xml.xpath.xmldocument\4.0.1\lib\netstandard1.3\System.Xml.XPath.XmlDocument.dll</ModulePath>
      <ModuleTime>2016-06-12T02:15:02Z</ModuleTime>
      <ModuleName>System.Xml.XPath.XmlDocument</ModuleName>
      <Classes />
    </Module>
    <Module skippedDueTo="Filter" hash="3E-AA-1E-0F-96-3F-C2-DE-65-09-4F-57-7A-FD-7C-52-89-5A-54-25">
      <ModulePath>c:\program files\dotnet\shared\Microsoft.NETCore.App\2.0.0\System.Xml.XPath.dll</ModulePath>
      <ModuleTime>2017-07-20T19:22:08Z</ModuleTime>
      <ModuleName>System.Xml.XPath</ModuleName>
      <Classes />
    </Module>
    <Module skippedDueTo="Filter" hash="8B-3E-B0-DD-85-1A-6F-D8-86-4B-F4-A7-2F-45-5D-9F-2C-B3-13-87">
      <ModulePath>C:\Users\alber\.nuget\packages\xunit.assert\2.2.0\lib\netstandard1.1\xunit.assert.dll</ModulePath>
      <ModuleTime>2017-02-19T18:18:04Z</ModuleTime>
      <ModuleName>xunit.assert</ModuleName>
      <Classes />
    </Module>
    <Module skippedDueTo="Filter" hash="B4-1C-0E-F5-FD-FF-9B-C4-1E-A4-FC-70-D7-8F-C0-AC-9B-CC-1F-13">
      <ModulePath>C:\Users\alber\.nuget\packages\xunit.extensibility.core\2.2.0\lib\netstandard1.1\xunit.core.dll</ModulePath>
      <ModuleTime>2017-02-19T18:18:04Z</ModuleTime>
      <ModuleName>xunit.core</ModuleName>
      <Classes />
    </Module>
    <Module skippedDueTo="Filter" hash="D1-29-63-0D-B7-95-A9-9D-B7-D4-08-A3-6F-81-87-4F-15-19-B9-C7">
      <ModulePath>C:\Users\alber\.nuget\packages\xunit.extensibility.execution\2.2.0\lib\netstandard1.1\xunit.execution.dotnet.dll</ModulePath>
      <ModuleTime>2017-02-19T18:18:04Z</ModuleTime>
      <ModuleName>xunit.execution.dotnet</ModuleName>
      <Classes />
    </Module>
    <Module skippedDueTo="MissingPdb" hash="25-92-4C-2E-C5-4B-A9-01-B9-3F-7E-F9-77-52-ED-97-19-DA-25-3B">
      <ModulePath>C:\Projetos\flepper\Flepper.Tests.Unit\bin\Debug\netcoreapp2.0\Flepper.QueryBuilder.dll</ModulePath>
      <ModuleTime>2017-09-16T04:15:11.3623182Z</ModuleTime>
      <ModuleName>Flepper.QueryBuilder</ModuleName>
      <Classes />
    </Module>
    <Module skippedDueTo="Filter" hash="C9-03-33-2D-B2-3B-A1-8A-2F-95-2B-0B-9D-A7-9A-D1-0D-9E-03-C3">
      <ModulePath>c:\program files\dotnet\shared\Microsoft.NETCore.App\2.0.0\netstandard.dll</ModulePath>
      <ModuleTime>2017-07-20T19:22:08Z</ModuleTime>
      <ModuleName>netstandard</ModuleName>
      <Classes />
    </Module>
    <Module skippedDueTo="Filter" hash="BC-45-A9-AB-92-B2-ED-C5-DB-0A-E7-63-82-15-99-E5-42-DC-D6-8E">
      <ModulePath>c:\program files\dotnet\shared\Microsoft.NETCore.App\2.0.0\Microsoft.CSharp.dll</ModulePath>
      <ModuleTime>2017-07-20T19:22:06Z</ModuleTime>
      <ModuleName>Microsoft.CSharp</ModuleName>
      <Classes />
    </Module>
    <Module skippedDueTo="Filter" hash="0A-C2-CF-44-03-DD-88-2D-AA-47-7B-F2-F5-C4-20-22-29-78-53-8B">
      <ModulePath>c:\program files\dotnet\shared\Microsoft.NETCore.App\2.0.0\Microsoft.VisualBasic.dll</ModulePath>
      <ModuleTime>2017-07-20T19:22:06Z</ModuleTime>
      <ModuleName>Microsoft.VisualBasic</ModuleName>
      <Classes />
    </Module>
    <Module skippedDueTo="Filter" hash="B7-E7-A7-A1-45-B7-FD-42-A4-D8-C3-CF-F8-62-92-75-D8-0C-4E-7A">
      <ModulePath>c:\program files\dotnet\shared\Microsoft.NETCore.App\2.0.0\Microsoft.Win32.Registry.dll</ModulePath>
      <ModuleTime>2017-07-20T19:22:06Z</ModuleTime>
      <ModuleName>Microsoft.Win32.Registry</ModuleName>
      <Classes />
    </Module>
    <Module skippedDueTo="Filter" hash="E7-65-81-77-65-21-BE-88-BB-83-4A-95-A1-E5-F8-6E-44-7C-5D-DD">
      <ModulePath>c:\program files\dotnet\shared\Microsoft.NETCore.App\2.0.0\System.Security.AccessControl.dll</ModulePath>
      <ModuleTime>2017-07-20T19:22:08Z</ModuleTime>
      <ModuleName>System.Security.AccessControl</ModuleName>
      <Classes />
    </Module>
    <Module skippedDueTo="Filter" hash="2B-E4-67-84-A9-B7-68-6E-94-08-11-F5-9B-4E-AF-29-0A-0D-5F-ED">
      <ModulePath>c:\program files\dotnet\shared\Microsoft.NETCore.App\2.0.0\System.Security.Principal.Windows.dll</ModulePath>
      <ModuleTime>2017-07-20T19:22:08Z</ModuleTime>
      <ModuleName>System.Security.Principal.Windows</ModuleName>
      <Classes />
    </Module>
    <Module skippedDueTo="Filter" hash="06-1D-EB-25-8C-25-B8-5F-BE-DD-77-DF-8D-A0-38-5F-DF-30-5B-07">
      <ModulePath>c:\program files\dotnet\shared\Microsoft.NETCore.App\2.0.0\SOS.NETCore.dll</ModulePath>
      <ModuleTime>2017-07-20T19:22:08Z</ModuleTime>
      <ModuleName>SOS.NETCore</ModuleName>
      <Classes />
    </Module>
    <Module skippedDueTo="Filter" hash="CD-43-5A-53-5F-46-5A-61-F0-49-BE-B7-F3-EA-0F-20-AD-1A-8D-C6">
      <ModulePath>c:\program files\dotnet\shared\Microsoft.NETCore.App\2.0.0\System.Buffers.dll</ModulePath>
      <ModuleTime>2017-07-20T19:22:06Z</ModuleTime>
      <ModuleName>System.Buffers</ModuleName>
      <Classes />
    </Module>
    <Module skippedDueTo="Filter" hash="B1-F6-FE-F4-3D-92-32-23-15-F5-F7-C9-04-1B-F8-AD-AF-D2-E4-C6">
      <ModulePath>c:\program files\dotnet\shared\Microsoft.NETCore.App\2.0.0\System.Collections.Immutable.dll</ModulePath>
      <ModuleTime>2017-07-20T19:22:06Z</ModuleTime>
      <ModuleName>System.Collections.Immutable</ModuleName>
      <Classes />
    </Module>
    <Module skippedDueTo="Filter" hash="11-29-0C-F8-CE-73-3F-3E-06-AF-A0-16-05-96-4D-5A-A7-6A-DF-C2">
      <ModulePath>c:\program files\dotnet\shared\Microsoft.NETCore.App\2.0.0\System.Collections.NonGeneric.dll</ModulePath>
      <ModuleTime>2017-07-20T19:22:06Z</ModuleTime>
      <ModuleName>System.Collections.NonGeneric</ModuleName>
      <Classes />
    </Module>
    <Module skippedDueTo="Filter" hash="97-2A-05-00-FE-F8-BD-9C-8F-E5-AA-09-D8-4C-F8-5A-92-46-C6-99">
      <ModulePath>c:\program files\dotnet\shared\Microsoft.NETCore.App\2.0.0\System.ComponentModel.Annotations.dll</ModulePath>
      <ModuleTime>2017-07-20T19:22:06Z</ModuleTime>
      <ModuleName>System.ComponentModel.Annotations</ModuleName>
      <Classes />
    </Module>
    <Module skippedDueTo="Filter" hash="9D-6F-68-BF-0D-B3-12-8F-D6-3F-89-A9-C0-4C-8C-E2-E6-1F-45-18">
      <ModulePath>c:\program files\dotnet\shared\Microsoft.NETCore.App\2.0.0\System.ComponentModel.Composition.dll</ModulePath>
      <ModuleTime>2017-07-20T19:22:06Z</ModuleTime>
      <ModuleName>System.ComponentModel.Composition</ModuleName>
      <Classes />
    </Module>
    <Module skippedDueTo="Filter" hash="7E-69-1E-4B-BE-0A-65-2F-36-F7-4C-4C-BD-79-A6-C4-1B-B5-9C-83">
      <ModulePath>c:\program files\dotnet\shared\Microsoft.NETCore.App\2.0.0\System.ComponentModel.DataAnnotations.dll</ModulePath>
      <ModuleTime>2017-07-20T19:22:06Z</ModuleTime>
      <ModuleName>System.ComponentModel.DataAnnotations</ModuleName>
      <Classes />
    </Module>
    <Module skippedDueTo="Filter" hash="5D-39-F4-7B-5C-01-C3-ED-B5-4E-52-D5-06-C4-FD-A9-72-C7-90-8B">
      <ModulePath>c:\program files\dotnet\shared\Microsoft.NETCore.App\2.0.0\System.Drawing.Primitives.dll</ModulePath>
      <ModuleTime>2017-07-20T19:22:06Z</ModuleTime>
      <ModuleName>System.Drawing.Primitives</ModuleName>
      <Classes />
    </Module>
    <Module skippedDueTo="Filter" hash="15-A3-21-6D-6B-D2-D7-93-E6-FF-1F-73-55-26-08-63-12-B3-D7-6D">
      <ModulePath>c:\program files\dotnet\shared\Microsoft.NETCore.App\2.0.0\System.Configuration.dll</ModulePath>
      <ModuleTime>2017-07-20T19:22:06Z</ModuleTime>
      <ModuleName>System.Configuration</ModuleName>
      <Classes />
    </Module>
    <Module skippedDueTo="Filter" hash="D3-3A-69-5C-05-78-C8-17-BB-09-A4-BD-D7-70-82-22-B2-6D-BC-42">
      <ModulePath>c:\program files\dotnet\shared\Microsoft.NETCore.App\2.0.0\System.Core.dll</ModulePath>
      <ModuleTime>2017-07-20T19:22:06Z</ModuleTime>
      <ModuleName>System.Core</ModuleName>
      <Classes />
    </Module>
    <Module skippedDueTo="Filter" hash="47-66-42-84-86-FC-35-BE-1F-C3-BC-47-14-02-3A-D2-5A-D8-44-63">
      <ModulePath>c:\program files\dotnet\shared\Microsoft.NETCore.App\2.0.0\System.Data.Common.dll</ModulePath>
      <ModuleTime>2017-07-20T19:22:06Z</ModuleTime>
      <ModuleName>System.Data.Common</ModuleName>
      <Classes />
    </Module>
    <Module skippedDueTo="Filter" hash="51-10-F7-1F-A8-58-D2-3F-13-F2-1F-A4-2B-DB-9D-D6-E2-C1-35-BB">
      <ModulePath>c:\program files\dotnet\shared\Microsoft.NETCore.App\2.0.0\System.Runtime.Numerics.dll</ModulePath>
      <ModuleTime>2017-07-20T19:22:08Z</ModuleTime>
      <ModuleName>System.Runtime.Numerics</ModuleName>
      <Classes />
    </Module>
    <Module skippedDueTo="Filter" hash="06-AA-F4-B0-D2-47-A8-C5-E5-6B-17-26-D5-2F-E7-FA-FB-A0-A0-6A">
      <ModulePath>c:\program files\dotnet\shared\Microsoft.NETCore.App\2.0.0\System.Data.dll</ModulePath>
      <ModuleTime>2017-07-20T19:22:06Z</ModuleTime>
      <ModuleName>System.Data</ModuleName>
      <Classes />
    </Module>
    <Module skippedDueTo="Filter" hash="F0-2B-CF-78-57-76-AB-7A-81-A0-05-54-7C-A9-AB-74-64-64-18-AD">
      <ModulePath>c:\program files\dotnet\shared\Microsoft.NETCore.App\2.0.0\System.Diagnostics.Contracts.dll</ModulePath>
      <ModuleTime>2017-07-20T19:22:06Z</ModuleTime>
      <ModuleName>System.Diagnostics.Contracts</ModuleName>
      <Classes />
    </Module>
    <Module skippedDueTo="Filter" hash="AE-65-E4-FB-FE-67-FA-05-AA-9C-A5-D5-B0-AF-33-CC-AF-92-9B-35">
      <ModulePath>c:\program files\dotnet\shared\Microsoft.NETCore.App\2.0.0\System.Diagnostics.DiagnosticSource.dll</ModulePath>
      <ModuleTime>2017-07-20T19:22:06Z</ModuleTime>
      <ModuleName>System.Diagnostics.DiagnosticSource</ModuleName>
      <Classes />
    </Module>
    <Module skippedDueTo="Filter" hash="1A-66-09-E2-D5-E4-83-D8-7E-2A-93-BE-1A-5C-12-EF-04-A0-6A-AE">
      <ModulePath>c:\program files\dotnet\shared\Microsoft.NETCore.App\2.0.0\System.Diagnostics.FileVersionInfo.dll</ModulePath>
      <ModuleTime>2017-07-20T19:22:06Z</ModuleTime>
      <ModuleName>System.Diagnostics.FileVersionInfo</ModuleName>
      <Classes />
    </Module>
    <Module skippedDueTo="Filter" hash="66-6B-27-9A-10-59-D5-AB-CD-9A-91-34-4B-EA-91-4F-A9-0B-11-35">
      <ModulePath>c:\program files\dotnet\shared\Microsoft.NETCore.App\2.0.0\System.Diagnostics.StackTrace.dll</ModulePath>
      <ModuleTime>2017-07-20T19:22:06Z</ModuleTime>
      <ModuleName>System.Diagnostics.StackTrace</ModuleName>
      <Classes />
    </Module>
    <Module skippedDueTo="Filter" hash="85-74-21-EC-76-BB-C4-A6-3A-AE-CE-60-C8-82-FC-E5-4F-88-33-73">
      <ModulePath>c:\program files\dotnet\shared\Microsoft.NETCore.App\2.0.0\System.Diagnostics.Tools.dll</ModulePath>
      <ModuleTime>2017-07-20T19:22:06Z</ModuleTime>
      <ModuleName>System.Diagnostics.Tools</ModuleName>
      <Classes />
    </Module>
    <Module skippedDueTo="Filter" hash="8A-FF-6C-22-07-05-1A-29-FC-B5-A5-D3-EE-4F-4A-C6-26-A4-19-50">
      <ModulePath>c:\program files\dotnet\shared\Microsoft.NETCore.App\2.0.0\System.Drawing.dll</ModulePath>
      <ModuleTime>2017-07-20T19:22:06Z</ModuleTime>
      <ModuleName>System.Drawing</ModuleName>
      <Classes />
    </Module>
    <Module skippedDueTo="Filter" hash="69-37-0E-95-1B-1D-21-75-87-3C-4D-0F-3D-EE-47-86-20-9A-87-2C">
      <ModulePath>c:\program files\dotnet\shared\Microsoft.NETCore.App\2.0.0\System.Globalization.Calendars.dll</ModulePath>
      <ModuleTime>2017-07-20T19:22:06Z</ModuleTime>
      <ModuleName>System.Globalization.Calendars</ModuleName>
      <Classes />
    </Module>
    <Module skippedDueTo="Filter" hash="96-0E-64-12-05-6B-1A-6F-4E-33-1D-1C-8D-6E-08-3E-3D-F4-AB-26">
      <ModulePath>c:\program files\dotnet\shared\Microsoft.NETCore.App\2.0.0\System.Globalization.Extensions.dll</ModulePath>
      <ModuleTime>2017-07-20T19:22:06Z</ModuleTime>
      <ModuleName>System.Globalization.Extensions</ModuleName>
      <Classes />
    </Module>
    <Module skippedDueTo="Filter" hash="54-38-98-4A-07-AF-25-F5-9A-58-C0-B7-6F-5D-C4-C3-E4-76-C7-2D">
      <ModulePath>c:\program files\dotnet\shared\Microsoft.NETCore.App\2.0.0\System.IO.Compression.FileSystem.dll</ModulePath>
      <ModuleTime>2017-07-20T19:22:06Z</ModuleTime>
      <ModuleName>System.IO.Compression.FileSystem</ModuleName>
      <Classes />
    </Module>
    <Module skippedDueTo="Filter" hash="AA-FC-55-12-DB-6F-ED-B0-10-45-A6-31-DF-26-DD-4F-C9-C6-46-AE">
      <ModulePath>c:\program files\dotnet\shared\Microsoft.NETCore.App\2.0.0\System.IO.Compression.ZipFile.dll</ModulePath>
      <ModuleTime>2017-07-20T19:22:06Z</ModuleTime>
      <ModuleName>System.IO.Compression.ZipFile</ModuleName>
      <Classes />
    </Module>
    <Module skippedDueTo="Filter" hash="EE-F7-12-04-F9-F9-02-18-2C-FA-A5-20-0B-E5-40-DC-C9-BA-47-4F">
      <ModulePath>c:\program files\dotnet\shared\Microsoft.NETCore.App\2.0.0\System.IO.Compression.dll</ModulePath>
      <ModuleTime>2017-07-20T19:22:06Z</ModuleTime>
      <ModuleName>System.IO.Compression</ModuleName>
      <Classes />
    </Module>
    <Module skippedDueTo="Filter" hash="AB-FF-0F-A2-21-39-6C-82-41-C3-EA-5C-90-6F-A1-16-4D-37-1C-BE">
      <ModulePath>c:\program files\dotnet\shared\Microsoft.NETCore.App\2.0.0\System.IO.FileSystem.AccessControl.dll</ModulePath>
      <ModuleTime>2017-07-20T19:22:06Z</ModuleTime>
      <ModuleName>System.IO.FileSystem.AccessControl</ModuleName>
      <Classes />
    </Module>
    <Module skippedDueTo="Filter" hash="3C-20-93-67-A6-B9-CB-93-DC-F2-4E-33-76-BE-B1-8C-E8-4E-73-6D">
      <ModulePath>c:\program files\dotnet\shared\Microsoft.NETCore.App\2.0.0\System.IO.FileSystem.DriveInfo.dll</ModulePath>
      <ModuleTime>2017-07-20T19:22:06Z</ModuleTime>
      <ModuleName>System.IO.FileSystem.DriveInfo</ModuleName>
      <Classes />
    </Module>
    <Module skippedDueTo="Filter" hash="B1-1B-8F-16-90-E6-AA-9E-0F-4C-D5-14-93-A8-CE-05-D7-19-FE-8B">
      <ModulePath>c:\program files\dotnet\shared\Microsoft.NETCore.App\2.0.0\System.IO.FileSystem.Watcher.dll</ModulePath>
      <ModuleTime>2017-07-20T19:22:06Z</ModuleTime>
      <ModuleName>System.IO.FileSystem.Watcher</ModuleName>
      <Classes />
    </Module>
    <Module skippedDueTo="Filter" hash="77-A3-3E-BF-19-90-5A-77-88-BE-FB-3F-CB-85-BD-CB-38-AE-AD-C5">
      <ModulePath>c:\program files\dotnet\shared\Microsoft.NETCore.App\2.0.0\System.IO.IsolatedStorage.dll</ModulePath>
      <ModuleTime>2017-07-20T19:22:06Z</ModuleTime>
      <ModuleName>System.IO.IsolatedStorage</ModuleName>
      <Classes />
    </Module>
    <Module skippedDueTo="Filter" hash="92-D8-BD-43-1E-47-8E-28-0A-44-C7-08-44-82-19-58-5E-AD-35-C9">
      <ModulePath>c:\program files\dotnet\shared\Microsoft.NETCore.App\2.0.0\System.IO.MemoryMappedFiles.dll</ModulePath>
      <ModuleTime>2017-07-20T19:22:06Z</ModuleTime>
      <ModuleName>System.IO.MemoryMappedFiles</ModuleName>
      <Classes />
    </Module>
    <Module skippedDueTo="Filter" hash="AF-73-3D-FE-BA-6E-52-0D-65-E4-88-C5-97-99-77-50-9A-D9-58-27">
      <ModulePath>c:\program files\dotnet\shared\Microsoft.NETCore.App\2.0.0\System.IO.Pipes.dll</ModulePath>
      <ModuleTime>2017-07-20T19:22:06Z</ModuleTime>
      <ModuleName>System.IO.Pipes</ModuleName>
      <Classes />
    </Module>
    <Module skippedDueTo="Filter" hash="C6-9D-19-4B-84-2B-3F-FD-C9-65-1E-FC-A1-D9-00-D3-70-15-50-61">
      <ModulePath>c:\program files\dotnet\shared\Microsoft.NETCore.App\2.0.0\System.Security.Principal.dll</ModulePath>
      <ModuleTime>2017-07-20T19:22:08Z</ModuleTime>
      <ModuleName>System.Security.Principal</ModuleName>
      <Classes />
    </Module>
    <Module skippedDueTo="Filter" hash="B0-59-15-0F-B3-07-7A-B3-19-64-1C-58-6D-59-76-4D-0B-B1-B0-02">
      <ModulePath>c:\program files\dotnet\shared\Microsoft.NETCore.App\2.0.0\System.IO.UnmanagedMemoryStream.dll</ModulePath>
      <ModuleTime>2017-07-20T19:22:06Z</ModuleTime>
      <ModuleName>System.IO.UnmanagedMemoryStream</ModuleName>
      <Classes />
    </Module>
    <Module skippedDueTo="Filter" hash="35-AC-5C-24-39-7B-60-5F-12-2A-B6-DF-4A-AB-6A-BD-48-6F-74-07">
      <ModulePath>c:\program files\dotnet\shared\Microsoft.NETCore.App\2.0.0\System.Linq.Parallel.dll</ModulePath>
      <ModuleTime>2017-07-20T19:22:06Z</ModuleTime>
      <ModuleName>System.Linq.Parallel</ModuleName>
      <Classes />
    </Module>
    <Module skippedDueTo="Filter" hash="0F-D8-AA-41-6E-B7-82-AD-6A-63-EB-5F-AE-04-63-37-CB-CC-9B-8A">
      <ModulePath>c:\program files\dotnet\shared\Microsoft.NETCore.App\2.0.0\System.Linq.Queryable.dll</ModulePath>
      <ModuleTime>2017-07-20T19:22:06Z</ModuleTime>
      <ModuleName>System.Linq.Queryable</ModuleName>
      <Classes />
    </Module>
    <Module skippedDueTo="Filter" hash="CD-6B-BC-AF-EF-21-6A-54-B4-B0-81-FD-3E-17-A9-EA-BA-D0-23-3D">
      <ModulePath>c:\program files\dotnet\shared\Microsoft.NETCore.App\2.0.0\System.Net.Http.dll</ModulePath>
      <ModuleTime>2017-07-20T19:22:06Z</ModuleTime>
      <ModuleName>System.Net.Http</ModuleName>
      <Classes />
    </Module>
    <Module skippedDueTo="Filter" hash="41-C5-E5-E2-42-D0-94-B2-7D-11-9D-E9-AC-0A-AD-FA-D4-D8-9C-4B">
      <ModulePath>c:\program files\dotnet\shared\Microsoft.NETCore.App\2.0.0\System.Net.HttpListener.dll</ModulePath>
      <ModuleTime>2017-07-20T19:22:08Z</ModuleTime>
      <ModuleName>System.Net.HttpListener</ModuleName>
      <Classes />
    </Module>
    <Module skippedDueTo="Filter" hash="7F-A9-8D-A6-A7-8C-E5-DE-0D-38-1B-11-5A-1C-12-BE-28-5D-75-2A">
      <ModulePath>c:\program files\dotnet\shared\Microsoft.NETCore.App\2.0.0\System.Security.Claims.dll</ModulePath>
      <ModuleTime>2017-07-20T19:22:08Z</ModuleTime>
      <ModuleName>System.Security.Claims</ModuleName>
      <Classes />
    </Module>
    <Module skippedDueTo="Filter" hash="9D-C4-F0-04-A3-4D-3C-94-19-57-0D-94-69-26-C1-0E-3B-25-B6-21">
      <ModulePath>c:\program files\dotnet\shared\Microsoft.NETCore.App\2.0.0\System.Net.WebSockets.dll</ModulePath>
      <ModuleTime>2017-07-20T19:22:08Z</ModuleTime>
      <ModuleName>System.Net.WebSockets</ModuleName>
      <Classes />
    </Module>
    <Module skippedDueTo="Filter" hash="91-60-3B-3F-5F-05-7D-37-19-D5-D1-B9-AC-10-CE-0C-EC-05-C1-40">
      <ModulePath>c:\program files\dotnet\shared\Microsoft.NETCore.App\2.0.0\System.Net.Mail.dll</ModulePath>
      <ModuleTime>2017-07-20T19:22:08Z</ModuleTime>
      <ModuleName>System.Net.Mail</ModuleName>
      <Classes />
    </Module>
    <Module skippedDueTo="Filter" hash="88-1A-7E-01-73-40-36-D6-D4-54-17-3B-C6-56-ED-EA-4D-BC-0E-D0">
      <ModulePath>c:\program files\dotnet\shared\Microsoft.NETCore.App\2.0.0\System.Net.NetworkInformation.dll</ModulePath>
      <ModuleTime>2017-07-20T19:22:08Z</ModuleTime>
      <ModuleName>System.Net.NetworkInformation</ModuleName>
      <Classes />
    </Module>
    <Module skippedDueTo="Filter" hash="99-89-A4-A5-79-7F-10-F4-D1-1D-55-9F-78-2A-52-B4-7B-4F-7F-36">
      <ModulePath>c:\program files\dotnet\shared\Microsoft.NETCore.App\2.0.0\System.Net.Ping.dll</ModulePath>
      <ModuleTime>2017-07-20T19:22:08Z</ModuleTime>
      <ModuleName>System.Net.Ping</ModuleName>
      <Classes />
    </Module>
    <Module skippedDueTo="Filter" hash="79-08-97-73-B1-D7-28-65-01-7A-66-8C-6B-1B-F6-D3-94-B4-62-A0">
      <ModulePath>c:\program files\dotnet\shared\Microsoft.NETCore.App\2.0.0\System.Net.Requests.dll</ModulePath>
      <ModuleTime>2017-07-20T19:22:08Z</ModuleTime>
      <ModuleName>System.Net.Requests</ModuleName>
      <Classes />
    </Module>
    <Module skippedDueTo="Filter" hash="F2-8B-59-E5-3E-E2-DC-1E-B5-78-17-1F-06-EC-67-F8-32-FF-36-CA">
      <ModulePath>c:\program files\dotnet\shared\Microsoft.NETCore.App\2.0.0\System.Net.Security.dll</ModulePath>
      <ModuleTime>2017-07-20T19:22:08Z</ModuleTime>
      <ModuleName>System.Net.Security</ModuleName>
      <Classes />
    </Module>
    <Module skippedDueTo="Filter" hash="CA-01-A0-3D-D3-FF-FF-70-C5-5D-77-B3-AE-79-41-C6-0C-51-19-B6">
      <ModulePath>c:\program files\dotnet\shared\Microsoft.NETCore.App\2.0.0\System.Net.ServicePoint.dll</ModulePath>
      <ModuleTime>2017-07-20T19:22:08Z</ModuleTime>
      <ModuleName>System.Net.ServicePoint</ModuleName>
      <Classes />
    </Module>
    <Module skippedDueTo="Filter" hash="D1-57-2E-8C-94-43-3E-E6-57-52-07-44-AE-75-C4-EA-F9-54-BA-E8">
      <ModulePath>c:\program files\dotnet\shared\Microsoft.NETCore.App\2.0.0\System.Net.WebClient.dll</ModulePath>
      <ModuleTime>2017-07-20T19:22:08Z</ModuleTime>
      <ModuleName>System.Net.WebClient</ModuleName>
      <Classes />
    </Module>
    <Module skippedDueTo="Filter" hash="AD-1D-9E-41-55-17-4B-33-00-37-18-A1-11-59-B4-2D-BF-92-A1-B3">
      <ModulePath>c:\program files\dotnet\shared\Microsoft.NETCore.App\2.0.0\System.Net.WebHeaderCollection.dll</ModulePath>
      <ModuleTime>2017-07-20T19:22:08Z</ModuleTime>
      <ModuleName>System.Net.WebHeaderCollection</ModuleName>
      <Classes />
    </Module>
    <Module skippedDueTo="Filter" hash="CF-01-57-2E-C4-4A-C1-DA-85-A6-14-FB-74-EB-57-FE-1D-80-D8-70">
      <ModulePath>c:\program files\dotnet\shared\Microsoft.NETCore.App\2.0.0\System.Net.WebProxy.dll</ModulePath>
      <ModuleTime>2017-07-20T19:22:08Z</ModuleTime>
      <ModuleName>System.Net.WebProxy</ModuleName>
      <Classes />
    </Module>
    <Module skippedDueTo="Filter" hash="97-DD-7B-25-FF-3F-54-13-6E-45-D6-BD-7A-CC-34-03-E2-18-CD-38">
      <ModulePath>c:\program files\dotnet\shared\Microsoft.NETCore.App\2.0.0\System.Net.WebSockets.Client.dll</ModulePath>
      <ModuleTime>2017-07-20T19:22:08Z</ModuleTime>
      <ModuleName>System.Net.WebSockets.Client</ModuleName>
      <Classes />
    </Module>
    <Module skippedDueTo="Filter" hash="90-FD-3B-D6-D7-2F-53-37-84-16-8A-64-78-66-74-3D-C1-7B-29-03">
      <ModulePath>c:\program files\dotnet\shared\Microsoft.NETCore.App\2.0.0\System.Net.dll</ModulePath>
      <ModuleTime>2017-07-20T19:22:08Z</ModuleTime>
      <ModuleName>System.Net</ModuleName>
      <Classes />
    </Module>
    <Module skippedDueTo="Filter" hash="A1-9D-25-05-AB-BA-97-94-6B-37-60-4D-ED-97-D9-45-D2-3F-08-01">
      <ModulePath>c:\program files\dotnet\shared\Microsoft.NETCore.App\2.0.0\System.Numerics.Vectors.dll</ModulePath>
      <ModuleTime>2017-07-20T19:22:08Z</ModuleTime>
      <ModuleName>System.Numerics.Vectors</ModuleName>
      <Classes />
    </Module>
    <Module skippedDueTo="Filter" hash="FB-18-C0-24-94-B4-3F-35-B9-4F-2A-28-B7-AA-61-B6-74-FE-60-8A">
      <ModulePath>c:\program files\dotnet\shared\Microsoft.NETCore.App\2.0.0\System.Numerics.dll</ModulePath>
      <ModuleTime>2017-07-20T19:22:08Z</ModuleTime>
      <ModuleName>System.Numerics</ModuleName>
      <Classes />
    </Module>
    <Module skippedDueTo="Filter" hash="55-8B-55-45-F8-F9-60-9C-55-C8-54-90-31-25-A6-6D-92-8B-BC-11">
      <ModulePath>c:\program files\dotnet\shared\Microsoft.NETCore.App\2.0.0\System.Private.DataContractSerialization.dll</ModulePath>
      <ModuleTime>2017-07-20T19:22:08Z</ModuleTime>
      <ModuleName>System.Private.DataContractSerialization</ModuleName>
      <Classes />
    </Module>
    <Module skippedDueTo="Filter" hash="E2-94-37-A4-D7-48-70-5E-EC-C3-D4-86-30-98-05-03-C7-10-EC-7E">
      <ModulePath>c:\program files\dotnet\shared\Microsoft.NETCore.App\2.0.0\System.Threading.Tasks.Extensions.dll</ModulePath>
      <ModuleTime>2017-07-20T19:22:08Z</ModuleTime>
      <ModuleName>System.Threading.Tasks.Extensions</ModuleName>
      <Classes />
    </Module>
    <Module skippedDueTo="Filter" hash="BA-7F-81-D0-D7-60-90-21-63-47-25-11-64-E4-64-92-AA-90-CA-97">
      <ModulePath>c:\program files\dotnet\shared\Microsoft.NETCore.App\2.0.0\System.Reflection.DispatchProxy.dll</ModulePath>
      <ModuleTime>2017-07-20T19:22:08Z</ModuleTime>
      <ModuleName>System.Reflection.DispatchProxy</ModuleName>
      <Classes />
    </Module>
    <Module skippedDueTo="Filter" hash="C1-EF-16-31-FD-F2-8B-39-B8-A9-51-90-AF-F5-30-0F-80-65-D5-64">
      <ModulePath>c:\program files\dotnet\shared\Microsoft.NETCore.App\2.0.0\System.Reflection.Emit.dll</ModulePath>
      <ModuleTime>2017-07-20T19:22:08Z</ModuleTime>
      <ModuleName>System.Reflection.Emit</ModuleName>
      <Classes />
    </Module>
    <Module skippedDueTo="Filter" hash="A0-72-53-FA-36-18-FB-FB-F8-17-22-67-D9-37-D8-0C-48-8C-D2-DE">
      <ModulePath>c:\program files\dotnet\shared\Microsoft.NETCore.App\2.0.0\System.Reflection.Metadata.dll</ModulePath>
      <ModuleTime>2017-07-20T19:22:08Z</ModuleTime>
      <ModuleName>System.Reflection.Metadata</ModuleName>
      <Classes />
    </Module>
    <Module skippedDueTo="Filter" hash="4A-A3-9A-94-A3-C6-3B-8F-C1-2F-D9-CC-68-D2-E4-8C-AE-50-F4-F1">
      <ModulePath>c:\program files\dotnet\shared\Microsoft.NETCore.App\2.0.0\System.Reflection.TypeExtensions.dll</ModulePath>
      <ModuleTime>2017-07-20T19:22:08Z</ModuleTime>
      <ModuleName>System.Reflection.TypeExtensions</ModuleName>
      <Classes />
    </Module>
    <Module skippedDueTo="Filter" hash="A3-B8-EE-A3-86-DC-F9-53-37-60-B2-16-7B-66-B4-0E-70-13-54-F9">
      <ModulePath>c:\program files\dotnet\shared\Microsoft.NETCore.App\2.0.0\System.Resources.Reader.dll</ModulePath>
      <ModuleTime>2017-07-20T19:22:08Z</ModuleTime>
      <ModuleName>System.Resources.Reader</ModuleName>
      <Classes />
    </Module>
    <Module skippedDueTo="Filter" hash="8F-C7-83-C7-C4-A3-BE-0A-18-B6-EF-4C-6A-1F-B1-52-30-F6-95-19">
      <ModulePath>c:\program files\dotnet\shared\Microsoft.NETCore.App\2.0.0\System.Resources.Writer.dll</ModulePath>
      <ModuleTime>2017-07-20T19:22:08Z</ModuleTime>
      <ModuleName>System.Resources.Writer</ModuleName>
      <Classes />
    </Module>
    <Module skippedDueTo="Filter" hash="7D-64-A8-AA-AE-F5-11-46-D6-73-51-7B-6D-C4-9A-6A-99-BE-AE-E6">
      <ModulePath>c:\program files\dotnet\shared\Microsoft.NETCore.App\2.0.0\System.Runtime.CompilerServices.VisualC.dll</ModulePath>
      <ModuleTime>2017-07-20T19:22:08Z</ModuleTime>
      <ModuleName>System.Runtime.CompilerServices.VisualC</ModuleName>
      <Classes />
    </Module>
    <Module skippedDueTo="Filter" hash="76-A3-0C-AD-28-11-DC-81-BA-2D-4B-C3-06-E4-74-7F-83-3A-B3-DF">
      <ModulePath>c:\program files\dotnet\shared\Microsoft.NETCore.App\2.0.0\System.Runtime.Handles.dll</ModulePath>
      <ModuleTime>2017-07-20T19:22:08Z</ModuleTime>
      <ModuleName>System.Runtime.Handles</ModuleName>
      <Classes />
    </Module>
    <Module skippedDueTo="Filter" hash="1C-C5-93-02-B9-A0-5A-A0-A2-A6-28-F3-B5-4E-C5-E2-DD-64-0A-BF">
      <ModulePath>c:\program files\dotnet\shared\Microsoft.NETCore.App\2.0.0\System.Runtime.InteropServices.WindowsRuntime.dll</ModulePath>
      <ModuleTime>2017-07-20T19:22:08Z</ModuleTime>
      <ModuleName>System.Runtime.InteropServices.WindowsRuntime</ModuleName>
      <Classes />
    </Module>
    <Module skippedDueTo="Filter" hash="70-74-BA-3B-15-BC-84-48-86-92-00-52-1A-14-98-31-F1-D0-D1-52">
      <ModulePath>c:\program files\dotnet\shared\Microsoft.NETCore.App\2.0.0\System.Runtime.Serialization.Formatters.dll</ModulePath>
      <ModuleTime>2017-07-20T19:22:08Z</ModuleTime>
      <ModuleName>System.Runtime.Serialization.Formatters</ModuleName>
      <Classes />
    </Module>
    <Module skippedDueTo="Filter" hash="4D-BF-C8-16-BC-64-AD-30-BB-D9-5B-A8-B6-4E-61-D6-A7-6B-0A-2D">
      <ModulePath>c:\program files\dotnet\shared\Microsoft.NETCore.App\2.0.0\System.Runtime.Serialization.Json.dll</ModulePath>
      <ModuleTime>2017-07-20T19:22:08Z</ModuleTime>
      <ModuleName>System.Runtime.Serialization.Json</ModuleName>
      <Classes />
    </Module>
    <Module skippedDueTo="Filter" hash="8F-0A-21-06-34-58-CD-52-39-42-7D-78-80-FF-F1-03-92-78-56-E7">
      <ModulePath>c:\program files\dotnet\shared\Microsoft.NETCore.App\2.0.0\System.Runtime.Serialization.Xml.dll</ModulePath>
      <ModuleTime>2017-07-20T19:22:08Z</ModuleTime>
      <ModuleName>System.Runtime.Serialization.Xml</ModuleName>
      <Classes />
    </Module>
    <Module skippedDueTo="Filter" hash="B6-B5-B9-FF-CF-7C-E2-5E-86-82-00-EB-75-C6-E2-44-43-74-D7-9C">
      <ModulePath>c:\program files\dotnet\shared\Microsoft.NETCore.App\2.0.0\System.Runtime.Serialization.dll</ModulePath>
      <ModuleTime>2017-07-20T19:22:08Z</ModuleTime>
      <ModuleName>System.Runtime.Serialization</ModuleName>
      <Classes />
    </Module>
    <Module skippedDueTo="Filter" hash="1D-2D-98-E4-A2-F2-43-8E-21-6C-72-DF-A8-3D-26-3C-24-D6-D9-12">
      <ModulePath>c:\program files\dotnet\shared\Microsoft.NETCore.App\2.0.0\System.Security.Cryptography.Algorithms.dll</ModulePath>
      <ModuleTime>2017-07-20T19:22:08Z</ModuleTime>
      <ModuleName>System.Security.Cryptography.Algorithms</ModuleName>
      <Classes />
    </Module>
    <Module skippedDueTo="Filter" hash="BC-AA-53-59-BB-0F-6D-18-E4-EA-6A-61-8B-1F-46-40-47-38-5F-FA">
      <ModulePath>c:\program files\dotnet\shared\Microsoft.NETCore.App\2.0.0\System.Security.Cryptography.Encoding.dll</ModulePath>
      <ModuleTime>2017-07-20T19:22:08Z</ModuleTime>
      <ModuleName>System.Security.Cryptography.Encoding</ModuleName>
      <Classes />
    </Module>
    <Module skippedDueTo="Filter" hash="C9-B1-4A-54-97-4E-1E-D7-82-8B-E9-17-E9-56-A6-83-32-BF-A1-41">
      <ModulePath>c:\program files\dotnet\shared\Microsoft.NETCore.App\2.0.0\System.Security.Cryptography.Primitives.dll</ModulePath>
      <ModuleTime>2017-07-20T19:22:08Z</ModuleTime>
      <ModuleName>System.Security.Cryptography.Primitives</ModuleName>
      <Classes />
    </Module>
    <Module skippedDueTo="Filter" hash="B4-3B-2F-2B-AC-96-64-77-67-49-4D-35-27-BA-DE-F1-02-90-43-11">
      <ModulePath>c:\program files\dotnet\shared\Microsoft.NETCore.App\2.0.0\System.Security.Cryptography.Cng.dll</ModulePath>
      <ModuleTime>2017-07-20T19:22:08Z</ModuleTime>
      <ModuleName>System.Security.Cryptography.Cng</ModuleName>
      <Classes />
    </Module>
    <Module skippedDueTo="Filter" hash="32-91-BD-13-CA-3B-AD-61-8F-54-84-2E-64-31-C3-B3-B0-46-1F-07">
      <ModulePath>c:\program files\dotnet\shared\Microsoft.NETCore.App\2.0.0\System.Security.Cryptography.Csp.dll</ModulePath>
      <ModuleTime>2017-07-20T19:22:08Z</ModuleTime>
      <ModuleName>System.Security.Cryptography.Csp</ModuleName>
      <Classes />
    </Module>
    <Module skippedDueTo="Filter" hash="56-6B-F8-5F-27-04-B0-AF-BE-AF-89-E6-51-79-21-97-38-56-54-99">
      <ModulePath>c:\program files\dotnet\shared\Microsoft.NETCore.App\2.0.0\System.Security.Cryptography.OpenSsl.dll</ModulePath>
      <ModuleTime>2017-07-20T19:22:08Z</ModuleTime>
      <ModuleName>System.Security.Cryptography.OpenSsl</ModuleName>
      <Classes />
    </Module>
    <Module skippedDueTo="Filter" hash="94-15-48-19-F1-3C-5A-72-8C-BC-69-73-B7-42-21-90-E4-5A-A9-B9">
      <ModulePath>c:\program files\dotnet\shared\Microsoft.NETCore.App\2.0.0\System.Security.Cryptography.X509Certificates.dll</ModulePath>
      <ModuleTime>2017-07-20T19:22:08Z</ModuleTime>
      <ModuleName>System.Security.Cryptography.X509Certificates</ModuleName>
      <Classes />
    </Module>
    <Module skippedDueTo="Filter" hash="F5-C4-7F-C0-42-C4-1C-80-23-49-A8-21-4C-7D-80-AD-D7-AB-0C-1F">
      <ModulePath>c:\program files\dotnet\shared\Microsoft.NETCore.App\2.0.0\System.Security.SecureString.dll</ModulePath>
      <ModuleTime>2017-07-20T19:22:08Z</ModuleTime>
      <ModuleName>System.Security.SecureString</ModuleName>
      <Classes />
    </Module>
    <Module skippedDueTo="Filter" hash="5A-DF-15-13-79-DA-1C-0F-5A-2F-A7-D3-D8-0F-B9-0D-7B-7C-65-6E">
      <ModulePath>c:\program files\dotnet\shared\Microsoft.NETCore.App\2.0.0\System.Security.dll</ModulePath>
      <ModuleTime>2017-07-20T19:22:08Z</ModuleTime>
      <ModuleName>System.Security</ModuleName>
      <Classes />
    </Module>
    <Module skippedDueTo="Filter" hash="C4-98-C0-84-22-FE-34-B5-73-86-69-1E-BA-73-C2-9F-68-56-18-C3">
      <ModulePath>c:\program files\dotnet\shared\Microsoft.NETCore.App\2.0.0\System.ServiceModel.Web.dll</ModulePath>
      <ModuleTime>2017-07-20T19:22:08Z</ModuleTime>
      <ModuleName>System.ServiceModel.Web</ModuleName>
      <Classes />
    </Module>
    <Module skippedDueTo="Filter" hash="E3-7E-AF-BD-C1-2E-DA-67-F0-63-03-31-5D-40-5C-E3-A5-01-94-A5">
      <ModulePath>c:\program files\dotnet\shared\Microsoft.NETCore.App\2.0.0\System.ServiceProcess.dll</ModulePath>
      <ModuleTime>2017-07-20T19:22:08Z</ModuleTime>
      <ModuleName>System.ServiceProcess</ModuleName>
      <Classes />
    </Module>
    <Module skippedDueTo="Filter" hash="D3-F6-1A-F1-57-F1-04-F9-6E-11-BB-94-3E-86-F5-C3-6D-06-04-E2">
      <ModulePath>c:\program files\dotnet\shared\Microsoft.NETCore.App\2.0.0\System.Text.Encoding.Extensions.dll</ModulePath>
      <ModuleTime>2017-07-20T19:22:08Z</ModuleTime>
      <ModuleName>System.Text.Encoding.Extensions</ModuleName>
      <Classes />
    </Module>
    <Module skippedDueTo="Filter" hash="DF-1D-D6-51-B7-A1-8A-53-06-A0-34-64-B1-6C-11-1E-7F-0F-CE-94">
      <ModulePath>c:\program files\dotnet\shared\Microsoft.NETCore.App\2.0.0\System.Threading.Tasks.Dataflow.dll</ModulePath>
      <ModuleTime>2017-07-20T19:22:08Z</ModuleTime>
      <ModuleName>System.Threading.Tasks.Dataflow</ModuleName>
      <Classes />
    </Module>
    <Module skippedDueTo="Filter" hash="B6-FC-94-10-86-08-B9-90-E1-BD-00-CD-34-8B-10-C2-1A-3F-8A-71">
      <ModulePath>c:\program files\dotnet\shared\Microsoft.NETCore.App\2.0.0\System.Threading.Tasks.Parallel.dll</ModulePath>
      <ModuleTime>2017-07-20T19:22:08Z</ModuleTime>
      <ModuleName>System.Threading.Tasks.Parallel</ModuleName>
      <Classes />
    </Module>
    <Module skippedDueTo="Filter" hash="DC-20-AE-D4-AA-4D-A5-BC-7A-8E-ED-32-9E-38-15-88-73-04-0F-D0">
      <ModulePath>c:\program files\dotnet\shared\Microsoft.NETCore.App\2.0.0\System.Transactions.Local.dll</ModulePath>
      <ModuleTime>2017-07-20T19:22:08Z</ModuleTime>
      <ModuleName>System.Transactions.Local</ModuleName>
      <Classes />
    </Module>
    <Module skippedDueTo="Filter" hash="10-42-81-AF-8F-81-9B-0B-76-B5-4B-B9-33-28-99-5C-B6-BA-9A-69">
      <ModulePath>c:\program files\dotnet\shared\Microsoft.NETCore.App\2.0.0\System.Transactions.dll</ModulePath>
      <ModuleTime>2017-07-20T19:22:08Z</ModuleTime>
      <ModuleName>System.Transactions</ModuleName>
      <Classes />
    </Module>
    <Module skippedDueTo="Filter" hash="B6-68-A5-33-5F-47-41-2E-78-DB-6D-8D-D5-0F-D8-CB-6B-B6-06-CA">
      <ModulePath>c:\program files\dotnet\shared\Microsoft.NETCore.App\2.0.0\System.ValueTuple.dll</ModulePath>
      <ModuleTime>2017-07-20T19:22:08Z</ModuleTime>
      <ModuleName>System.ValueTuple</ModuleName>
      <Classes />
    </Module>
    <Module skippedDueTo="Filter" hash="75-4D-A9-0F-B7-E7-EA-BF-10-D0-31-F9-AD-B2-DB-03-1D-94-E0-4A">
      <ModulePath>c:\program files\dotnet\shared\Microsoft.NETCore.App\2.0.0\System.Web.HttpUtility.dll</ModulePath>
      <ModuleTime>2017-07-20T19:22:08Z</ModuleTime>
      <ModuleName>System.Web.HttpUtility</ModuleName>
      <Classes />
    </Module>
    <Module skippedDueTo="Filter" hash="C8-65-5B-22-3B-0C-CF-D1-3D-8C-F1-E1-6F-22-78-FA-F9-08-00-0B">
      <ModulePath>c:\program files\dotnet\shared\Microsoft.NETCore.App\2.0.0\System.Web.dll</ModulePath>
      <ModuleTime>2017-07-20T19:22:08Z</ModuleTime>
      <ModuleName>System.Web</ModuleName>
      <Classes />
    </Module>
    <Module skippedDueTo="Filter" hash="51-B3-FC-5B-87-EC-9C-62-9F-36-92-DC-E2-3D-51-28-15-1E-F2-A1">
      <ModulePath>c:\program files\dotnet\shared\Microsoft.NETCore.App\2.0.0\System.Windows.dll</ModulePath>
      <ModuleTime>2017-07-20T19:22:08Z</ModuleTime>
      <ModuleName>System.Windows</ModuleName>
      <Classes />
    </Module>
    <Module skippedDueTo="Filter" hash="C2-5B-AF-DE-F7-7C-ED-8A-AF-64-F8-17-98-C6-B6-C0-38-3C-41-0E">
      <ModulePath>c:\program files\dotnet\shared\Microsoft.NETCore.App\2.0.0\System.Xml.Linq.dll</ModulePath>
      <ModuleTime>2017-07-20T19:22:08Z</ModuleTime>
      <ModuleName>System.Xml.Linq</ModuleName>
      <Classes />
    </Module>
    <Module skippedDueTo="Filter" hash="99-21-4F-E5-8E-19-A2-98-13-16-F7-47-0C-4F-C3-65-88-BF-24-D6">
      <ModulePath>c:\program files\dotnet\shared\Microsoft.NETCore.App\2.0.0\System.Xml.Serialization.dll</ModulePath>
      <ModuleTime>2017-07-20T19:22:08Z</ModuleTime>
      <ModuleName>System.Xml.Serialization</ModuleName>
      <Classes />
    </Module>
    <Module skippedDueTo="Filter" hash="28-3B-58-E9-44-D6-23-42-39-69-D0-A2-60-97-5C-FA-C1-76-00-61">
      <ModulePath>c:\program files\dotnet\shared\Microsoft.NETCore.App\2.0.0\System.Xml.XPath.XDocument.dll</ModulePath>
      <ModuleTime>2017-07-20T19:22:08Z</ModuleTime>
      <ModuleName>System.Xml.XPath.XDocument</ModuleName>
      <Classes />
    </Module>
    <Module skippedDueTo="Filter" hash="20-13-19-AB-57-70-E5-05-12-95-4A-16-93-9F-E0-53-B2-91-CC-4D">
      <ModulePath>c:\program files\dotnet\shared\Microsoft.NETCore.App\2.0.0\System.Xml.XmlSerializer.dll</ModulePath>
      <ModuleTime>2017-07-20T19:22:08Z</ModuleTime>
      <ModuleName>System.Xml.XmlSerializer</ModuleName>
      <Classes />
    </Module>
    <Module skippedDueTo="Filter" hash="5A-B9-30-51-D4-2B-2C-F8-39-A8-FA-E4-8F-86-C6-73-63-C0-01-0B">
      <ModulePath>c:\program files\dotnet\shared\Microsoft.NETCore.App\2.0.0\System.Xml.dll</ModulePath>
      <ModuleTime>2017-07-20T19:22:08Z</ModuleTime>
      <ModuleName>System.Xml</ModuleName>
      <Classes />
    </Module>
    <Module skippedDueTo="Filter" hash="D4-5E-98-CA-90-C3-9D-04-6C-D5-59-94-44-E1-FE-AF-94-0F-A6-D4">
      <ModulePath>c:\program files\dotnet\shared\Microsoft.NETCore.App\2.0.0\System.dll</ModulePath>
      <ModuleTime>2017-07-20T19:22:08Z</ModuleTime>
      <ModuleName>System</ModuleName>
      <Classes />
    </Module>
    <Module skippedDueTo="Filter" hash="86-E3-F9-3B-23-97-90-6D-A3-E4-58-A1-38-BE-8B-07-C5-8B-CD-F8">
      <ModulePath>c:\program files\dotnet\shared\Microsoft.NETCore.App\2.0.0\WindowsBase.dll</ModulePath>
      <ModuleTime>2017-07-20T19:22:08Z</ModuleTime>
      <ModuleName>WindowsBase</ModuleName>
      <Classes />
    </Module>
    <Module skippedDueTo="Filter" hash="4C-00-C3-A8-40-8E-1B-BF-17-51-E3-D6-2E-05-0F-85-97-79-C2-98">
      <ModulePath>c:\program files\dotnet\shared\Microsoft.NETCore.App\2.0.0\mscorlib.dll</ModulePath>
      <ModuleTime>2017-07-20T19:22:06Z</ModuleTime>
      <ModuleName>mscorlib</ModuleName>
      <Classes />
    </Module>
    <Module skippedDueTo="Filter" hash="4C-41-23-CC-68-44-BC-96-7A-9A-5F-43-91-98-C4-D2-3C-39-96-7D">
      <ModulePath>C:\Projetos\flepper\Flepper.Tests.Unit\bin\Debug\netcoreapp2.0\xunit.runner.reporters.netstandard15.dll</ModulePath>
      <ModuleTime>2017-02-19T18:24:26Z</ModuleTime>
      <ModuleName>xunit.runner.reporters.netstandard15</ModuleName>
      <Classes />
    </Module>
    <Module skippedDueTo="Filter" hash="">
      <ModulePath>RefEmit_InMemoryManifestModule</ModulePath>
      <ModuleTime>0001-01-01T00:00:00</ModuleTime>
      <ModuleName>Flepper.ParameterObjects</ModuleName>
      <Classes />
    </Module>
  </Modules>
</CoverageSession>